ARM GAS  C:\Users\Intern\AppData\Local\Temp\ccp9o11j.s 			page 1


   1              		.syntax unified
   2              		.cpu cortex-m0
   3              		.fpu softvfp
   4              		.eabi_attribute 20, 1
   5              		.eabi_attribute 21, 1
   6              		.eabi_attribute 23, 3
   7              		.eabi_attribute 24, 1
   8              		.eabi_attribute 25, 1
   9              		.eabi_attribute 26, 1
  10              		.eabi_attribute 30, 1
  11              		.eabi_attribute 34, 0
  12              		.eabi_attribute 18, 4
  13              		.thumb
  14              		.syntax unified
  15              		.file	"cyfitter_cfg.c"
  16              		.text
  17              	.Ltext0:
  18              		.cfi_sections	.debug_frame
  19              		.section	.text.CyClockStartupError,"ax",%progbits
  20              		.align	2
  21              		.code	16
  22              		.thumb_func
  23              		.type	CyClockStartupError, %function
  24              	CyClockStartupError:
  25              	.LFB5:
  26              		.file 1 "Generated_Source\\PSoC4\\cyfitter_cfg.c"
   1:Generated_Source\PSoC4/cyfitter_cfg.c **** 
   2:Generated_Source\PSoC4/cyfitter_cfg.c **** /*******************************************************************************
   3:Generated_Source\PSoC4/cyfitter_cfg.c **** * File Name: cyfitter_cfg.c
   4:Generated_Source\PSoC4/cyfitter_cfg.c **** * 
   5:Generated_Source\PSoC4/cyfitter_cfg.c **** * PSoC Creator  4.2
   6:Generated_Source\PSoC4/cyfitter_cfg.c **** *
   7:Generated_Source\PSoC4/cyfitter_cfg.c **** * Description:
   8:Generated_Source\PSoC4/cyfitter_cfg.c **** * This file contains device initialization code.
   9:Generated_Source\PSoC4/cyfitter_cfg.c **** * Except for the user defined sections in CyClockStartupError(), this file should not be modified.
  10:Generated_Source\PSoC4/cyfitter_cfg.c **** * This file is automatically generated by PSoC Creator.
  11:Generated_Source\PSoC4/cyfitter_cfg.c **** *
  12:Generated_Source\PSoC4/cyfitter_cfg.c **** ********************************************************************************
  13:Generated_Source\PSoC4/cyfitter_cfg.c **** * Copyright (c) 2007-2018 Cypress Semiconductor.  All rights reserved.
  14:Generated_Source\PSoC4/cyfitter_cfg.c **** * You may use this file only in accordance with the license, terms, conditions, 
  15:Generated_Source\PSoC4/cyfitter_cfg.c **** * disclaimers, and limitations in the end user license agreement accompanying 
  16:Generated_Source\PSoC4/cyfitter_cfg.c **** * the software package with which this file was provided.
  17:Generated_Source\PSoC4/cyfitter_cfg.c **** ********************************************************************************/
  18:Generated_Source\PSoC4/cyfitter_cfg.c **** 
  19:Generated_Source\PSoC4/cyfitter_cfg.c **** #include <string.h>
  20:Generated_Source\PSoC4/cyfitter_cfg.c **** #include "cytypes.h"
  21:Generated_Source\PSoC4/cyfitter_cfg.c **** #include "cydevice_trm.h"
  22:Generated_Source\PSoC4/cyfitter_cfg.c **** #include "cyfitter.h"
  23:Generated_Source\PSoC4/cyfitter_cfg.c **** #include "CyLib.h"
  24:Generated_Source\PSoC4/cyfitter_cfg.c **** #include "cyfitter_cfg.h"
  25:Generated_Source\PSoC4/cyfitter_cfg.c **** 
  26:Generated_Source\PSoC4/cyfitter_cfg.c **** #define CY_NEED_CYCLOCKSTARTUPERROR 1
  27:Generated_Source\PSoC4/cyfitter_cfg.c **** 
  28:Generated_Source\PSoC4/cyfitter_cfg.c **** 
  29:Generated_Source\PSoC4/cyfitter_cfg.c **** #if defined(__GNUC__) || defined(__ARMCC_VERSION)
  30:Generated_Source\PSoC4/cyfitter_cfg.c ****     #define CYPACKED 
  31:Generated_Source\PSoC4/cyfitter_cfg.c ****     #define CYPACKED_ATTR __attribute__ ((packed))
ARM GAS  C:\Users\Intern\AppData\Local\Temp\ccp9o11j.s 			page 2


  32:Generated_Source\PSoC4/cyfitter_cfg.c ****     #define CYALIGNED __attribute__ ((aligned))
  33:Generated_Source\PSoC4/cyfitter_cfg.c ****     #define CY_CFG_UNUSED __attribute__ ((unused))
  34:Generated_Source\PSoC4/cyfitter_cfg.c ****     #ifndef CY_CFG_SECTION
  35:Generated_Source\PSoC4/cyfitter_cfg.c ****         #define CY_CFG_SECTION __attribute__ ((section(".psocinit")))
  36:Generated_Source\PSoC4/cyfitter_cfg.c ****     #endif
  37:Generated_Source\PSoC4/cyfitter_cfg.c ****     
  38:Generated_Source\PSoC4/cyfitter_cfg.c ****     #if defined(__ARMCC_VERSION)
  39:Generated_Source\PSoC4/cyfitter_cfg.c ****         #define CY_CFG_MEMORY_BARRIER() __memory_changed()
  40:Generated_Source\PSoC4/cyfitter_cfg.c ****     #else
  41:Generated_Source\PSoC4/cyfitter_cfg.c ****         #define CY_CFG_MEMORY_BARRIER() __sync_synchronize()
  42:Generated_Source\PSoC4/cyfitter_cfg.c ****     #endif
  43:Generated_Source\PSoC4/cyfitter_cfg.c ****     
  44:Generated_Source\PSoC4/cyfitter_cfg.c **** #elif defined(__ICCARM__)
  45:Generated_Source\PSoC4/cyfitter_cfg.c ****     #include <intrinsics.h>
  46:Generated_Source\PSoC4/cyfitter_cfg.c **** 
  47:Generated_Source\PSoC4/cyfitter_cfg.c ****     #define CYPACKED __packed
  48:Generated_Source\PSoC4/cyfitter_cfg.c ****     #define CYPACKED_ATTR 
  49:Generated_Source\PSoC4/cyfitter_cfg.c ****     #define CYALIGNED _Pragma("data_alignment=4")
  50:Generated_Source\PSoC4/cyfitter_cfg.c ****     #define CY_CFG_UNUSED _Pragma("diag_suppress=Pe177")
  51:Generated_Source\PSoC4/cyfitter_cfg.c ****     #define CY_CFG_SECTION _Pragma("location=\".psocinit\"")
  52:Generated_Source\PSoC4/cyfitter_cfg.c ****     
  53:Generated_Source\PSoC4/cyfitter_cfg.c ****     #define CY_CFG_MEMORY_BARRIER() __DMB()
  54:Generated_Source\PSoC4/cyfitter_cfg.c ****     
  55:Generated_Source\PSoC4/cyfitter_cfg.c **** #else
  56:Generated_Source\PSoC4/cyfitter_cfg.c ****     #error Unsupported toolchain
  57:Generated_Source\PSoC4/cyfitter_cfg.c **** #endif
  58:Generated_Source\PSoC4/cyfitter_cfg.c **** 
  59:Generated_Source\PSoC4/cyfitter_cfg.c **** #ifndef CYCODE
  60:Generated_Source\PSoC4/cyfitter_cfg.c ****     #define CYCODE
  61:Generated_Source\PSoC4/cyfitter_cfg.c **** #endif
  62:Generated_Source\PSoC4/cyfitter_cfg.c **** #ifndef CYDATA
  63:Generated_Source\PSoC4/cyfitter_cfg.c ****     #define CYDATA
  64:Generated_Source\PSoC4/cyfitter_cfg.c **** #endif
  65:Generated_Source\PSoC4/cyfitter_cfg.c **** #ifndef CYFAR
  66:Generated_Source\PSoC4/cyfitter_cfg.c ****     #define CYFAR
  67:Generated_Source\PSoC4/cyfitter_cfg.c **** #endif
  68:Generated_Source\PSoC4/cyfitter_cfg.c **** #ifndef CYXDATA
  69:Generated_Source\PSoC4/cyfitter_cfg.c ****     #define CYXDATA
  70:Generated_Source\PSoC4/cyfitter_cfg.c **** #endif
  71:Generated_Source\PSoC4/cyfitter_cfg.c **** 
  72:Generated_Source\PSoC4/cyfitter_cfg.c **** 
  73:Generated_Source\PSoC4/cyfitter_cfg.c **** CY_CFG_UNUSED
  74:Generated_Source\PSoC4/cyfitter_cfg.c **** static void CYMEMZERO(void *s, size_t n);
  75:Generated_Source\PSoC4/cyfitter_cfg.c **** CY_CFG_UNUSED
  76:Generated_Source\PSoC4/cyfitter_cfg.c **** static void CYMEMZERO(void *s, size_t n)
  77:Generated_Source\PSoC4/cyfitter_cfg.c **** {
  78:Generated_Source\PSoC4/cyfitter_cfg.c **** 	(void)memset(s, 0, n);
  79:Generated_Source\PSoC4/cyfitter_cfg.c **** }
  80:Generated_Source\PSoC4/cyfitter_cfg.c **** CY_CFG_UNUSED
  81:Generated_Source\PSoC4/cyfitter_cfg.c **** static void CYCONFIGCPY(void *dest, const void *src, size_t n);
  82:Generated_Source\PSoC4/cyfitter_cfg.c **** CY_CFG_UNUSED
  83:Generated_Source\PSoC4/cyfitter_cfg.c **** static void CYCONFIGCPY(void *dest, const void *src, size_t n)
  84:Generated_Source\PSoC4/cyfitter_cfg.c **** {
  85:Generated_Source\PSoC4/cyfitter_cfg.c **** 	(void)memcpy(dest, src, n);
  86:Generated_Source\PSoC4/cyfitter_cfg.c **** }
  87:Generated_Source\PSoC4/cyfitter_cfg.c **** CY_CFG_UNUSED
  88:Generated_Source\PSoC4/cyfitter_cfg.c **** static void CYCONFIGCPYCODE(void *dest, const void *src, size_t n);
ARM GAS  C:\Users\Intern\AppData\Local\Temp\ccp9o11j.s 			page 3


  89:Generated_Source\PSoC4/cyfitter_cfg.c **** CY_CFG_UNUSED
  90:Generated_Source\PSoC4/cyfitter_cfg.c **** static void CYCONFIGCPYCODE(void *dest, const void *src, size_t n)
  91:Generated_Source\PSoC4/cyfitter_cfg.c **** {
  92:Generated_Source\PSoC4/cyfitter_cfg.c **** 	(void)memcpy(dest, src, n);
  93:Generated_Source\PSoC4/cyfitter_cfg.c **** }
  94:Generated_Source\PSoC4/cyfitter_cfg.c **** 
  95:Generated_Source\PSoC4/cyfitter_cfg.c **** 
  96:Generated_Source\PSoC4/cyfitter_cfg.c **** 
  97:Generated_Source\PSoC4/cyfitter_cfg.c **** 
  98:Generated_Source\PSoC4/cyfitter_cfg.c **** /* Clock startup error codes                                                   */
  99:Generated_Source\PSoC4/cyfitter_cfg.c **** #define CYCLOCKSTART_NO_ERROR    0u
 100:Generated_Source\PSoC4/cyfitter_cfg.c **** #define CYCLOCKSTART_XTAL_ERROR  1u
 101:Generated_Source\PSoC4/cyfitter_cfg.c **** #define CYCLOCKSTART_32KHZ_ERROR 2u
 102:Generated_Source\PSoC4/cyfitter_cfg.c **** #define CYCLOCKSTART_PLL_ERROR   3u
 103:Generated_Source\PSoC4/cyfitter_cfg.c **** #define CYCLOCKSTART_FLL_ERROR   4u
 104:Generated_Source\PSoC4/cyfitter_cfg.c **** #define CYCLOCKSTART_WCO_ERROR   5u
 105:Generated_Source\PSoC4/cyfitter_cfg.c **** 
 106:Generated_Source\PSoC4/cyfitter_cfg.c **** 
 107:Generated_Source\PSoC4/cyfitter_cfg.c **** #ifdef CY_NEED_CYCLOCKSTARTUPERROR
 108:Generated_Source\PSoC4/cyfitter_cfg.c **** /*******************************************************************************
 109:Generated_Source\PSoC4/cyfitter_cfg.c **** * Function Name: CyClockStartupError
 110:Generated_Source\PSoC4/cyfitter_cfg.c **** ********************************************************************************
 111:Generated_Source\PSoC4/cyfitter_cfg.c **** * Summary:
 112:Generated_Source\PSoC4/cyfitter_cfg.c **** *  If an error is encountered during clock configuration (crystal startup error,
 113:Generated_Source\PSoC4/cyfitter_cfg.c **** *  PLL lock error, etc.), the system will end up here.  Unless reimplemented by
 114:Generated_Source\PSoC4/cyfitter_cfg.c **** *  the customer, this function will stop in an infinite loop.
 115:Generated_Source\PSoC4/cyfitter_cfg.c **** *
 116:Generated_Source\PSoC4/cyfitter_cfg.c **** * Parameters:
 117:Generated_Source\PSoC4/cyfitter_cfg.c **** *   void
 118:Generated_Source\PSoC4/cyfitter_cfg.c **** *
 119:Generated_Source\PSoC4/cyfitter_cfg.c **** * Return:
 120:Generated_Source\PSoC4/cyfitter_cfg.c **** *   void
 121:Generated_Source\PSoC4/cyfitter_cfg.c **** *
 122:Generated_Source\PSoC4/cyfitter_cfg.c **** *******************************************************************************/
 123:Generated_Source\PSoC4/cyfitter_cfg.c **** CY_CFG_UNUSED
 124:Generated_Source\PSoC4/cyfitter_cfg.c **** static void CyClockStartupError(uint8 errorCode);
 125:Generated_Source\PSoC4/cyfitter_cfg.c **** CY_CFG_UNUSED
 126:Generated_Source\PSoC4/cyfitter_cfg.c **** static void CyClockStartupError(uint8 errorCode)
 127:Generated_Source\PSoC4/cyfitter_cfg.c **** {
  27              		.loc 1 127 0
  28              		.cfi_startproc
  29              		@ Volatile: function does not return.
  30              		@ args = 0, pretend = 0, frame = 0
  31              		@ frame_needed = 0, uses_anonymous_args = 0
  32              		@ link register save eliminated.
  33              	.LVL0:
  34              	.L2:
  35 0000 FEE7     		b	.L2
  36              		.cfi_endproc
  37              	.LFE5:
  38              		.size	CyClockStartupError, .-CyClockStartupError
  39 0002 C046     		.section	.text.CYMEMZERO,"ax",%progbits
  40              		.align	2
  41              		.code	16
  42              		.thumb_func
  43              		.type	CYMEMZERO, %function
  44              	CYMEMZERO:
ARM GAS  C:\Users\Intern\AppData\Local\Temp\ccp9o11j.s 			page 4


  45              	.LFB2:
  77:Generated_Source\PSoC4/cyfitter_cfg.c **** 	(void)memset(s, 0, n);
  46              		.loc 1 77 0
  47              		.cfi_startproc
  48              		@ args = 0, pretend = 0, frame = 0
  49              		@ frame_needed = 0, uses_anonymous_args = 0
  50              	.LVL1:
  77:Generated_Source\PSoC4/cyfitter_cfg.c **** 	(void)memset(s, 0, n);
  51              		.loc 1 77 0
  52 0000 10B5     		push	{r4, lr}
  53              		.cfi_def_cfa_offset 8
  54              		.cfi_offset 4, -8
  55              		.cfi_offset 14, -4
  56 0002 0A00     		movs	r2, r1
  78:Generated_Source\PSoC4/cyfitter_cfg.c **** }
  57              		.loc 1 78 0
  58 0004 0021     		movs	r1, #0
  59              	.LVL2:
  60 0006 FFF7FEFF 		bl	memset
  61              	.LVL3:
  79:Generated_Source\PSoC4/cyfitter_cfg.c **** CY_CFG_UNUSED
  62              		.loc 1 79 0
  63              		@ sp needed
  64 000a 10BD     		pop	{r4, pc}
  65              		.cfi_endproc
  66              	.LFE2:
  67              		.size	CYMEMZERO, .-CYMEMZERO
  68              		.section	.psocinit,"ax",%progbits
  69              		.align	2
  70              		.code	16
  71              		.thumb_func
  72              		.type	ClockSetup, %function
  73              	ClockSetup:
  74              	.LFB6:
 128:Generated_Source\PSoC4/cyfitter_cfg.c ****     /* To remove the compiler warning if errorCode not used.                */
 129:Generated_Source\PSoC4/cyfitter_cfg.c ****     errorCode = errorCode;
 130:Generated_Source\PSoC4/cyfitter_cfg.c **** 
 131:Generated_Source\PSoC4/cyfitter_cfg.c ****     /* If we have a clock startup error (bad MHz crystal, PLL lock, etc.),  */
 132:Generated_Source\PSoC4/cyfitter_cfg.c ****     /* we will end up here to allow the customer to implement something to  */
 133:Generated_Source\PSoC4/cyfitter_cfg.c ****     /* deal with the clock condition.                                       */
 134:Generated_Source\PSoC4/cyfitter_cfg.c **** 
 135:Generated_Source\PSoC4/cyfitter_cfg.c **** #ifdef CY_CFG_CLOCK_STARTUP_ERROR_CALLBACK
 136:Generated_Source\PSoC4/cyfitter_cfg.c ****     CY_CFG_Clock_Startup_ErrorCallback();
 137:Generated_Source\PSoC4/cyfitter_cfg.c **** #else
 138:Generated_Source\PSoC4/cyfitter_cfg.c ****     /*  If not using CY_CFG_CLOCK_STARTUP_ERROR_CALLBACK, place your clock startup code here. */
 139:Generated_Source\PSoC4/cyfitter_cfg.c ****     /* `#START CyClockStartupError` */
 140:Generated_Source\PSoC4/cyfitter_cfg.c **** 
 141:Generated_Source\PSoC4/cyfitter_cfg.c **** 
 142:Generated_Source\PSoC4/cyfitter_cfg.c **** 
 143:Generated_Source\PSoC4/cyfitter_cfg.c ****     /* `#END` */
 144:Generated_Source\PSoC4/cyfitter_cfg.c **** 
 145:Generated_Source\PSoC4/cyfitter_cfg.c ****     while(1) {}
 146:Generated_Source\PSoC4/cyfitter_cfg.c **** #endif /* CY_CFG_CLOCK_STARTUP_ERROR_CALLBACK */
 147:Generated_Source\PSoC4/cyfitter_cfg.c **** }
 148:Generated_Source\PSoC4/cyfitter_cfg.c **** #endif
 149:Generated_Source\PSoC4/cyfitter_cfg.c **** 
 150:Generated_Source\PSoC4/cyfitter_cfg.c **** 
ARM GAS  C:\Users\Intern\AppData\Local\Temp\ccp9o11j.s 			page 5


 151:Generated_Source\PSoC4/cyfitter_cfg.c **** 
 152:Generated_Source\PSoC4/cyfitter_cfg.c **** /*******************************************************************************
 153:Generated_Source\PSoC4/cyfitter_cfg.c **** * Function Name: ClockSetup
 154:Generated_Source\PSoC4/cyfitter_cfg.c **** ********************************************************************************
 155:Generated_Source\PSoC4/cyfitter_cfg.c **** *
 156:Generated_Source\PSoC4/cyfitter_cfg.c **** * Summary:
 157:Generated_Source\PSoC4/cyfitter_cfg.c **** *   Performs the initialization of all of the clocks in the device based on the
 158:Generated_Source\PSoC4/cyfitter_cfg.c **** *   settings in the Clock tab of the DWR.  This includes enabling the requested
 159:Generated_Source\PSoC4/cyfitter_cfg.c **** *   clocks and setting the necessary dividers to produce the desired frequency. 
 160:Generated_Source\PSoC4/cyfitter_cfg.c **** *
 161:Generated_Source\PSoC4/cyfitter_cfg.c **** * Parameters:
 162:Generated_Source\PSoC4/cyfitter_cfg.c **** *   void
 163:Generated_Source\PSoC4/cyfitter_cfg.c **** *
 164:Generated_Source\PSoC4/cyfitter_cfg.c **** * Return:
 165:Generated_Source\PSoC4/cyfitter_cfg.c **** *   void
 166:Generated_Source\PSoC4/cyfitter_cfg.c **** *
 167:Generated_Source\PSoC4/cyfitter_cfg.c **** *******************************************************************************/
 168:Generated_Source\PSoC4/cyfitter_cfg.c **** static void ClockSetup(void);
 169:Generated_Source\PSoC4/cyfitter_cfg.c **** CY_CFG_SECTION
 170:Generated_Source\PSoC4/cyfitter_cfg.c **** static void ClockSetup(void)
 171:Generated_Source\PSoC4/cyfitter_cfg.c **** {
  75              		.loc 1 171 0
  76              		.cfi_startproc
  77              		@ args = 0, pretend = 0, frame = 0
  78              		@ frame_needed = 0, uses_anonymous_args = 0
  79 0000 10B5     		push	{r4, lr}
  80              		.cfi_def_cfa_offset 8
  81              		.cfi_offset 4, -8
  82              		.cfi_offset 14, -4
 172:Generated_Source\PSoC4/cyfitter_cfg.c **** 	uint8 ecoStatus;
 173:Generated_Source\PSoC4/cyfitter_cfg.c **** 
 174:Generated_Source\PSoC4/cyfitter_cfg.c **** 	/* Set Flash Cycles based on max possible frequency in case a glitch occurs during ClockSetup(). *
 175:Generated_Source\PSoC4/cyfitter_cfg.c **** 	CY_SET_REG32((void CYXDATA *)(CYREG_CPUSS_FLASH_CTL), (0x0012u));
  83              		.loc 1 175 0
  84 0002 1222     		movs	r2, #18
  85 0004 2C4B     		ldr	r3, .L6
  86 0006 1A60     		str	r2, [r3]
 176:Generated_Source\PSoC4/cyfitter_cfg.c **** 
 177:Generated_Source\PSoC4/cyfitter_cfg.c **** 	/* Start the WCO */
 178:Generated_Source\PSoC4/cyfitter_cfg.c **** 	CySysClkWcoStart();
  87              		.loc 1 178 0
  88 0008 FFF7FEFF 		bl	CySysClkWcoStart
  89              	.LVL4:
 179:Generated_Source\PSoC4/cyfitter_cfg.c **** 	CyDelayCycles(12000000u); /* WCO may take up to 500ms to start */
  90              		.loc 1 179 0
  91 000c 2B48     		ldr	r0, .L6+4
  92 000e FFF7FEFF 		bl	CyDelayCycles
  93              	.LVL5:
 180:Generated_Source\PSoC4/cyfitter_cfg.c **** 	(void)CySysClkWcoSetPowerMode(CY_SYS_CLK_WCO_LPM);    /* Switch to the low power mode */
  94              		.loc 1 180 0
  95 0012 0120     		movs	r0, #1
  96 0014 FFF7FEFF 		bl	CySysClkWcoSetPowerMode
  97              	.LVL6:
 181:Generated_Source\PSoC4/cyfitter_cfg.c **** 
 182:Generated_Source\PSoC4/cyfitter_cfg.c **** 	/* Setup and trim IMO based on desired frequency. */
 183:Generated_Source\PSoC4/cyfitter_cfg.c **** 	CySysClkWriteImoFreq(48u);
  98              		.loc 1 183 0
ARM GAS  C:\Users\Intern\AppData\Local\Temp\ccp9o11j.s 			page 6


  99 0018 3020     		movs	r0, #48
 100 001a FFF7FEFF 		bl	CySysClkWriteImoFreq
 101              	.LVL7:
 184:Generated_Source\PSoC4/cyfitter_cfg.c **** 	/* CYDEV_WDT_CONFIG Starting address: CYDEV_WDT_CONFIG */
 185:Generated_Source\PSoC4/cyfitter_cfg.c **** 	CY_SET_REG32((void *)(CYREG_WDT_CONFIG), 0x40000000u);
 102              		.loc 1 185 0
 103 001e 8022     		movs	r2, #128
 104 0020 D205     		lsls	r2, r2, #23
 105 0022 274B     		ldr	r3, .L6+8
 106 0024 1A60     		str	r2, [r3]
 186:Generated_Source\PSoC4/cyfitter_cfg.c **** 
 187:Generated_Source\PSoC4/cyfitter_cfg.c **** 
 188:Generated_Source\PSoC4/cyfitter_cfg.c **** 	/* Enable fast start mode for XO */
 189:Generated_Source\PSoC4/cyfitter_cfg.c **** 	CY_SET_REG32((void*)CYREG_BLE_BLERD_BB_XO, CY_GET_REG32((void*)CYREG_BLE_BLERD_BB_XO) | (uint32)0x
 107              		.loc 1 189 0
 108 0026 274A     		ldr	r2, .L6+12
 109 0028 1168     		ldr	r1, [r2]
 110 002a 0223     		movs	r3, #2
 111 002c 0B43     		orrs	r3, r1
 112 002e 1360     		str	r3, [r2]
 190:Generated_Source\PSoC4/cyfitter_cfg.c **** 	CY_SET_REG32((void *)(CYREG_BLE_BLERD_BB_XO_CAPTRIM), 0x00003E2Du);
 113              		.loc 1 190 0
 114 0030 254A     		ldr	r2, .L6+16
 115 0032 264B     		ldr	r3, .L6+20
 116 0034 1A60     		str	r2, [r3]
 191:Generated_Source\PSoC4/cyfitter_cfg.c **** 	/*Set XTAL(ECO) divider*/
 192:Generated_Source\PSoC4/cyfitter_cfg.c **** 	CY_SET_REG32((void *)(CYREG_BLE_BLESS_XTAL_CLK_DIV_CONFIG), 0x00000000u);
 117              		.loc 1 192 0
 118 0036 0022     		movs	r2, #0
 119 0038 254B     		ldr	r3, .L6+24
 120 003a 1A60     		str	r2, [r3]
 193:Generated_Source\PSoC4/cyfitter_cfg.c **** 	/* Disable Crystal Stable Interrupt before enabling ECO */
 194:Generated_Source\PSoC4/cyfitter_cfg.c **** 	CY_SET_REG32((void*)CYREG_BLE_BLESS_LL_DSM_CTRL, CY_GET_REG32((void*)CYREG_BLE_BLESS_LL_DSM_CTRL) 
 121              		.loc 1 194 0
 122 003c 254A     		ldr	r2, .L6+28
 123 003e 1368     		ldr	r3, [r2]
 124 0040 0821     		movs	r1, #8
 125 0042 8B43     		bics	r3, r1
 126 0044 1360     		str	r3, [r2]
 195:Generated_Source\PSoC4/cyfitter_cfg.c **** 	/* Start the ECO and check status since it is needed for HFCLK */
 196:Generated_Source\PSoC4/cyfitter_cfg.c **** 	ecoStatus = CySysClkEcoStart(2000u);
 127              		.loc 1 196 0
 128 0046 FA20     		movs	r0, #250
 129 0048 C000     		lsls	r0, r0, #3
 130 004a FFF7FEFF 		bl	CySysClkEcoStart
 131              	.LVL8:
 132 004e C0B2     		uxtb	r0, r0
 133              	.LVL9:
 197:Generated_Source\PSoC4/cyfitter_cfg.c **** 	if (ecoStatus != CYRET_SUCCESS)
 134              		.loc 1 197 0
 135 0050 0028     		cmp	r0, #0
 136 0052 02D0     		beq	.L5
 198:Generated_Source\PSoC4/cyfitter_cfg.c **** 	{
 199:Generated_Source\PSoC4/cyfitter_cfg.c **** 		CyClockStartupError(CYCLOCKSTART_XTAL_ERROR);
 137              		.loc 1 199 0
 138 0054 0120     		movs	r0, #1
 139              	.LVL10:
ARM GAS  C:\Users\Intern\AppData\Local\Temp\ccp9o11j.s 			page 7


 140 0056 FFF7FEFF 		bl	CyClockStartupError
 141              	.LVL11:
 142              	.L5:
 200:Generated_Source\PSoC4/cyfitter_cfg.c **** 	}
 201:Generated_Source\PSoC4/cyfitter_cfg.c **** 	CyDelayUs(1500u); /* Wait to stabilize */
 143              		.loc 1 201 0
 144 005a 1F48     		ldr	r0, .L6+32
 145              	.LVL12:
 146 005c FFF7FEFF 		bl	CyDelayUs
 147              	.LVL13:
 202:Generated_Source\PSoC4/cyfitter_cfg.c **** 
 203:Generated_Source\PSoC4/cyfitter_cfg.c **** 	/* Setup phase aligned clocks */
 204:Generated_Source\PSoC4/cyfitter_cfg.c **** 	CY_SET_REG32((void *)CYREG_PERI_DIV_16_CTL1, 0x00001300u);
 148              		.loc 1 204 0
 149 0060 9822     		movs	r2, #152
 150 0062 5201     		lsls	r2, r2, #5
 151 0064 1D4B     		ldr	r3, .L6+36
 152 0066 1A60     		str	r2, [r3]
 205:Generated_Source\PSoC4/cyfitter_cfg.c **** 	CY_SET_REG32((void *)CYREG_PERI_DIV_CMD, 0x8000FF41u);
 153              		.loc 1 205 0
 154 0068 1D4B     		ldr	r3, .L6+40
 155 006a 1E4A     		ldr	r2, .L6+44
 156 006c 1A60     		str	r2, [r3]
 206:Generated_Source\PSoC4/cyfitter_cfg.c **** 	CY_SET_REG32((void *)CYREG_PERI_DIV_16_CTL0, 0x00000E00u);
 157              		.loc 1 206 0
 158 006e E021     		movs	r1, #224
 159 0070 0901     		lsls	r1, r1, #4
 160 0072 1D4A     		ldr	r2, .L6+48
 161 0074 1160     		str	r1, [r2]
 207:Generated_Source\PSoC4/cyfitter_cfg.c **** 	CY_SET_REG32((void *)CYREG_PERI_DIV_CMD, 0x8000FF40u);
 162              		.loc 1 207 0
 163 0076 1D4A     		ldr	r2, .L6+52
 164 0078 1A60     		str	r2, [r3]
 208:Generated_Source\PSoC4/cyfitter_cfg.c **** 	CY_SET_REG32((void *)CYREG_PERI_DIV_16_CTL2, 0x00001900u);
 165              		.loc 1 208 0
 166 007a C821     		movs	r1, #200
 167 007c 4901     		lsls	r1, r1, #5
 168 007e 1C4A     		ldr	r2, .L6+56
 169 0080 1160     		str	r1, [r2]
 209:Generated_Source\PSoC4/cyfitter_cfg.c **** 	CY_SET_REG32((void *)CYREG_PERI_DIV_CMD, 0x8000FF42u);
 170              		.loc 1 209 0
 171 0082 1C4A     		ldr	r2, .L6+60
 172 0084 1A60     		str	r2, [r3]
 210:Generated_Source\PSoC4/cyfitter_cfg.c **** 
 211:Generated_Source\PSoC4/cyfitter_cfg.c **** 	/* CYDEV_CLK_SELECT Starting address: CYDEV_CLK_SELECT */
 212:Generated_Source\PSoC4/cyfitter_cfg.c **** 	CY_SET_REG32((void *)(CYREG_CLK_SELECT), 0x00000092u);
 173              		.loc 1 212 0
 174 0086 9222     		movs	r2, #146
 175 0088 1B4B     		ldr	r3, .L6+64
 176 008a 1A60     		str	r2, [r3]
 213:Generated_Source\PSoC4/cyfitter_cfg.c **** 
 214:Generated_Source\PSoC4/cyfitter_cfg.c **** 	/* CYDEV_CLK_IMO_CONFIG Starting address: CYDEV_CLK_IMO_CONFIG */
 215:Generated_Source\PSoC4/cyfitter_cfg.c **** 	CY_SET_REG32((void *)(CYREG_CLK_IMO_CONFIG), 0x82000000u);
 177              		.loc 1 215 0
 178 008c 8222     		movs	r2, #130
 179 008e 1206     		lsls	r2, r2, #24
 180 0090 1A4B     		ldr	r3, .L6+68
ARM GAS  C:\Users\Intern\AppData\Local\Temp\ccp9o11j.s 			page 8


 181 0092 1A60     		str	r2, [r3]
 216:Generated_Source\PSoC4/cyfitter_cfg.c **** 
 217:Generated_Source\PSoC4/cyfitter_cfg.c **** 	/* CYDEV_PERI_PCLK_CTL6 Starting address: CYDEV_PERI_PCLK_CTL6 */
 218:Generated_Source\PSoC4/cyfitter_cfg.c **** 	CY_SET_REG32((void *)(CYREG_PERI_PCLK_CTL6), 0x00000041u);
 182              		.loc 1 218 0
 183 0094 4122     		movs	r2, #65
 184 0096 1A4B     		ldr	r3, .L6+72
 185 0098 1A60     		str	r2, [r3]
 219:Generated_Source\PSoC4/cyfitter_cfg.c **** 
 220:Generated_Source\PSoC4/cyfitter_cfg.c **** 	/* CYDEV_PERI_PCLK_CTL2 Starting address: CYDEV_PERI_PCLK_CTL2 */
 221:Generated_Source\PSoC4/cyfitter_cfg.c **** 	CY_SET_REG32((void *)(CYREG_PERI_PCLK_CTL2), 0x00000040u);
 186              		.loc 1 221 0
 187 009a 013A     		subs	r2, r2, #1
 188 009c 194B     		ldr	r3, .L6+76
 189 009e 1A60     		str	r2, [r3]
 222:Generated_Source\PSoC4/cyfitter_cfg.c **** 
 223:Generated_Source\PSoC4/cyfitter_cfg.c **** 	/* CYDEV_PERI_PCLK_CTL1 Starting address: CYDEV_PERI_PCLK_CTL1 */
 224:Generated_Source\PSoC4/cyfitter_cfg.c **** 	CY_SET_REG32((void *)(CYREG_PERI_PCLK_CTL1), 0x00000042u);
 190              		.loc 1 224 0
 191 00a0 0232     		adds	r2, r2, #2
 192 00a2 194B     		ldr	r3, .L6+80
 193 00a4 1A60     		str	r2, [r3]
 225:Generated_Source\PSoC4/cyfitter_cfg.c **** 
 226:Generated_Source\PSoC4/cyfitter_cfg.c **** 	CY_SET_REG32((void *)(CYREG_WDT_CONFIG), 0x40000000u);
 194              		.loc 1 226 0
 195 00a6 8022     		movs	r2, #128
 196 00a8 D205     		lsls	r2, r2, #23
 197 00aa 054B     		ldr	r3, .L6+8
 198 00ac 1A60     		str	r2, [r3]
 227:Generated_Source\PSoC4/cyfitter_cfg.c **** 	/* Set Flash Cycles based on newly configured 24.00MHz HFCLK. */
 228:Generated_Source\PSoC4/cyfitter_cfg.c **** 	CY_SET_REG32((void CYXDATA *)(CYREG_CPUSS_FLASH_CTL), (0x0011u));
 199              		.loc 1 228 0
 200 00ae 1122     		movs	r2, #17
 201 00b0 014B     		ldr	r3, .L6
 202 00b2 1A60     		str	r2, [r3]
 229:Generated_Source\PSoC4/cyfitter_cfg.c **** }
 203              		.loc 1 229 0
 204              		@ sp needed
 205 00b4 10BD     		pop	{r4, pc}
 206              	.L7:
 207 00b6 C046     		.align	2
 208              	.L6:
 209 00b8 30001040 		.word	1074790448
 210 00bc 001BB700 		.word	12000000
 211 00c0 0C020B40 		.word	1074463244
 212 00c4 78002E40 		.word	1076756600
 213 00c8 2D3E0000 		.word	15917
 214 00cc 7C002E40 		.word	1076756604
 215 00d0 64F02E40 		.word	1076818020
 216 00d4 6CF02E40 		.word	1076818028
 217 00d8 DC050000 		.word	1500
 218 00dc 04030140 		.word	1073808132
 219 00e0 00000140 		.word	1073807360
 220 00e4 41FF0080 		.word	-2147418303
 221 00e8 00030140 		.word	1073808128
 222 00ec 40FF0080 		.word	-2147418304
 223 00f0 08030140 		.word	1073808136
ARM GAS  C:\Users\Intern\AppData\Local\Temp\ccp9o11j.s 			page 9


 224 00f4 42FF0080 		.word	-2147418302
 225 00f8 00010B40 		.word	1074462976
 226 00fc 08010B40 		.word	1074462984
 227 0100 18010140 		.word	1073807640
 228 0104 08010140 		.word	1073807624
 229 0108 04010140 		.word	1073807620
 230              		.cfi_endproc
 231              	.LFE6:
 232              		.size	ClockSetup, .-ClockSetup
 233              		.section	.text.SetAnalogRoutingPumps,"ax",%progbits
 234              		.align	2
 235              		.global	SetAnalogRoutingPumps
 236              		.code	16
 237              		.thumb_func
 238              		.type	SetAnalogRoutingPumps, %function
 239              	SetAnalogRoutingPumps:
 240              	.LFB8:
 230:Generated_Source\PSoC4/cyfitter_cfg.c **** 
 231:Generated_Source\PSoC4/cyfitter_cfg.c **** 
 232:Generated_Source\PSoC4/cyfitter_cfg.c **** /* Analog API Functions */
 233:Generated_Source\PSoC4/cyfitter_cfg.c **** 
 234:Generated_Source\PSoC4/cyfitter_cfg.c **** 
 235:Generated_Source\PSoC4/cyfitter_cfg.c **** /*******************************************************************************
 236:Generated_Source\PSoC4/cyfitter_cfg.c **** * Function Name: AnalogSetDefault
 237:Generated_Source\PSoC4/cyfitter_cfg.c **** ********************************************************************************
 238:Generated_Source\PSoC4/cyfitter_cfg.c **** *
 239:Generated_Source\PSoC4/cyfitter_cfg.c **** * Summary:
 240:Generated_Source\PSoC4/cyfitter_cfg.c **** *  Sets up the analog portions of the chip to default values based on chip
 241:Generated_Source\PSoC4/cyfitter_cfg.c **** *  configuration options from the project.
 242:Generated_Source\PSoC4/cyfitter_cfg.c **** *
 243:Generated_Source\PSoC4/cyfitter_cfg.c **** * Parameters:
 244:Generated_Source\PSoC4/cyfitter_cfg.c **** *  void
 245:Generated_Source\PSoC4/cyfitter_cfg.c **** *
 246:Generated_Source\PSoC4/cyfitter_cfg.c **** * Return:
 247:Generated_Source\PSoC4/cyfitter_cfg.c **** *  void
 248:Generated_Source\PSoC4/cyfitter_cfg.c **** *
 249:Generated_Source\PSoC4/cyfitter_cfg.c **** *******************************************************************************/
 250:Generated_Source\PSoC4/cyfitter_cfg.c **** static void AnalogSetDefault(void);
 251:Generated_Source\PSoC4/cyfitter_cfg.c **** static void AnalogSetDefault(void)
 252:Generated_Source\PSoC4/cyfitter_cfg.c **** {
 253:Generated_Source\PSoC4/cyfitter_cfg.c **** 	CY_SET_XTND_REG32((void CYFAR *)CYREG_CTBM0_CTB_CTRL, 0x80000000u);
 254:Generated_Source\PSoC4/cyfitter_cfg.c **** 	CY_SET_XTND_REG32((void CYFAR *)CYREG_CTBM0_DFT_CTRL, 0x00000003u);
 255:Generated_Source\PSoC4/cyfitter_cfg.c **** 	CY_SET_XTND_REG32((void CYFAR *)CYREG_CTBM0_OA0_SW, 0x00240104u);
 256:Generated_Source\PSoC4/cyfitter_cfg.c **** 	CY_SET_XTND_REG32((void CYFAR *)CYREG_CTBM0_OA1_SW, 0x00240102u);
 257:Generated_Source\PSoC4/cyfitter_cfg.c **** 	CY_SET_XTND_REG32((void CYFAR *)CYREG_CTBM0_CTB_SW_HW_CTRL, 0x0000000Cu);
 258:Generated_Source\PSoC4/cyfitter_cfg.c **** 	CY_SET_XTND_REG32((void CYFAR *)CYREG_CTBM1_DFT_CTRL, 0x00000003u);
 259:Generated_Source\PSoC4/cyfitter_cfg.c **** 	CY_SET_XTND_REG32((void CYFAR *)CYREG_SAR_CTRL, 0x80000000u);
 260:Generated_Source\PSoC4/cyfitter_cfg.c **** 	CY_SET_XTND_REG32((void CYFAR *)CYREG_SAR_MUX_SWITCH0, 0x00400030u);
 261:Generated_Source\PSoC4/cyfitter_cfg.c **** 	CY_SET_XTND_REG32((void CYFAR *)CYREG_SAR_MUX_SWITCH_HW_CTRL, 0x00400030u);
 262:Generated_Source\PSoC4/cyfitter_cfg.c **** 	CY_SET_XTND_REG32((void CYFAR *)CYREG_PASS_DSAB_DSAB_CTRL, 0x00000000u);
 263:Generated_Source\PSoC4/cyfitter_cfg.c **** 	SetAnalogRoutingPumps(1);
 264:Generated_Source\PSoC4/cyfitter_cfg.c **** }
 265:Generated_Source\PSoC4/cyfitter_cfg.c **** 
 266:Generated_Source\PSoC4/cyfitter_cfg.c **** 
 267:Generated_Source\PSoC4/cyfitter_cfg.c **** /*******************************************************************************
 268:Generated_Source\PSoC4/cyfitter_cfg.c **** * Function Name: SetAnalogRoutingPumps
 269:Generated_Source\PSoC4/cyfitter_cfg.c **** ********************************************************************************
ARM GAS  C:\Users\Intern\AppData\Local\Temp\ccp9o11j.s 			page 10


 270:Generated_Source\PSoC4/cyfitter_cfg.c **** *
 271:Generated_Source\PSoC4/cyfitter_cfg.c **** * Summary:
 272:Generated_Source\PSoC4/cyfitter_cfg.c **** * Enables or disables the analog pumps feeding analog routing switches.
 273:Generated_Source\PSoC4/cyfitter_cfg.c **** * Intended to be called at startup, based on the Vdda system configuration;
 274:Generated_Source\PSoC4/cyfitter_cfg.c **** * may be called during operation when the user informs us that the Vdda voltage crossed the pump th
 275:Generated_Source\PSoC4/cyfitter_cfg.c **** *
 276:Generated_Source\PSoC4/cyfitter_cfg.c **** * Parameters:
 277:Generated_Source\PSoC4/cyfitter_cfg.c **** *  enabled - 1 to enable the pumps, 0 to disable the pumps
 278:Generated_Source\PSoC4/cyfitter_cfg.c **** *
 279:Generated_Source\PSoC4/cyfitter_cfg.c **** * Return:
 280:Generated_Source\PSoC4/cyfitter_cfg.c **** *  void
 281:Generated_Source\PSoC4/cyfitter_cfg.c **** *
 282:Generated_Source\PSoC4/cyfitter_cfg.c **** *******************************************************************************/
 283:Generated_Source\PSoC4/cyfitter_cfg.c **** void SetAnalogRoutingPumps(uint8 enabled)
 284:Generated_Source\PSoC4/cyfitter_cfg.c **** {
 241              		.loc 1 284 0
 242              		.cfi_startproc
 243              		@ args = 0, pretend = 0, frame = 0
 244              		@ frame_needed = 0, uses_anonymous_args = 0
 245              		@ link register save eliminated.
 246              	.LVL14:
 285:Generated_Source\PSoC4/cyfitter_cfg.c **** 	uint32 regValue = CY_GET_XTND_REG32((void *)(CYREG_SAR_PUMP_CTRL));
 247              		.loc 1 285 0
 248 0000 064B     		ldr	r3, .L11
 249 0002 1B68     		ldr	r3, [r3]
 250              	.LVL15:
 286:Generated_Source\PSoC4/cyfitter_cfg.c **** 	if (enabled != 0u)
 251              		.loc 1 286 0
 252 0004 0028     		cmp	r0, #0
 253 0006 03D0     		beq	.L9
 287:Generated_Source\PSoC4/cyfitter_cfg.c **** 	{
 288:Generated_Source\PSoC4/cyfitter_cfg.c **** 		regValue |= 0x80000000u;
 254              		.loc 1 288 0
 255 0008 8022     		movs	r2, #128
 256 000a 1206     		lsls	r2, r2, #24
 257 000c 1343     		orrs	r3, r2
 258              	.LVL16:
 259 000e 01E0     		b	.L10
 260              	.L9:
 289:Generated_Source\PSoC4/cyfitter_cfg.c **** 	}
 290:Generated_Source\PSoC4/cyfitter_cfg.c **** 	else
 291:Generated_Source\PSoC4/cyfitter_cfg.c **** 	{
 292:Generated_Source\PSoC4/cyfitter_cfg.c **** 		regValue &= ~0x80000000u;
 261              		.loc 1 292 0
 262 0010 5B00     		lsls	r3, r3, #1
 263              	.LVL17:
 264 0012 5B08     		lsrs	r3, r3, #1
 265              	.LVL18:
 266              	.L10:
 293:Generated_Source\PSoC4/cyfitter_cfg.c **** 	}
 294:Generated_Source\PSoC4/cyfitter_cfg.c **** 	CY_SET_XTND_REG32((void *)(CYREG_SAR_PUMP_CTRL), regValue);
 267              		.loc 1 294 0
 268 0014 014A     		ldr	r2, .L11
 269 0016 1360     		str	r3, [r2]
 295:Generated_Source\PSoC4/cyfitter_cfg.c **** }
 270              		.loc 1 295 0
 271              		@ sp needed
ARM GAS  C:\Users\Intern\AppData\Local\Temp\ccp9o11j.s 			page 11


 272 0018 7047     		bx	lr
 273              	.L12:
 274 001a C046     		.align	2
 275              	.L11:
 276 001c 80033A40 		.word	1077543808
 277              		.cfi_endproc
 278              	.LFE8:
 279              		.size	SetAnalogRoutingPumps, .-SetAnalogRoutingPumps
 280              		.section	.text.AnalogSetDefault,"ax",%progbits
 281              		.align	2
 282              		.code	16
 283              		.thumb_func
 284              		.type	AnalogSetDefault, %function
 285              	AnalogSetDefault:
 286              	.LFB7:
 252:Generated_Source\PSoC4/cyfitter_cfg.c **** 	CY_SET_XTND_REG32((void CYFAR *)CYREG_CTBM0_CTB_CTRL, 0x80000000u);
 287              		.loc 1 252 0
 288              		.cfi_startproc
 289              		@ args = 0, pretend = 0, frame = 0
 290              		@ frame_needed = 0, uses_anonymous_args = 0
 291 0000 10B5     		push	{r4, lr}
 292              		.cfi_def_cfa_offset 8
 293              		.cfi_offset 4, -8
 294              		.cfi_offset 14, -4
 253:Generated_Source\PSoC4/cyfitter_cfg.c **** 	CY_SET_XTND_REG32((void CYFAR *)CYREG_CTBM0_DFT_CTRL, 0x00000003u);
 295              		.loc 1 253 0
 296 0002 8023     		movs	r3, #128
 297 0004 1B06     		lsls	r3, r3, #24
 298 0006 0F4A     		ldr	r2, .L14
 299 0008 1360     		str	r3, [r2]
 254:Generated_Source\PSoC4/cyfitter_cfg.c **** 	CY_SET_XTND_REG32((void CYFAR *)CYREG_CTBM0_OA0_SW, 0x00240104u);
 300              		.loc 1 254 0
 301 000a 0322     		movs	r2, #3
 302 000c 0E49     		ldr	r1, .L14+4
 303 000e 0A60     		str	r2, [r1]
 255:Generated_Source\PSoC4/cyfitter_cfg.c **** 	CY_SET_XTND_REG32((void CYFAR *)CYREG_CTBM0_OA1_SW, 0x00240102u);
 304              		.loc 1 255 0
 305 0010 0E48     		ldr	r0, .L14+8
 306 0012 0F49     		ldr	r1, .L14+12
 307 0014 0860     		str	r0, [r1]
 256:Generated_Source\PSoC4/cyfitter_cfg.c **** 	CY_SET_XTND_REG32((void CYFAR *)CYREG_CTBM0_CTB_SW_HW_CTRL, 0x0000000Cu);
 308              		.loc 1 256 0
 309 0016 0F48     		ldr	r0, .L14+16
 310 0018 0F49     		ldr	r1, .L14+20
 311 001a 0860     		str	r0, [r1]
 257:Generated_Source\PSoC4/cyfitter_cfg.c **** 	CY_SET_XTND_REG32((void CYFAR *)CYREG_CTBM1_DFT_CTRL, 0x00000003u);
 312              		.loc 1 257 0
 313 001c 0C20     		movs	r0, #12
 314 001e 0F49     		ldr	r1, .L14+24
 315 0020 0860     		str	r0, [r1]
 258:Generated_Source\PSoC4/cyfitter_cfg.c **** 	CY_SET_XTND_REG32((void CYFAR *)CYREG_SAR_CTRL, 0x80000000u);
 316              		.loc 1 258 0
 317 0022 0F49     		ldr	r1, .L14+28
 318 0024 0A60     		str	r2, [r1]
 259:Generated_Source\PSoC4/cyfitter_cfg.c **** 	CY_SET_XTND_REG32((void CYFAR *)CYREG_SAR_MUX_SWITCH0, 0x00400030u);
 319              		.loc 1 259 0
 320 0026 0F4A     		ldr	r2, .L14+32
ARM GAS  C:\Users\Intern\AppData\Local\Temp\ccp9o11j.s 			page 12


 321 0028 1360     		str	r3, [r2]
 260:Generated_Source\PSoC4/cyfitter_cfg.c **** 	CY_SET_XTND_REG32((void CYFAR *)CYREG_SAR_MUX_SWITCH_HW_CTRL, 0x00400030u);
 322              		.loc 1 260 0
 323 002a 0F4B     		ldr	r3, .L14+36
 324 002c 0F4A     		ldr	r2, .L14+40
 325 002e 1360     		str	r3, [r2]
 261:Generated_Source\PSoC4/cyfitter_cfg.c **** 	CY_SET_XTND_REG32((void CYFAR *)CYREG_PASS_DSAB_DSAB_CTRL, 0x00000000u);
 326              		.loc 1 261 0
 327 0030 0F4A     		ldr	r2, .L14+44
 328 0032 1360     		str	r3, [r2]
 262:Generated_Source\PSoC4/cyfitter_cfg.c **** 	SetAnalogRoutingPumps(1);
 329              		.loc 1 262 0
 330 0034 0022     		movs	r2, #0
 331 0036 0F4B     		ldr	r3, .L14+48
 332 0038 1A60     		str	r2, [r3]
 263:Generated_Source\PSoC4/cyfitter_cfg.c **** }
 333              		.loc 1 263 0
 334 003a 0B38     		subs	r0, r0, #11
 335 003c FFF7FEFF 		bl	SetAnalogRoutingPumps
 336              	.LVL19:
 264:Generated_Source\PSoC4/cyfitter_cfg.c **** 
 337              		.loc 1 264 0
 338              		@ sp needed
 339 0040 10BD     		pop	{r4, pc}
 340              	.L15:
 341 0042 C046     		.align	2
 342              	.L14:
 343 0044 00003040 		.word	1076887552
 344 0048 30003040 		.word	1076887600
 345 004c 04012400 		.word	2359556
 346 0050 80003040 		.word	1076887680
 347 0054 02012400 		.word	2359554
 348 0058 88003040 		.word	1076887688
 349 005c C0003040 		.word	1076887744
 350 0060 30003140 		.word	1076953136
 351 0064 00003A40 		.word	1077542912
 352 0068 30004000 		.word	4194352
 353 006c 00033A40 		.word	1077543680
 354 0070 40033A40 		.word	1077543744
 355 0074 000E3F40 		.word	1077874176
 356              		.cfi_endproc
 357              	.LFE7:
 358              		.size	AnalogSetDefault, .-AnalogSetDefault
 359              		.section	.psocinit
 360              		.align	2
 361              		.global	cyfitter_cfg
 362              		.code	16
 363              		.thumb_func
 364              		.type	cyfitter_cfg, %function
 365              	cyfitter_cfg:
 366              	.LFB9:
 296:Generated_Source\PSoC4/cyfitter_cfg.c **** 
 297:Generated_Source\PSoC4/cyfitter_cfg.c **** 
 298:Generated_Source\PSoC4/cyfitter_cfg.c **** 
 299:Generated_Source\PSoC4/cyfitter_cfg.c **** 
 300:Generated_Source\PSoC4/cyfitter_cfg.c **** /*******************************************************************************
 301:Generated_Source\PSoC4/cyfitter_cfg.c **** * Function Name: cyfitter_cfg
ARM GAS  C:\Users\Intern\AppData\Local\Temp\ccp9o11j.s 			page 13


 302:Generated_Source\PSoC4/cyfitter_cfg.c **** ********************************************************************************
 303:Generated_Source\PSoC4/cyfitter_cfg.c **** * Summary:
 304:Generated_Source\PSoC4/cyfitter_cfg.c **** *  This function is called by the start-up code for the selected device. It
 305:Generated_Source\PSoC4/cyfitter_cfg.c **** *  performs all of the necessary device configuration based on the design
 306:Generated_Source\PSoC4/cyfitter_cfg.c **** *  settings.  This includes settings from the Design Wide Resources (DWR) such
 307:Generated_Source\PSoC4/cyfitter_cfg.c **** *  as Clocks and Pins as well as any component configuration that is necessary.
 308:Generated_Source\PSoC4/cyfitter_cfg.c **** *
 309:Generated_Source\PSoC4/cyfitter_cfg.c **** * Parameters:
 310:Generated_Source\PSoC4/cyfitter_cfg.c **** *   void
 311:Generated_Source\PSoC4/cyfitter_cfg.c **** *
 312:Generated_Source\PSoC4/cyfitter_cfg.c **** * Return:
 313:Generated_Source\PSoC4/cyfitter_cfg.c **** *   void
 314:Generated_Source\PSoC4/cyfitter_cfg.c **** *
 315:Generated_Source\PSoC4/cyfitter_cfg.c **** *******************************************************************************/
 316:Generated_Source\PSoC4/cyfitter_cfg.c **** CY_CFG_SECTION
 317:Generated_Source\PSoC4/cyfitter_cfg.c **** void cyfitter_cfg(void)
 318:Generated_Source\PSoC4/cyfitter_cfg.c **** {
 367              		.loc 1 318 0
 368              		.cfi_startproc
 369              		@ args = 0, pretend = 0, frame = 0
 370              		@ frame_needed = 0, uses_anonymous_args = 0
 371 010c 10B5     		push	{r4, lr}
 372              		.cfi_def_cfa_offset 8
 373              		.cfi_offset 4, -8
 374              		.cfi_offset 14, -4
 319:Generated_Source\PSoC4/cyfitter_cfg.c **** 	/* Disable interrupts by default. Let user enable if/when they want. */
 320:Generated_Source\PSoC4/cyfitter_cfg.c **** 	CyGlobalIntDisable;
 375              		.loc 1 320 0
 376              		.syntax divided
 377              	@ 320 "Generated_Source\PSoC4\cyfitter_cfg.c" 1
 378 010e 72B6     		CPSID   i
 379              	@ 0 "" 2
 321:Generated_Source\PSoC4/cyfitter_cfg.c **** 
 322:Generated_Source\PSoC4/cyfitter_cfg.c **** 	CY_SET_REG32((void *)(CYREG_BLE_BLESS_LL_DSM_CTRL), 0x00000000u);
 380              		.loc 1 322 0
 381              		.thumb
 382              		.syntax unified
 383 0110 0022     		movs	r2, #0
 384 0112 294B     		ldr	r3, .L19
 385 0114 1A60     		str	r2, [r3]
 386              	.LVL20:
 387              	.LBB2:
 323:Generated_Source\PSoC4/cyfitter_cfg.c **** 
 324:Generated_Source\PSoC4/cyfitter_cfg.c **** 	{
 325:Generated_Source\PSoC4/cyfitter_cfg.c **** 
 326:Generated_Source\PSoC4/cyfitter_cfg.c **** 		CYPACKED typedef struct {
 327:Generated_Source\PSoC4/cyfitter_cfg.c **** 			void CYFAR *address;
 328:Generated_Source\PSoC4/cyfitter_cfg.c **** 			uint16 size;
 329:Generated_Source\PSoC4/cyfitter_cfg.c **** 		} CYPACKED_ATTR cfg_memset_t;
 330:Generated_Source\PSoC4/cyfitter_cfg.c **** 
 331:Generated_Source\PSoC4/cyfitter_cfg.c **** 		static const cfg_memset_t CYCODE cfg_memset_list[] = {
 332:Generated_Source\PSoC4/cyfitter_cfg.c **** 			/* address, size */
 333:Generated_Source\PSoC4/cyfitter_cfg.c **** 			{(void CYFAR *)(CYDEV_UDB_P0_U0_BASE), 1024u},
 334:Generated_Source\PSoC4/cyfitter_cfg.c **** 			{(void CYFAR *)(CYDEV_UDB_DSI0_BASE), 1024u},
 335:Generated_Source\PSoC4/cyfitter_cfg.c **** 		};
 336:Generated_Source\PSoC4/cyfitter_cfg.c **** 
 337:Generated_Source\PSoC4/cyfitter_cfg.c **** 		uint8 CYDATA i;
ARM GAS  C:\Users\Intern\AppData\Local\Temp\ccp9o11j.s 			page 14


 338:Generated_Source\PSoC4/cyfitter_cfg.c **** 
 339:Generated_Source\PSoC4/cyfitter_cfg.c **** 		/* Zero out critical memory blocks before beginning configuration */
 340:Generated_Source\PSoC4/cyfitter_cfg.c **** 		for (i = 0u; i < (sizeof(cfg_memset_list)/sizeof(cfg_memset_list[0])); i++)
 388              		.loc 1 340 0
 389 0116 0024     		movs	r4, #0
 390 0118 0FE0     		b	.L17
 391              	.LVL21:
 392              	.L18:
 393              	.LBB3:
 341:Generated_Source\PSoC4/cyfitter_cfg.c **** 		{
 342:Generated_Source\PSoC4/cyfitter_cfg.c **** 			const cfg_memset_t CYCODE * CYDATA ms = &cfg_memset_list[i];
 343:Generated_Source\PSoC4/cyfitter_cfg.c **** 			CYMEMZERO(ms->address, (size_t)(uint32)(ms->size));
 394              		.loc 1 343 0 discriminator 3
 395 011a 2848     		ldr	r0, .L19+4
 396 011c 6200     		lsls	r2, r4, #1
 397 011e 1319     		adds	r3, r2, r4
 398 0120 5900     		lsls	r1, r3, #1
 399 0122 0B00     		movs	r3, r1
 400 0124 4118     		adds	r1, r0, r1
 401 0126 8988     		ldrh	r1, [r1, #4]
 402 0128 1A5A     		ldrh	r2, [r3, r0]
 403 012a C318     		adds	r3, r0, r3
 404 012c 5888     		ldrh	r0, [r3, #2]
 405 012e 0004     		lsls	r0, r0, #16
 406 0130 1043     		orrs	r0, r2
 407 0132 FFF7FEFF 		bl	CYMEMZERO
 408              	.LVL22:
 409              	.LBE3:
 340:Generated_Source\PSoC4/cyfitter_cfg.c **** 		{
 410              		.loc 1 340 0 discriminator 3
 411 0136 0134     		adds	r4, r4, #1
 412              	.LVL23:
 413 0138 E4B2     		uxtb	r4, r4
 414              	.LVL24:
 415              	.L17:
 340:Generated_Source\PSoC4/cyfitter_cfg.c **** 		{
 416              		.loc 1 340 0 is_stmt 0 discriminator 1
 417 013a 012C     		cmp	r4, #1
 418 013c EDD9     		bls	.L18
 344:Generated_Source\PSoC4/cyfitter_cfg.c **** 		}
 345:Generated_Source\PSoC4/cyfitter_cfg.c **** 
 346:Generated_Source\PSoC4/cyfitter_cfg.c **** 		/* HSIOM Starting address: CYDEV_HSIOM_BASE */
 347:Generated_Source\PSoC4/cyfitter_cfg.c **** 		CY_SET_REG32((void *)(CYDEV_HSIOM_BASE), 0xEE0000EEu);
 419              		.loc 1 347 0 is_stmt 1
 420 013e 204A     		ldr	r2, .L19+8
 421 0140 204B     		ldr	r3, .L19+12
 422 0142 1A60     		str	r2, [r3]
 348:Generated_Source\PSoC4/cyfitter_cfg.c **** 		CY_SET_REG32((void *)(CYREG_HSIOM_PORT_SEL1), 0x00990000u);
 423              		.loc 1 348 0
 424 0144 9923     		movs	r3, #153
 425 0146 1B04     		lsls	r3, r3, #16
 426 0148 1F4A     		ldr	r2, .L19+16
 427 014a 1360     		str	r3, [r2]
 349:Generated_Source\PSoC4/cyfitter_cfg.c **** 
 350:Generated_Source\PSoC4/cyfitter_cfg.c **** 		/* UDB_PA_0 Starting address: CYDEV_UDB_PA0_BASE */
 351:Generated_Source\PSoC4/cyfitter_cfg.c **** 		CY_SET_REG32((void *)(CYDEV_UDB_PA0_BASE), 0x00990000u);
 428              		.loc 1 351 0
ARM GAS  C:\Users\Intern\AppData\Local\Temp\ccp9o11j.s 			page 15


 429 014c 1F4A     		ldr	r2, .L19+20
 430 014e 1360     		str	r3, [r2]
 352:Generated_Source\PSoC4/cyfitter_cfg.c **** 
 353:Generated_Source\PSoC4/cyfitter_cfg.c **** 		/* UDB_PA_1 Starting address: CYDEV_UDB_PA1_BASE */
 354:Generated_Source\PSoC4/cyfitter_cfg.c **** 		CY_SET_REG32((void *)(CYDEV_UDB_PA1_BASE), 0x00990000u);
 431              		.loc 1 354 0
 432 0150 1F4A     		ldr	r2, .L19+24
 433 0152 1360     		str	r3, [r2]
 355:Generated_Source\PSoC4/cyfitter_cfg.c **** 
 356:Generated_Source\PSoC4/cyfitter_cfg.c **** 		/* UDB_PA_2 Starting address: CYDEV_UDB_PA2_BASE */
 357:Generated_Source\PSoC4/cyfitter_cfg.c **** 		CY_SET_REG32((void *)(CYDEV_UDB_PA2_BASE), 0x00990000u);
 434              		.loc 1 357 0
 435 0154 1F4A     		ldr	r2, .L19+28
 436 0156 1360     		str	r3, [r2]
 358:Generated_Source\PSoC4/cyfitter_cfg.c **** 
 359:Generated_Source\PSoC4/cyfitter_cfg.c **** 		/* UDB_PA_3 Starting address: CYDEV_UDB_PA3_BASE */
 360:Generated_Source\PSoC4/cyfitter_cfg.c **** 		CY_SET_REG32((void *)(CYDEV_UDB_PA3_BASE), 0x00990000u);
 437              		.loc 1 360 0
 438 0158 1F4A     		ldr	r2, .L19+32
 439 015a 1360     		str	r3, [r2]
 361:Generated_Source\PSoC4/cyfitter_cfg.c **** 
 362:Generated_Source\PSoC4/cyfitter_cfg.c **** 		/* Enable digital routing */
 363:Generated_Source\PSoC4/cyfitter_cfg.c **** 		CY_SET_XTND_REG8((void *)CYREG_UDB_UDBIF_BANK_CTL, (uint8)(CY_GET_XTND_REG8((void *)CYREG_UDB_UDB
 440              		.loc 1 363 0
 441 015c 1F4A     		ldr	r2, .L19+36
 442 015e 1178     		ldrb	r1, [r2]
 443 0160 0623     		movs	r3, #6
 444 0162 0B43     		orrs	r3, r1
 445 0164 DBB2     		uxtb	r3, r3
 446 0166 1370     		strb	r3, [r2]
 447              	.LBE2:
 364:Generated_Source\PSoC4/cyfitter_cfg.c **** 	}
 365:Generated_Source\PSoC4/cyfitter_cfg.c **** 
 366:Generated_Source\PSoC4/cyfitter_cfg.c **** 	/* Perform second pass device configuration. These items must be configured in specific order afte
 367:Generated_Source\PSoC4/cyfitter_cfg.c **** 	/* IOPINS0_0 Starting address: CYDEV_GPIO_PRT0_BASE */
 368:Generated_Source\PSoC4/cyfitter_cfg.c **** 	CY_SET_REG32((void *)(CYDEV_GPIO_PRT0_BASE), 0x00000003u);
 448              		.loc 1 368 0
 449 0168 0322     		movs	r2, #3
 450 016a 1D4B     		ldr	r3, .L19+40
 451 016c 1A60     		str	r2, [r3]
 369:Generated_Source\PSoC4/cyfitter_cfg.c **** 	CY_SET_REG32((void *)(CYREG_GPIO_PRT0_PC), 0x00D80024u);
 452              		.loc 1 369 0
 453 016e 1D4A     		ldr	r2, .L19+44
 454 0170 1D4B     		ldr	r3, .L19+48
 455 0172 1A60     		str	r2, [r3]
 370:Generated_Source\PSoC4/cyfitter_cfg.c **** 
 371:Generated_Source\PSoC4/cyfitter_cfg.c **** 	/* IOPINS0_1 Starting address: CYDEV_GPIO_PRT1_BASE */
 372:Generated_Source\PSoC4/cyfitter_cfg.c **** 	CY_SET_REG32((void *)(CYDEV_GPIO_PRT1_BASE), 0x00000020u);
 456              		.loc 1 372 0
 457 0174 2023     		movs	r3, #32
 458 0176 1D4A     		ldr	r2, .L19+52
 459 0178 1360     		str	r3, [r2]
 373:Generated_Source\PSoC4/cyfitter_cfg.c **** 	CY_SET_REG32((void *)(CYREG_GPIO_PRT1_PC), 0x00031000u);
 460              		.loc 1 373 0
 461 017a C421     		movs	r1, #196
 462 017c 8902     		lsls	r1, r1, #10
 463 017e 1C4A     		ldr	r2, .L19+56
ARM GAS  C:\Users\Intern\AppData\Local\Temp\ccp9o11j.s 			page 16


 464 0180 1160     		str	r1, [r2]
 374:Generated_Source\PSoC4/cyfitter_cfg.c **** 	CY_SET_REG32((void *)(CYREG_GPIO_PRT1_PC2), 0x00000020u);
 465              		.loc 1 374 0
 466 0182 1C4A     		ldr	r2, .L19+60
 467 0184 1360     		str	r3, [r2]
 375:Generated_Source\PSoC4/cyfitter_cfg.c **** 
 376:Generated_Source\PSoC4/cyfitter_cfg.c **** 	/* IOPINS0_2 Starting address: CYDEV_GPIO_PRT2_BASE */
 377:Generated_Source\PSoC4/cyfitter_cfg.c **** 	CY_SET_REG32((void *)(CYDEV_GPIO_PRT2_BASE), 0x0000007Fu);
 468              		.loc 1 377 0
 469 0186 7F22     		movs	r2, #127
 470 0188 1B4B     		ldr	r3, .L19+64
 471 018a 1A60     		str	r2, [r3]
 378:Generated_Source\PSoC4/cyfitter_cfg.c **** 	CY_SET_REG32((void *)(CYREG_GPIO_PRT2_PC), 0x00180000u);
 472              		.loc 1 378 0
 473 018c C022     		movs	r2, #192
 474 018e 5203     		lsls	r2, r2, #13
 475 0190 1A4B     		ldr	r3, .L19+68
 476 0192 1A60     		str	r2, [r3]
 379:Generated_Source\PSoC4/cyfitter_cfg.c **** 	CY_SET_REG32((void *)(CYREG_GPIO_PRT2_PC2), 0x0000003Fu);
 477              		.loc 1 379 0
 478 0194 3F22     		movs	r2, #63
 479 0196 1A4B     		ldr	r3, .L19+72
 480 0198 1A60     		str	r2, [r3]
 380:Generated_Source\PSoC4/cyfitter_cfg.c **** 
 381:Generated_Source\PSoC4/cyfitter_cfg.c **** 	/* IOPINS0_3 Starting address: CYDEV_GPIO_PRT3_BASE */
 382:Generated_Source\PSoC4/cyfitter_cfg.c **** 	CY_SET_REG32((void *)(CYDEV_GPIO_PRT3_BASE), 0x00000070u);
 481              		.loc 1 382 0
 482 019a 3132     		adds	r2, r2, #49
 483 019c 194B     		ldr	r3, .L19+76
 484 019e 1A60     		str	r2, [r3]
 383:Generated_Source\PSoC4/cyfitter_cfg.c **** 	CY_SET_REG32((void *)(CYREG_GPIO_PRT3_PC), 0x00D80000u);
 485              		.loc 1 383 0
 486 01a0 D822     		movs	r2, #216
 487 01a2 1204     		lsls	r2, r2, #16
 488 01a4 184B     		ldr	r3, .L19+80
 489 01a6 1A60     		str	r2, [r3]
 384:Generated_Source\PSoC4/cyfitter_cfg.c **** 	CY_SET_REG32((void *)(CYREG_GPIO_PRT3_PC2), 0x00000030u);
 490              		.loc 1 384 0
 491 01a8 3022     		movs	r2, #48
 492 01aa 184B     		ldr	r3, .L19+84
 493 01ac 1A60     		str	r2, [r3]
 385:Generated_Source\PSoC4/cyfitter_cfg.c **** 
 386:Generated_Source\PSoC4/cyfitter_cfg.c **** 
 387:Generated_Source\PSoC4/cyfitter_cfg.c **** 	/* Setup clocks based on selections from Clock DWR */
 388:Generated_Source\PSoC4/cyfitter_cfg.c **** 	ClockSetup();
 494              		.loc 1 388 0
 495 01ae FFF727FF 		bl	ClockSetup
 496              	.LVL25:
 389:Generated_Source\PSoC4/cyfitter_cfg.c **** 
 390:Generated_Source\PSoC4/cyfitter_cfg.c **** 	/* Perform basic analog initialization to defaults */
 391:Generated_Source\PSoC4/cyfitter_cfg.c **** 	AnalogSetDefault();
 497              		.loc 1 391 0
 498 01b2 FFF7FEFF 		bl	AnalogSetDefault
 499              	.LVL26:
 392:Generated_Source\PSoC4/cyfitter_cfg.c **** 
 393:Generated_Source\PSoC4/cyfitter_cfg.c **** }
 500              		.loc 1 393 0
ARM GAS  C:\Users\Intern\AppData\Local\Temp\ccp9o11j.s 			page 17


 501              		@ sp needed
 502              	.LVL27:
 503 01b6 10BD     		pop	{r4, pc}
 504              	.L20:
 505              		.align	2
 506              	.L19:
 507 01b8 6CF02E40 		.word	1076818028
 508 01bc 00000000 		.word	.LANCHOR0
 509 01c0 EE0000EE 		.word	-301989650
 510 01c4 00000240 		.word	1073872896
 511 01c8 00010240 		.word	1073873152
 512 01cc 00500F40 		.word	1074745344
 513 01d0 10500F40 		.word	1074745360
 514 01d4 20500F40 		.word	1074745376
 515 01d8 30500F40 		.word	1074745392
 516 01dc 00700F40 		.word	1074753536
 517 01e0 00000440 		.word	1074003968
 518 01e4 2400D800 		.word	14155812
 519 01e8 08000440 		.word	1074003976
 520 01ec 00010440 		.word	1074004224
 521 01f0 08010440 		.word	1074004232
 522 01f4 18010440 		.word	1074004248
 523 01f8 00020440 		.word	1074004480
 524 01fc 08020440 		.word	1074004488
 525 0200 18020440 		.word	1074004504
 526 0204 00030440 		.word	1074004736
 527 0208 08030440 		.word	1074004744
 528 020c 18030440 		.word	1074004760
 529              		.cfi_endproc
 530              	.LFE9:
 531              		.size	cyfitter_cfg, .-cyfitter_cfg
 532              		.section	.rodata
 533              		.align	2
 534              		.set	.LANCHOR0,. + 0
 535              		.type	cfg_memset_list.4897, %object
 536              		.size	cfg_memset_list.4897, 12
 537              	cfg_memset_list.4897:
 538 0000 00300F40 		.word	1074737152
 539 0004 0004     		.short	1024
 540 0006 00400F40 		.4byte	1074741248
 541 000a 0004     		.short	1024
 542              		.text
 543              	.Letext0:
 544              		.file 2 "c:\\program files (x86)\\cypress\\psoc creator\\4.2\\psoc creator\\import\\gnu\\arm\\5.4.
 545              		.file 3 "Generated_Source\\PSoC4\\cytypes.h"
 546              		.file 4 "Generated_Source\\PSoC4\\CyLFClk.h"
 547              		.file 5 "Generated_Source\\PSoC4\\CyLib.h"
 548              		.section	.debug_info,"",%progbits
 549              	.Ldebug_info0:
 550 0000 7B030000 		.4byte	0x37b
 551 0004 0400     		.2byte	0x4
 552 0006 00000000 		.4byte	.Ldebug_abbrev0
 553 000a 04       		.byte	0x4
 554 000b 01       		.uleb128 0x1
 555 000c 99010000 		.4byte	.LASF39
 556 0010 0C       		.byte	0xc
 557 0011 B3020000 		.4byte	.LASF40
ARM GAS  C:\Users\Intern\AppData\Local\Temp\ccp9o11j.s 			page 18


 558 0015 5A000000 		.4byte	.LASF41
 559 0019 00000000 		.4byte	.Ldebug_ranges0+0
 560 001d 00000000 		.4byte	0
 561 0021 00000000 		.4byte	.Ldebug_line0
 562 0025 02       		.uleb128 0x2
 563 0026 04       		.byte	0x4
 564 0027 05       		.byte	0x5
 565 0028 696E7400 		.ascii	"int\000"
 566 002c 03       		.uleb128 0x3
 567 002d 14000000 		.4byte	.LASF12
 568 0031 02       		.byte	0x2
 569 0032 D8       		.byte	0xd8
 570 0033 37000000 		.4byte	0x37
 571 0037 04       		.uleb128 0x4
 572 0038 04       		.byte	0x4
 573 0039 07       		.byte	0x7
 574 003a 6D010000 		.4byte	.LASF0
 575 003e 04       		.uleb128 0x4
 576 003f 08       		.byte	0x8
 577 0040 05       		.byte	0x5
 578 0041 3D020000 		.4byte	.LASF1
 579 0045 04       		.uleb128 0x4
 580 0046 08       		.byte	0x8
 581 0047 04       		.byte	0x4
 582 0048 9B020000 		.4byte	.LASF2
 583 004c 04       		.uleb128 0x4
 584 004d 01       		.byte	0x1
 585 004e 06       		.byte	0x6
 586 004f A7020000 		.4byte	.LASF3
 587 0053 04       		.uleb128 0x4
 588 0054 01       		.byte	0x1
 589 0055 08       		.byte	0x8
 590 0056 2C010000 		.4byte	.LASF4
 591 005a 04       		.uleb128 0x4
 592 005b 02       		.byte	0x2
 593 005c 05       		.byte	0x5
 594 005d 73020000 		.4byte	.LASF5
 595 0061 04       		.uleb128 0x4
 596 0062 02       		.byte	0x2
 597 0063 07       		.byte	0x7
 598 0064 47000000 		.4byte	.LASF6
 599 0068 04       		.uleb128 0x4
 600 0069 04       		.byte	0x4
 601 006a 05       		.byte	0x5
 602 006b 92020000 		.4byte	.LASF7
 603 006f 04       		.uleb128 0x4
 604 0070 04       		.byte	0x4
 605 0071 07       		.byte	0x7
 606 0072 E3000000 		.4byte	.LASF8
 607 0076 04       		.uleb128 0x4
 608 0077 08       		.byte	0x8
 609 0078 07       		.byte	0x7
 610 0079 82010000 		.4byte	.LASF9
 611 007d 04       		.uleb128 0x4
 612 007e 04       		.byte	0x4
 613 007f 07       		.byte	0x7
 614 0080 34020000 		.4byte	.LASF10
ARM GAS  C:\Users\Intern\AppData\Local\Temp\ccp9o11j.s 			page 19


 615 0084 05       		.uleb128 0x5
 616 0085 04       		.byte	0x4
 617 0086 04       		.uleb128 0x4
 618 0087 01       		.byte	0x1
 619 0088 08       		.byte	0x8
 620 0089 55020000 		.4byte	.LASF11
 621 008d 06       		.uleb128 0x6
 622 008e F5000000 		.4byte	.LASF13
 623 0092 03       		.byte	0x3
 624 0093 E401     		.2byte	0x1e4
 625 0095 53000000 		.4byte	0x53
 626 0099 06       		.uleb128 0x6
 627 009a 55010000 		.4byte	.LASF14
 628 009e 03       		.byte	0x3
 629 009f E501     		.2byte	0x1e5
 630 00a1 61000000 		.4byte	0x61
 631 00a5 06       		.uleb128 0x6
 632 00a6 66010000 		.4byte	.LASF15
 633 00aa 03       		.byte	0x3
 634 00ab E601     		.2byte	0x1e6
 635 00ad 6F000000 		.4byte	0x6f
 636 00b1 04       		.uleb128 0x4
 637 00b2 04       		.byte	0x4
 638 00b3 04       		.byte	0x4
 639 00b4 A7000000 		.4byte	.LASF16
 640 00b8 04       		.uleb128 0x4
 641 00b9 08       		.byte	0x8
 642 00ba 04       		.byte	0x4
 643 00bb 41010000 		.4byte	.LASF17
 644 00bf 06       		.uleb128 0x6
 645 00c0 DE000000 		.4byte	.LASF18
 646 00c4 03       		.byte	0x3
 647 00c5 8E02     		.2byte	0x28e
 648 00c7 CB000000 		.4byte	0xcb
 649 00cb 07       		.uleb128 0x7
 650 00cc 8D000000 		.4byte	0x8d
 651 00d0 06       		.uleb128 0x6
 652 00d1 0E000000 		.4byte	.LASF19
 653 00d5 03       		.byte	0x3
 654 00d6 9002     		.2byte	0x290
 655 00d8 DC000000 		.4byte	0xdc
 656 00dc 07       		.uleb128 0x7
 657 00dd A5000000 		.4byte	0xa5
 658 00e1 08       		.uleb128 0x8
 659 00e2 AD000000 		.4byte	.LASF42
 660 00e6 01       		.byte	0x1
 661 00e7 7E       		.byte	0x7e
 662 00e8 00000000 		.4byte	.LFB5
 663 00ec 02000000 		.4byte	.LFE5-.LFB5
 664 00f0 01       		.uleb128 0x1
 665 00f1 9C       		.byte	0x9c
 666 00f2 04010000 		.4byte	0x104
 667 00f6 09       		.uleb128 0x9
 668 00f7 5C010000 		.4byte	.LASF20
 669 00fb 01       		.byte	0x1
 670 00fc 7E       		.byte	0x7e
 671 00fd 8D000000 		.4byte	0x8d
ARM GAS  C:\Users\Intern\AppData\Local\Temp\ccp9o11j.s 			page 20


 672 0101 01       		.uleb128 0x1
 673 0102 50       		.byte	0x50
 674 0103 00       		.byte	0
 675 0104 0A       		.uleb128 0xa
 676 0105 0C010000 		.4byte	.LASF21
 677 0109 01       		.byte	0x1
 678 010a 4C       		.byte	0x4c
 679 010b 00000000 		.4byte	.LFB2
 680 010f 0C000000 		.4byte	.LFE2-.LFB2
 681 0113 01       		.uleb128 0x1
 682 0114 9C       		.byte	0x9c
 683 0115 51010000 		.4byte	0x151
 684 0119 0B       		.uleb128 0xb
 685 011a 7300     		.ascii	"s\000"
 686 011c 01       		.byte	0x1
 687 011d 4C       		.byte	0x4c
 688 011e 84000000 		.4byte	0x84
 689 0122 00000000 		.4byte	.LLST0
 690 0126 0B       		.uleb128 0xb
 691 0127 6E00     		.ascii	"n\000"
 692 0129 01       		.byte	0x1
 693 012a 4C       		.byte	0x4c
 694 012b 2C000000 		.4byte	0x2c
 695 012f 21000000 		.4byte	.LLST1
 696 0133 0C       		.uleb128 0xc
 697 0134 0A000000 		.4byte	.LVL3
 698 0138 33030000 		.4byte	0x333
 699 013c 0D       		.uleb128 0xd
 700 013d 01       		.uleb128 0x1
 701 013e 50       		.byte	0x50
 702 013f 03       		.uleb128 0x3
 703 0140 F3       		.byte	0xf3
 704 0141 01       		.uleb128 0x1
 705 0142 50       		.byte	0x50
 706 0143 0D       		.uleb128 0xd
 707 0144 01       		.uleb128 0x1
 708 0145 51       		.byte	0x51
 709 0146 01       		.uleb128 0x1
 710 0147 30       		.byte	0x30
 711 0148 0D       		.uleb128 0xd
 712 0149 01       		.uleb128 0x1
 713 014a 52       		.byte	0x52
 714 014b 03       		.uleb128 0x3
 715 014c F3       		.byte	0xf3
 716 014d 01       		.uleb128 0x1
 717 014e 51       		.byte	0x51
 718 014f 00       		.byte	0
 719 0150 00       		.byte	0
 720 0151 0A       		.uleb128 0xa
 721 0152 3C000000 		.4byte	.LASF22
 722 0156 01       		.byte	0x1
 723 0157 AA       		.byte	0xaa
 724 0158 00000000 		.4byte	.LFB6
 725 015c 0C010000 		.4byte	.LFE6-.LFB6
 726 0160 01       		.uleb128 0x1
 727 0161 9C       		.byte	0x9c
 728 0162 F6010000 		.4byte	0x1f6
ARM GAS  C:\Users\Intern\AppData\Local\Temp\ccp9o11j.s 			page 21


 729 0166 0E       		.uleb128 0xe
 730 0167 E2020000 		.4byte	.LASF24
 731 016b 01       		.byte	0x1
 732 016c AC       		.byte	0xac
 733 016d 8D000000 		.4byte	0x8d
 734 0171 4D000000 		.4byte	.LLST2
 735 0175 0F       		.uleb128 0xf
 736 0176 0C000000 		.4byte	.LVL4
 737 017a 3C030000 		.4byte	0x33c
 738 017e 10       		.uleb128 0x10
 739 017f 12000000 		.4byte	.LVL5
 740 0183 47030000 		.4byte	0x347
 741 0187 95010000 		.4byte	0x195
 742 018b 0D       		.uleb128 0xd
 743 018c 01       		.uleb128 0x1
 744 018d 50       		.byte	0x50
 745 018e 05       		.uleb128 0x5
 746 018f 0C       		.byte	0xc
 747 0190 001BB700 		.4byte	0xb71b00
 748 0194 00       		.byte	0
 749 0195 10       		.uleb128 0x10
 750 0196 18000000 		.4byte	.LVL6
 751 019a 52030000 		.4byte	0x352
 752 019e A8010000 		.4byte	0x1a8
 753 01a2 0D       		.uleb128 0xd
 754 01a3 01       		.uleb128 0x1
 755 01a4 50       		.byte	0x50
 756 01a5 01       		.uleb128 0x1
 757 01a6 31       		.byte	0x31
 758 01a7 00       		.byte	0
 759 01a8 10       		.uleb128 0x10
 760 01a9 1E000000 		.4byte	.LVL7
 761 01ad 5D030000 		.4byte	0x35d
 762 01b1 BC010000 		.4byte	0x1bc
 763 01b5 0D       		.uleb128 0xd
 764 01b6 01       		.uleb128 0x1
 765 01b7 50       		.byte	0x50
 766 01b8 02       		.uleb128 0x2
 767 01b9 08       		.byte	0x8
 768 01ba 30       		.byte	0x30
 769 01bb 00       		.byte	0
 770 01bc 10       		.uleb128 0x10
 771 01bd 4E000000 		.4byte	.LVL8
 772 01c1 68030000 		.4byte	0x368
 773 01c5 D1010000 		.4byte	0x1d1
 774 01c9 0D       		.uleb128 0xd
 775 01ca 01       		.uleb128 0x1
 776 01cb 50       		.byte	0x50
 777 01cc 03       		.uleb128 0x3
 778 01cd 0A       		.byte	0xa
 779 01ce D007     		.2byte	0x7d0
 780 01d0 00       		.byte	0
 781 01d1 10       		.uleb128 0x10
 782 01d2 5A000000 		.4byte	.LVL11
 783 01d6 E1000000 		.4byte	0xe1
 784 01da E4010000 		.4byte	0x1e4
 785 01de 0D       		.uleb128 0xd
ARM GAS  C:\Users\Intern\AppData\Local\Temp\ccp9o11j.s 			page 22


 786 01df 01       		.uleb128 0x1
 787 01e0 50       		.byte	0x50
 788 01e1 01       		.uleb128 0x1
 789 01e2 31       		.byte	0x31
 790 01e3 00       		.byte	0
 791 01e4 0C       		.uleb128 0xc
 792 01e5 60000000 		.4byte	.LVL13
 793 01e9 73030000 		.4byte	0x373
 794 01ed 0D       		.uleb128 0xd
 795 01ee 01       		.uleb128 0x1
 796 01ef 50       		.byte	0x50
 797 01f0 03       		.uleb128 0x3
 798 01f1 0A       		.byte	0xa
 799 01f2 DC05     		.2byte	0x5dc
 800 01f4 00       		.byte	0
 801 01f5 00       		.byte	0
 802 01f6 11       		.uleb128 0x11
 803 01f7 16010000 		.4byte	.LASF27
 804 01fb 01       		.byte	0x1
 805 01fc 1B01     		.2byte	0x11b
 806 01fe 00000000 		.4byte	.LFB8
 807 0202 20000000 		.4byte	.LFE8-.LFB8
 808 0206 01       		.uleb128 0x1
 809 0207 9C       		.byte	0x9c
 810 0208 2B020000 		.4byte	0x22b
 811 020c 12       		.uleb128 0x12
 812 020d 6B020000 		.4byte	.LASF23
 813 0211 01       		.byte	0x1
 814 0212 1B01     		.2byte	0x11b
 815 0214 8D000000 		.4byte	0x8d
 816 0218 01       		.uleb128 0x1
 817 0219 50       		.byte	0x50
 818 021a 13       		.uleb128 0x13
 819 021b D9020000 		.4byte	.LASF25
 820 021f 01       		.byte	0x1
 821 0220 1D01     		.2byte	0x11d
 822 0222 A5000000 		.4byte	0xa5
 823 0226 6B000000 		.4byte	.LLST3
 824 022a 00       		.byte	0
 825 022b 0A       		.uleb128 0xa
 826 022c 1B000000 		.4byte	.LASF26
 827 0230 01       		.byte	0x1
 828 0231 FB       		.byte	0xfb
 829 0232 00000000 		.4byte	.LFB7
 830 0236 78000000 		.4byte	.LFE7-.LFB7
 831 023a 01       		.uleb128 0x1
 832 023b 9C       		.byte	0x9c
 833 023c 50020000 		.4byte	0x250
 834 0240 0C       		.uleb128 0xc
 835 0241 40000000 		.4byte	.LVL19
 836 0245 F6010000 		.4byte	0x1f6
 837 0249 0D       		.uleb128 0xd
 838 024a 01       		.uleb128 0x1
 839 024b 50       		.byte	0x50
 840 024c 01       		.uleb128 0x1
 841 024d 31       		.byte	0x31
 842 024e 00       		.byte	0
ARM GAS  C:\Users\Intern\AppData\Local\Temp\ccp9o11j.s 			page 23


 843 024f 00       		.byte	0
 844 0250 11       		.uleb128 0x11
 845 0251 48010000 		.4byte	.LASF28
 846 0255 01       		.byte	0x1
 847 0256 3D01     		.2byte	0x13d
 848 0258 0C010000 		.4byte	.LFB9
 849 025c 04010000 		.4byte	.LFE9-.LFB9
 850 0260 01       		.uleb128 0x1
 851 0261 9C       		.byte	0x9c
 852 0262 33030000 		.4byte	0x333
 853 0266 14       		.uleb128 0x14
 854 0267 16010000 		.4byte	.LBB2
 855 026b 52000000 		.4byte	.LBE2-.LBB2
 856 026f 20030000 		.4byte	0x320
 857 0273 15       		.uleb128 0x15
 858 0274 06       		.byte	0x6
 859 0275 01       		.byte	0x1
 860 0276 4601     		.2byte	0x146
 861 0278 97020000 		.4byte	0x297
 862 027c 16       		.uleb128 0x16
 863 027d 7A010000 		.4byte	.LASF29
 864 0281 01       		.byte	0x1
 865 0282 4701     		.2byte	0x147
 866 0284 84000000 		.4byte	0x84
 867 0288 00       		.byte	0
 868 0289 16       		.uleb128 0x16
 869 028a C1000000 		.4byte	.LASF30
 870 028e 01       		.byte	0x1
 871 028f 4801     		.2byte	0x148
 872 0291 99000000 		.4byte	0x99
 873 0295 04       		.byte	0x4
 874 0296 00       		.byte	0
 875 0297 06       		.uleb128 0x6
 876 0298 27020000 		.4byte	.LASF31
 877 029c 01       		.byte	0x1
 878 029d 4901     		.2byte	0x149
 879 029f 73020000 		.4byte	0x273
 880 02a3 17       		.uleb128 0x17
 881 02a4 B3020000 		.4byte	0x2b3
 882 02a8 B3020000 		.4byte	0x2b3
 883 02ac 18       		.uleb128 0x18
 884 02ad 7D000000 		.4byte	0x7d
 885 02b1 01       		.byte	0x1
 886 02b2 00       		.byte	0
 887 02b3 19       		.uleb128 0x19
 888 02b4 97020000 		.4byte	0x297
 889 02b8 1A       		.uleb128 0x1a
 890 02b9 2C000000 		.4byte	.LASF32
 891 02bd 01       		.byte	0x1
 892 02be 4B01     		.2byte	0x14b
 893 02c0 CA020000 		.4byte	0x2ca
 894 02c4 05       		.uleb128 0x5
 895 02c5 03       		.byte	0x3
 896 02c6 00000000 		.4byte	cfg_memset_list.4897
 897 02ca 19       		.uleb128 0x19
 898 02cb A3020000 		.4byte	0x2a3
 899 02cf 1B       		.uleb128 0x1b
ARM GAS  C:\Users\Intern\AppData\Local\Temp\ccp9o11j.s 			page 24


 900 02d0 6900     		.ascii	"i\000"
 901 02d2 01       		.byte	0x1
 902 02d3 5101     		.2byte	0x151
 903 02d5 8D000000 		.4byte	0x8d
 904 02d9 89000000 		.4byte	.LLST4
 905 02dd 1C       		.uleb128 0x1c
 906 02de 1A010000 		.4byte	.LBB3
 907 02e2 1C000000 		.4byte	.LBE3-.LBB3
 908 02e6 1B       		.uleb128 0x1b
 909 02e7 6D7300   		.ascii	"ms\000"
 910 02ea 01       		.byte	0x1
 911 02eb 5601     		.2byte	0x156
 912 02ed F5020000 		.4byte	0x2f5
 913 02f1 B3000000 		.4byte	.LLST5
 914 02f5 1D       		.uleb128 0x1d
 915 02f6 04       		.byte	0x4
 916 02f7 B3020000 		.4byte	0x2b3
 917 02fb 0C       		.uleb128 0xc
 918 02fc 36010000 		.4byte	.LVL22
 919 0300 04010000 		.4byte	0x104
 920 0304 0D       		.uleb128 0xd
 921 0305 01       		.uleb128 0x1
 922 0306 51       		.byte	0x51
 923 0307 15       		.uleb128 0x15
 924 0308 74       		.byte	0x74
 925 0309 00       		.sleb128 0
 926 030a 31       		.byte	0x31
 927 030b 24       		.byte	0x24
 928 030c 74       		.byte	0x74
 929 030d 00       		.sleb128 0
 930 030e 22       		.byte	0x22
 931 030f 31       		.byte	0x31
 932 0310 24       		.byte	0x24
 933 0311 03       		.byte	0x3
 934 0312 04000000 		.4byte	.LANCHOR0+4
 935 0316 22       		.byte	0x22
 936 0317 94       		.byte	0x94
 937 0318 02       		.byte	0x2
 938 0319 0A       		.byte	0xa
 939 031a FFFF     		.2byte	0xffff
 940 031c 1A       		.byte	0x1a
 941 031d 00       		.byte	0
 942 031e 00       		.byte	0
 943 031f 00       		.byte	0
 944 0320 0F       		.uleb128 0xf
 945 0321 B2010000 		.4byte	.LVL25
 946 0325 51010000 		.4byte	0x151
 947 0329 0F       		.uleb128 0xf
 948 032a B6010000 		.4byte	.LVL26
 949 032e 2B020000 		.4byte	0x22b
 950 0332 00       		.byte	0
 951 0333 1E       		.uleb128 0x1e
 952 0334 3A010000 		.4byte	.LASF43
 953 0338 3A010000 		.4byte	.LASF43
 954 033c 1F       		.uleb128 0x1f
 955 033d FB000000 		.4byte	.LASF33
 956 0341 FB000000 		.4byte	.LASF33
ARM GAS  C:\Users\Intern\AppData\Local\Temp\ccp9o11j.s 			page 25


 957 0345 04       		.byte	0x4
 958 0346 4E       		.byte	0x4e
 959 0347 1F       		.uleb128 0x1f
 960 0348 00000000 		.4byte	.LASF34
 961 034c 00000000 		.4byte	.LASF34
 962 0350 05       		.byte	0x5
 963 0351 DC       		.byte	0xdc
 964 0352 1F       		.uleb128 0x1f
 965 0353 C6000000 		.4byte	.LASF35
 966 0357 C6000000 		.4byte	.LASF35
 967 035b 04       		.byte	0x4
 968 035c 50       		.byte	0x50
 969 035d 1F       		.uleb128 0x1f
 970 035e 7D020000 		.4byte	.LASF36
 971 0362 7D020000 		.4byte	.LASF36
 972 0366 05       		.byte	0x5
 973 0367 6C       		.byte	0x6c
 974 0368 1F       		.uleb128 0x1f
 975 0369 5A020000 		.4byte	.LASF37
 976 036d 5A020000 		.4byte	.LASF37
 977 0371 05       		.byte	0x5
 978 0372 84       		.byte	0x84
 979 0373 1F       		.uleb128 0x1f
 980 0374 4B020000 		.4byte	.LASF38
 981 0378 4B020000 		.4byte	.LASF38
 982 037c 05       		.byte	0x5
 983 037d DA       		.byte	0xda
 984 037e 00       		.byte	0
 985              		.section	.debug_abbrev,"",%progbits
 986              	.Ldebug_abbrev0:
 987 0000 01       		.uleb128 0x1
 988 0001 11       		.uleb128 0x11
 989 0002 01       		.byte	0x1
 990 0003 25       		.uleb128 0x25
 991 0004 0E       		.uleb128 0xe
 992 0005 13       		.uleb128 0x13
 993 0006 0B       		.uleb128 0xb
 994 0007 03       		.uleb128 0x3
 995 0008 0E       		.uleb128 0xe
 996 0009 1B       		.uleb128 0x1b
 997 000a 0E       		.uleb128 0xe
 998 000b 55       		.uleb128 0x55
 999 000c 17       		.uleb128 0x17
 1000 000d 11       		.uleb128 0x11
 1001 000e 01       		.uleb128 0x1
 1002 000f 10       		.uleb128 0x10
 1003 0010 17       		.uleb128 0x17
 1004 0011 00       		.byte	0
 1005 0012 00       		.byte	0
 1006 0013 02       		.uleb128 0x2
 1007 0014 24       		.uleb128 0x24
 1008 0015 00       		.byte	0
 1009 0016 0B       		.uleb128 0xb
 1010 0017 0B       		.uleb128 0xb
 1011 0018 3E       		.uleb128 0x3e
 1012 0019 0B       		.uleb128 0xb
 1013 001a 03       		.uleb128 0x3
ARM GAS  C:\Users\Intern\AppData\Local\Temp\ccp9o11j.s 			page 26


 1014 001b 08       		.uleb128 0x8
 1015 001c 00       		.byte	0
 1016 001d 00       		.byte	0
 1017 001e 03       		.uleb128 0x3
 1018 001f 16       		.uleb128 0x16
 1019 0020 00       		.byte	0
 1020 0021 03       		.uleb128 0x3
 1021 0022 0E       		.uleb128 0xe
 1022 0023 3A       		.uleb128 0x3a
 1023 0024 0B       		.uleb128 0xb
 1024 0025 3B       		.uleb128 0x3b
 1025 0026 0B       		.uleb128 0xb
 1026 0027 49       		.uleb128 0x49
 1027 0028 13       		.uleb128 0x13
 1028 0029 00       		.byte	0
 1029 002a 00       		.byte	0
 1030 002b 04       		.uleb128 0x4
 1031 002c 24       		.uleb128 0x24
 1032 002d 00       		.byte	0
 1033 002e 0B       		.uleb128 0xb
 1034 002f 0B       		.uleb128 0xb
 1035 0030 3E       		.uleb128 0x3e
 1036 0031 0B       		.uleb128 0xb
 1037 0032 03       		.uleb128 0x3
 1038 0033 0E       		.uleb128 0xe
 1039 0034 00       		.byte	0
 1040 0035 00       		.byte	0
 1041 0036 05       		.uleb128 0x5
 1042 0037 0F       		.uleb128 0xf
 1043 0038 00       		.byte	0
 1044 0039 0B       		.uleb128 0xb
 1045 003a 0B       		.uleb128 0xb
 1046 003b 00       		.byte	0
 1047 003c 00       		.byte	0
 1048 003d 06       		.uleb128 0x6
 1049 003e 16       		.uleb128 0x16
 1050 003f 00       		.byte	0
 1051 0040 03       		.uleb128 0x3
 1052 0041 0E       		.uleb128 0xe
 1053 0042 3A       		.uleb128 0x3a
 1054 0043 0B       		.uleb128 0xb
 1055 0044 3B       		.uleb128 0x3b
 1056 0045 05       		.uleb128 0x5
 1057 0046 49       		.uleb128 0x49
 1058 0047 13       		.uleb128 0x13
 1059 0048 00       		.byte	0
 1060 0049 00       		.byte	0
 1061 004a 07       		.uleb128 0x7
 1062 004b 35       		.uleb128 0x35
 1063 004c 00       		.byte	0
 1064 004d 49       		.uleb128 0x49
 1065 004e 13       		.uleb128 0x13
 1066 004f 00       		.byte	0
 1067 0050 00       		.byte	0
 1068 0051 08       		.uleb128 0x8
 1069 0052 2E       		.uleb128 0x2e
 1070 0053 01       		.byte	0x1
ARM GAS  C:\Users\Intern\AppData\Local\Temp\ccp9o11j.s 			page 27


 1071 0054 03       		.uleb128 0x3
 1072 0055 0E       		.uleb128 0xe
 1073 0056 3A       		.uleb128 0x3a
 1074 0057 0B       		.uleb128 0xb
 1075 0058 3B       		.uleb128 0x3b
 1076 0059 0B       		.uleb128 0xb
 1077 005a 27       		.uleb128 0x27
 1078 005b 19       		.uleb128 0x19
 1079 005c 8701     		.uleb128 0x87
 1080 005e 19       		.uleb128 0x19
 1081 005f 11       		.uleb128 0x11
 1082 0060 01       		.uleb128 0x1
 1083 0061 12       		.uleb128 0x12
 1084 0062 06       		.uleb128 0x6
 1085 0063 40       		.uleb128 0x40
 1086 0064 18       		.uleb128 0x18
 1087 0065 9742     		.uleb128 0x2117
 1088 0067 19       		.uleb128 0x19
 1089 0068 01       		.uleb128 0x1
 1090 0069 13       		.uleb128 0x13
 1091 006a 00       		.byte	0
 1092 006b 00       		.byte	0
 1093 006c 09       		.uleb128 0x9
 1094 006d 05       		.uleb128 0x5
 1095 006e 00       		.byte	0
 1096 006f 03       		.uleb128 0x3
 1097 0070 0E       		.uleb128 0xe
 1098 0071 3A       		.uleb128 0x3a
 1099 0072 0B       		.uleb128 0xb
 1100 0073 3B       		.uleb128 0x3b
 1101 0074 0B       		.uleb128 0xb
 1102 0075 49       		.uleb128 0x49
 1103 0076 13       		.uleb128 0x13
 1104 0077 02       		.uleb128 0x2
 1105 0078 18       		.uleb128 0x18
 1106 0079 00       		.byte	0
 1107 007a 00       		.byte	0
 1108 007b 0A       		.uleb128 0xa
 1109 007c 2E       		.uleb128 0x2e
 1110 007d 01       		.byte	0x1
 1111 007e 03       		.uleb128 0x3
 1112 007f 0E       		.uleb128 0xe
 1113 0080 3A       		.uleb128 0x3a
 1114 0081 0B       		.uleb128 0xb
 1115 0082 3B       		.uleb128 0x3b
 1116 0083 0B       		.uleb128 0xb
 1117 0084 27       		.uleb128 0x27
 1118 0085 19       		.uleb128 0x19
 1119 0086 11       		.uleb128 0x11
 1120 0087 01       		.uleb128 0x1
 1121 0088 12       		.uleb128 0x12
 1122 0089 06       		.uleb128 0x6
 1123 008a 40       		.uleb128 0x40
 1124 008b 18       		.uleb128 0x18
 1125 008c 9742     		.uleb128 0x2117
 1126 008e 19       		.uleb128 0x19
 1127 008f 01       		.uleb128 0x1
ARM GAS  C:\Users\Intern\AppData\Local\Temp\ccp9o11j.s 			page 28


 1128 0090 13       		.uleb128 0x13
 1129 0091 00       		.byte	0
 1130 0092 00       		.byte	0
 1131 0093 0B       		.uleb128 0xb
 1132 0094 05       		.uleb128 0x5
 1133 0095 00       		.byte	0
 1134 0096 03       		.uleb128 0x3
 1135 0097 08       		.uleb128 0x8
 1136 0098 3A       		.uleb128 0x3a
 1137 0099 0B       		.uleb128 0xb
 1138 009a 3B       		.uleb128 0x3b
 1139 009b 0B       		.uleb128 0xb
 1140 009c 49       		.uleb128 0x49
 1141 009d 13       		.uleb128 0x13
 1142 009e 02       		.uleb128 0x2
 1143 009f 17       		.uleb128 0x17
 1144 00a0 00       		.byte	0
 1145 00a1 00       		.byte	0
 1146 00a2 0C       		.uleb128 0xc
 1147 00a3 898201   		.uleb128 0x4109
 1148 00a6 01       		.byte	0x1
 1149 00a7 11       		.uleb128 0x11
 1150 00a8 01       		.uleb128 0x1
 1151 00a9 31       		.uleb128 0x31
 1152 00aa 13       		.uleb128 0x13
 1153 00ab 00       		.byte	0
 1154 00ac 00       		.byte	0
 1155 00ad 0D       		.uleb128 0xd
 1156 00ae 8A8201   		.uleb128 0x410a
 1157 00b1 00       		.byte	0
 1158 00b2 02       		.uleb128 0x2
 1159 00b3 18       		.uleb128 0x18
 1160 00b4 9142     		.uleb128 0x2111
 1161 00b6 18       		.uleb128 0x18
 1162 00b7 00       		.byte	0
 1163 00b8 00       		.byte	0
 1164 00b9 0E       		.uleb128 0xe
 1165 00ba 34       		.uleb128 0x34
 1166 00bb 00       		.byte	0
 1167 00bc 03       		.uleb128 0x3
 1168 00bd 0E       		.uleb128 0xe
 1169 00be 3A       		.uleb128 0x3a
 1170 00bf 0B       		.uleb128 0xb
 1171 00c0 3B       		.uleb128 0x3b
 1172 00c1 0B       		.uleb128 0xb
 1173 00c2 49       		.uleb128 0x49
 1174 00c3 13       		.uleb128 0x13
 1175 00c4 02       		.uleb128 0x2
 1176 00c5 17       		.uleb128 0x17
 1177 00c6 00       		.byte	0
 1178 00c7 00       		.byte	0
 1179 00c8 0F       		.uleb128 0xf
 1180 00c9 898201   		.uleb128 0x4109
 1181 00cc 00       		.byte	0
 1182 00cd 11       		.uleb128 0x11
 1183 00ce 01       		.uleb128 0x1
 1184 00cf 31       		.uleb128 0x31
ARM GAS  C:\Users\Intern\AppData\Local\Temp\ccp9o11j.s 			page 29


 1185 00d0 13       		.uleb128 0x13
 1186 00d1 00       		.byte	0
 1187 00d2 00       		.byte	0
 1188 00d3 10       		.uleb128 0x10
 1189 00d4 898201   		.uleb128 0x4109
 1190 00d7 01       		.byte	0x1
 1191 00d8 11       		.uleb128 0x11
 1192 00d9 01       		.uleb128 0x1
 1193 00da 31       		.uleb128 0x31
 1194 00db 13       		.uleb128 0x13
 1195 00dc 01       		.uleb128 0x1
 1196 00dd 13       		.uleb128 0x13
 1197 00de 00       		.byte	0
 1198 00df 00       		.byte	0
 1199 00e0 11       		.uleb128 0x11
 1200 00e1 2E       		.uleb128 0x2e
 1201 00e2 01       		.byte	0x1
 1202 00e3 3F       		.uleb128 0x3f
 1203 00e4 19       		.uleb128 0x19
 1204 00e5 03       		.uleb128 0x3
 1205 00e6 0E       		.uleb128 0xe
 1206 00e7 3A       		.uleb128 0x3a
 1207 00e8 0B       		.uleb128 0xb
 1208 00e9 3B       		.uleb128 0x3b
 1209 00ea 05       		.uleb128 0x5
 1210 00eb 27       		.uleb128 0x27
 1211 00ec 19       		.uleb128 0x19
 1212 00ed 11       		.uleb128 0x11
 1213 00ee 01       		.uleb128 0x1
 1214 00ef 12       		.uleb128 0x12
 1215 00f0 06       		.uleb128 0x6
 1216 00f1 40       		.uleb128 0x40
 1217 00f2 18       		.uleb128 0x18
 1218 00f3 9742     		.uleb128 0x2117
 1219 00f5 19       		.uleb128 0x19
 1220 00f6 01       		.uleb128 0x1
 1221 00f7 13       		.uleb128 0x13
 1222 00f8 00       		.byte	0
 1223 00f9 00       		.byte	0
 1224 00fa 12       		.uleb128 0x12
 1225 00fb 05       		.uleb128 0x5
 1226 00fc 00       		.byte	0
 1227 00fd 03       		.uleb128 0x3
 1228 00fe 0E       		.uleb128 0xe
 1229 00ff 3A       		.uleb128 0x3a
 1230 0100 0B       		.uleb128 0xb
 1231 0101 3B       		.uleb128 0x3b
 1232 0102 05       		.uleb128 0x5
 1233 0103 49       		.uleb128 0x49
 1234 0104 13       		.uleb128 0x13
 1235 0105 02       		.uleb128 0x2
 1236 0106 18       		.uleb128 0x18
 1237 0107 00       		.byte	0
 1238 0108 00       		.byte	0
 1239 0109 13       		.uleb128 0x13
 1240 010a 34       		.uleb128 0x34
 1241 010b 00       		.byte	0
ARM GAS  C:\Users\Intern\AppData\Local\Temp\ccp9o11j.s 			page 30


 1242 010c 03       		.uleb128 0x3
 1243 010d 0E       		.uleb128 0xe
 1244 010e 3A       		.uleb128 0x3a
 1245 010f 0B       		.uleb128 0xb
 1246 0110 3B       		.uleb128 0x3b
 1247 0111 05       		.uleb128 0x5
 1248 0112 49       		.uleb128 0x49
 1249 0113 13       		.uleb128 0x13
 1250 0114 02       		.uleb128 0x2
 1251 0115 17       		.uleb128 0x17
 1252 0116 00       		.byte	0
 1253 0117 00       		.byte	0
 1254 0118 14       		.uleb128 0x14
 1255 0119 0B       		.uleb128 0xb
 1256 011a 01       		.byte	0x1
 1257 011b 11       		.uleb128 0x11
 1258 011c 01       		.uleb128 0x1
 1259 011d 12       		.uleb128 0x12
 1260 011e 06       		.uleb128 0x6
 1261 011f 01       		.uleb128 0x1
 1262 0120 13       		.uleb128 0x13
 1263 0121 00       		.byte	0
 1264 0122 00       		.byte	0
 1265 0123 15       		.uleb128 0x15
 1266 0124 13       		.uleb128 0x13
 1267 0125 01       		.byte	0x1
 1268 0126 0B       		.uleb128 0xb
 1269 0127 0B       		.uleb128 0xb
 1270 0128 3A       		.uleb128 0x3a
 1271 0129 0B       		.uleb128 0xb
 1272 012a 3B       		.uleb128 0x3b
 1273 012b 05       		.uleb128 0x5
 1274 012c 01       		.uleb128 0x1
 1275 012d 13       		.uleb128 0x13
 1276 012e 00       		.byte	0
 1277 012f 00       		.byte	0
 1278 0130 16       		.uleb128 0x16
 1279 0131 0D       		.uleb128 0xd
 1280 0132 00       		.byte	0
 1281 0133 03       		.uleb128 0x3
 1282 0134 0E       		.uleb128 0xe
 1283 0135 3A       		.uleb128 0x3a
 1284 0136 0B       		.uleb128 0xb
 1285 0137 3B       		.uleb128 0x3b
 1286 0138 05       		.uleb128 0x5
 1287 0139 49       		.uleb128 0x49
 1288 013a 13       		.uleb128 0x13
 1289 013b 38       		.uleb128 0x38
 1290 013c 0B       		.uleb128 0xb
 1291 013d 00       		.byte	0
 1292 013e 00       		.byte	0
 1293 013f 17       		.uleb128 0x17
 1294 0140 01       		.uleb128 0x1
 1295 0141 01       		.byte	0x1
 1296 0142 49       		.uleb128 0x49
 1297 0143 13       		.uleb128 0x13
 1298 0144 01       		.uleb128 0x1
ARM GAS  C:\Users\Intern\AppData\Local\Temp\ccp9o11j.s 			page 31


 1299 0145 13       		.uleb128 0x13
 1300 0146 00       		.byte	0
 1301 0147 00       		.byte	0
 1302 0148 18       		.uleb128 0x18
 1303 0149 21       		.uleb128 0x21
 1304 014a 00       		.byte	0
 1305 014b 49       		.uleb128 0x49
 1306 014c 13       		.uleb128 0x13
 1307 014d 2F       		.uleb128 0x2f
 1308 014e 0B       		.uleb128 0xb
 1309 014f 00       		.byte	0
 1310 0150 00       		.byte	0
 1311 0151 19       		.uleb128 0x19
 1312 0152 26       		.uleb128 0x26
 1313 0153 00       		.byte	0
 1314 0154 49       		.uleb128 0x49
 1315 0155 13       		.uleb128 0x13
 1316 0156 00       		.byte	0
 1317 0157 00       		.byte	0
 1318 0158 1A       		.uleb128 0x1a
 1319 0159 34       		.uleb128 0x34
 1320 015a 00       		.byte	0
 1321 015b 03       		.uleb128 0x3
 1322 015c 0E       		.uleb128 0xe
 1323 015d 3A       		.uleb128 0x3a
 1324 015e 0B       		.uleb128 0xb
 1325 015f 3B       		.uleb128 0x3b
 1326 0160 05       		.uleb128 0x5
 1327 0161 49       		.uleb128 0x49
 1328 0162 13       		.uleb128 0x13
 1329 0163 02       		.uleb128 0x2
 1330 0164 18       		.uleb128 0x18
 1331 0165 00       		.byte	0
 1332 0166 00       		.byte	0
 1333 0167 1B       		.uleb128 0x1b
 1334 0168 34       		.uleb128 0x34
 1335 0169 00       		.byte	0
 1336 016a 03       		.uleb128 0x3
 1337 016b 08       		.uleb128 0x8
 1338 016c 3A       		.uleb128 0x3a
 1339 016d 0B       		.uleb128 0xb
 1340 016e 3B       		.uleb128 0x3b
 1341 016f 05       		.uleb128 0x5
 1342 0170 49       		.uleb128 0x49
 1343 0171 13       		.uleb128 0x13
 1344 0172 02       		.uleb128 0x2
 1345 0173 17       		.uleb128 0x17
 1346 0174 00       		.byte	0
 1347 0175 00       		.byte	0
 1348 0176 1C       		.uleb128 0x1c
 1349 0177 0B       		.uleb128 0xb
 1350 0178 01       		.byte	0x1
 1351 0179 11       		.uleb128 0x11
 1352 017a 01       		.uleb128 0x1
 1353 017b 12       		.uleb128 0x12
 1354 017c 06       		.uleb128 0x6
 1355 017d 00       		.byte	0
ARM GAS  C:\Users\Intern\AppData\Local\Temp\ccp9o11j.s 			page 32


 1356 017e 00       		.byte	0
 1357 017f 1D       		.uleb128 0x1d
 1358 0180 0F       		.uleb128 0xf
 1359 0181 00       		.byte	0
 1360 0182 0B       		.uleb128 0xb
 1361 0183 0B       		.uleb128 0xb
 1362 0184 49       		.uleb128 0x49
 1363 0185 13       		.uleb128 0x13
 1364 0186 00       		.byte	0
 1365 0187 00       		.byte	0
 1366 0188 1E       		.uleb128 0x1e
 1367 0189 2E       		.uleb128 0x2e
 1368 018a 00       		.byte	0
 1369 018b 3F       		.uleb128 0x3f
 1370 018c 19       		.uleb128 0x19
 1371 018d 3C       		.uleb128 0x3c
 1372 018e 19       		.uleb128 0x19
 1373 018f 6E       		.uleb128 0x6e
 1374 0190 0E       		.uleb128 0xe
 1375 0191 03       		.uleb128 0x3
 1376 0192 0E       		.uleb128 0xe
 1377 0193 00       		.byte	0
 1378 0194 00       		.byte	0
 1379 0195 1F       		.uleb128 0x1f
 1380 0196 2E       		.uleb128 0x2e
 1381 0197 00       		.byte	0
 1382 0198 3F       		.uleb128 0x3f
 1383 0199 19       		.uleb128 0x19
 1384 019a 3C       		.uleb128 0x3c
 1385 019b 19       		.uleb128 0x19
 1386 019c 6E       		.uleb128 0x6e
 1387 019d 0E       		.uleb128 0xe
 1388 019e 03       		.uleb128 0x3
 1389 019f 0E       		.uleb128 0xe
 1390 01a0 3A       		.uleb128 0x3a
 1391 01a1 0B       		.uleb128 0xb
 1392 01a2 3B       		.uleb128 0x3b
 1393 01a3 0B       		.uleb128 0xb
 1394 01a4 00       		.byte	0
 1395 01a5 00       		.byte	0
 1396 01a6 00       		.byte	0
 1397              		.section	.debug_loc,"",%progbits
 1398              	.Ldebug_loc0:
 1399              	.LLST0:
 1400 0000 00000000 		.4byte	.LVL1
 1401 0004 09000000 		.4byte	.LVL3-1
 1402 0008 0100     		.2byte	0x1
 1403 000a 50       		.byte	0x50
 1404 000b 09000000 		.4byte	.LVL3-1
 1405 000f 0C000000 		.4byte	.LFE2
 1406 0013 0400     		.2byte	0x4
 1407 0015 F3       		.byte	0xf3
 1408 0016 01       		.uleb128 0x1
 1409 0017 50       		.byte	0x50
 1410 0018 9F       		.byte	0x9f
 1411 0019 00000000 		.4byte	0
 1412 001d 00000000 		.4byte	0
ARM GAS  C:\Users\Intern\AppData\Local\Temp\ccp9o11j.s 			page 33


 1413              	.LLST1:
 1414 0021 00000000 		.4byte	.LVL1
 1415 0025 06000000 		.4byte	.LVL2
 1416 0029 0100     		.2byte	0x1
 1417 002b 51       		.byte	0x51
 1418 002c 06000000 		.4byte	.LVL2
 1419 0030 09000000 		.4byte	.LVL3-1
 1420 0034 0100     		.2byte	0x1
 1421 0036 52       		.byte	0x52
 1422 0037 09000000 		.4byte	.LVL3-1
 1423 003b 0C000000 		.4byte	.LFE2
 1424 003f 0400     		.2byte	0x4
 1425 0041 F3       		.byte	0xf3
 1426 0042 01       		.uleb128 0x1
 1427 0043 51       		.byte	0x51
 1428 0044 9F       		.byte	0x9f
 1429 0045 00000000 		.4byte	0
 1430 0049 00000000 		.4byte	0
 1431              	.LLST2:
 1432 004d 50000000 		.4byte	.LVL9
 1433 0051 56000000 		.4byte	.LVL10
 1434 0055 0100     		.2byte	0x1
 1435 0057 50       		.byte	0x50
 1436 0058 5A000000 		.4byte	.LVL11
 1437 005c 5C000000 		.4byte	.LVL12
 1438 0060 0100     		.2byte	0x1
 1439 0062 50       		.byte	0x50
 1440 0063 00000000 		.4byte	0
 1441 0067 00000000 		.4byte	0
 1442              	.LLST3:
 1443 006b 04000000 		.4byte	.LVL15
 1444 006f 12000000 		.4byte	.LVL17
 1445 0073 0100     		.2byte	0x1
 1446 0075 53       		.byte	0x53
 1447 0076 14000000 		.4byte	.LVL18
 1448 007a 20000000 		.4byte	.LFE8
 1449 007e 0100     		.2byte	0x1
 1450 0080 53       		.byte	0x53
 1451 0081 00000000 		.4byte	0
 1452 0085 00000000 		.4byte	0
 1453              	.LLST4:
 1454 0089 16010000 		.4byte	.LVL20
 1455 008d 1A010000 		.4byte	.LVL21
 1456 0091 0200     		.2byte	0x2
 1457 0093 30       		.byte	0x30
 1458 0094 9F       		.byte	0x9f
 1459 0095 1A010000 		.4byte	.LVL21
 1460 0099 38010000 		.4byte	.LVL23
 1461 009d 0100     		.2byte	0x1
 1462 009f 54       		.byte	0x54
 1463 00a0 3A010000 		.4byte	.LVL24
 1464 00a4 B6010000 		.4byte	.LVL27
 1465 00a8 0100     		.2byte	0x1
 1466 00aa 54       		.byte	0x54
 1467 00ab 00000000 		.4byte	0
 1468 00af 00000000 		.4byte	0
 1469              	.LLST5:
ARM GAS  C:\Users\Intern\AppData\Local\Temp\ccp9o11j.s 			page 34


 1470 00b3 1A010000 		.4byte	.LVL21
 1471 00b7 38010000 		.4byte	.LVL23
 1472 00bb 0B00     		.2byte	0xb
 1473 00bd 74       		.byte	0x74
 1474 00be 00       		.sleb128 0
 1475 00bf 36       		.byte	0x36
 1476 00c0 1E       		.byte	0x1e
 1477 00c1 03       		.byte	0x3
 1478 00c2 00000000 		.4byte	cfg_memset_list.4897
 1479 00c6 22       		.byte	0x22
 1480 00c7 9F       		.byte	0x9f
 1481 00c8 38010000 		.4byte	.LVL23
 1482 00cc 3A010000 		.4byte	.LVL24
 1483 00d0 0B00     		.2byte	0xb
 1484 00d2 74       		.byte	0x74
 1485 00d3 7F       		.sleb128 -1
 1486 00d4 36       		.byte	0x36
 1487 00d5 1E       		.byte	0x1e
 1488 00d6 03       		.byte	0x3
 1489 00d7 00000000 		.4byte	cfg_memset_list.4897
 1490 00db 22       		.byte	0x22
 1491 00dc 9F       		.byte	0x9f
 1492 00dd 00000000 		.4byte	0
 1493 00e1 00000000 		.4byte	0
 1494              		.section	.debug_aranges,"",%progbits
 1495 0000 44000000 		.4byte	0x44
 1496 0004 0200     		.2byte	0x2
 1497 0006 00000000 		.4byte	.Ldebug_info0
 1498 000a 04       		.byte	0x4
 1499 000b 00       		.byte	0
 1500 000c 0000     		.2byte	0
 1501 000e 0000     		.2byte	0
 1502 0010 00000000 		.4byte	.LFB5
 1503 0014 02000000 		.4byte	.LFE5-.LFB5
 1504 0018 00000000 		.4byte	.LFB2
 1505 001c 0C000000 		.4byte	.LFE2-.LFB2
 1506 0020 00000000 		.4byte	.LFB6
 1507 0024 0C010000 		.4byte	.LFE6-.LFB6
 1508 0028 00000000 		.4byte	.LFB8
 1509 002c 20000000 		.4byte	.LFE8-.LFB8
 1510 0030 00000000 		.4byte	.LFB7
 1511 0034 78000000 		.4byte	.LFE7-.LFB7
 1512 0038 0C010000 		.4byte	.LFB9
 1513 003c 04010000 		.4byte	.LFE9-.LFB9
 1514 0040 00000000 		.4byte	0
 1515 0044 00000000 		.4byte	0
 1516              		.section	.debug_ranges,"",%progbits
 1517              	.Ldebug_ranges0:
 1518 0000 00000000 		.4byte	.LFB5
 1519 0004 02000000 		.4byte	.LFE5
 1520 0008 00000000 		.4byte	.LFB2
 1521 000c 0C000000 		.4byte	.LFE2
 1522 0010 00000000 		.4byte	.LFB6
 1523 0014 0C010000 		.4byte	.LFE6
 1524 0018 00000000 		.4byte	.LFB8
 1525 001c 20000000 		.4byte	.LFE8
 1526 0020 00000000 		.4byte	.LFB7
ARM GAS  C:\Users\Intern\AppData\Local\Temp\ccp9o11j.s 			page 35


 1527 0024 78000000 		.4byte	.LFE7
 1528 0028 0C010000 		.4byte	.LFB9
 1529 002c 10020000 		.4byte	.LFE9
 1530 0030 00000000 		.4byte	0
 1531 0034 00000000 		.4byte	0
 1532              		.section	.debug_line,"",%progbits
 1533              	.Ldebug_line0:
 1534 0000 9B010000 		.section	.debug_str,"MS",%progbits,1
 1534      0200E300 
 1534      00000201 
 1534      FB0E0D00 
 1534      01010101 
 1535              	.LASF34:
 1536 0000 43794465 		.ascii	"CyDelayCycles\000"
 1536      6C617943 
 1536      79636C65 
 1536      7300
 1537              	.LASF19:
 1538 000e 72656733 		.ascii	"reg32\000"
 1538      3200
 1539              	.LASF12:
 1540 0014 73697A65 		.ascii	"size_t\000"
 1540      5F7400
 1541              	.LASF26:
 1542 001b 416E616C 		.ascii	"AnalogSetDefault\000"
 1542      6F675365 
 1542      74446566 
 1542      61756C74 
 1542      00
 1543              	.LASF32:
 1544 002c 6366675F 		.ascii	"cfg_memset_list\000"
 1544      6D656D73 
 1544      65745F6C 
 1544      69737400 
 1545              	.LASF22:
 1546 003c 436C6F63 		.ascii	"ClockSetup\000"
 1546      6B536574 
 1546      757000
 1547              	.LASF6:
 1548 0047 73686F72 		.ascii	"short unsigned int\000"
 1548      7420756E 
 1548      7369676E 
 1548      65642069 
 1548      6E7400
 1549              	.LASF41:
 1550 005a 433A5C55 		.ascii	"C:\\Users\\Intern\\Documents\\GitHub\\UV-Sticker\\P"
 1550      73657273 
 1550      5C496E74 
 1550      65726E5C 
 1550      446F6375 
 1551 0087 736F635C 		.ascii	"soc\\UV-Project\\UV-SG-TEMP.cydsn\000"
 1551      55562D50 
 1551      726F6A65 
 1551      63745C55 
 1551      562D5347 
 1552              	.LASF16:
 1553 00a7 666C6F61 		.ascii	"float\000"
ARM GAS  C:\Users\Intern\AppData\Local\Temp\ccp9o11j.s 			page 36


 1553      7400
 1554              	.LASF42:
 1555 00ad 4379436C 		.ascii	"CyClockStartupError\000"
 1555      6F636B53 
 1555      74617274 
 1555      75704572 
 1555      726F7200 
 1556              	.LASF30:
 1557 00c1 73697A65 		.ascii	"size\000"
 1557      00
 1558              	.LASF35:
 1559 00c6 43795379 		.ascii	"CySysClkWcoSetPowerMode\000"
 1559      73436C6B 
 1559      57636F53 
 1559      6574506F 
 1559      7765724D 
 1560              	.LASF18:
 1561 00de 72656738 		.ascii	"reg8\000"
 1561      00
 1562              	.LASF8:
 1563 00e3 6C6F6E67 		.ascii	"long unsigned int\000"
 1563      20756E73 
 1563      69676E65 
 1563      6420696E 
 1563      7400
 1564              	.LASF13:
 1565 00f5 75696E74 		.ascii	"uint8\000"
 1565      3800
 1566              	.LASF33:
 1567 00fb 43795379 		.ascii	"CySysClkWcoStart\000"
 1567      73436C6B 
 1567      57636F53 
 1567      74617274 
 1567      00
 1568              	.LASF21:
 1569 010c 43594D45 		.ascii	"CYMEMZERO\000"
 1569      4D5A4552 
 1569      4F00
 1570              	.LASF27:
 1571 0116 53657441 		.ascii	"SetAnalogRoutingPumps\000"
 1571      6E616C6F 
 1571      67526F75 
 1571      74696E67 
 1571      50756D70 
 1572              	.LASF4:
 1573 012c 756E7369 		.ascii	"unsigned char\000"
 1573      676E6564 
 1573      20636861 
 1573      7200
 1574              	.LASF43:
 1575 013a 6D656D73 		.ascii	"memset\000"
 1575      657400
 1576              	.LASF17:
 1577 0141 646F7562 		.ascii	"double\000"
 1577      6C6500
 1578              	.LASF28:
 1579 0148 63796669 		.ascii	"cyfitter_cfg\000"
ARM GAS  C:\Users\Intern\AppData\Local\Temp\ccp9o11j.s 			page 37


 1579      74746572 
 1579      5F636667 
 1579      00
 1580              	.LASF14:
 1581 0155 75696E74 		.ascii	"uint16\000"
 1581      313600
 1582              	.LASF20:
 1583 015c 6572726F 		.ascii	"errorCode\000"
 1583      72436F64 
 1583      6500
 1584              	.LASF15:
 1585 0166 75696E74 		.ascii	"uint32\000"
 1585      333200
 1586              	.LASF0:
 1587 016d 756E7369 		.ascii	"unsigned int\000"
 1587      676E6564 
 1587      20696E74 
 1587      00
 1588              	.LASF29:
 1589 017a 61646472 		.ascii	"address\000"
 1589      65737300 
 1590              	.LASF9:
 1591 0182 6C6F6E67 		.ascii	"long long unsigned int\000"
 1591      206C6F6E 
 1591      6720756E 
 1591      7369676E 
 1591      65642069 
 1592              	.LASF39:
 1593 0199 474E5520 		.ascii	"GNU C11 5.4.1 20160609 (release) [ARM/embedded-5-br"
 1593      43313120 
 1593      352E342E 
 1593      31203230 
 1593      31363036 
 1594 01cc 616E6368 		.ascii	"anch revision 237715] -mcpu=cortex-m0 -mthumb -g -O"
 1594      20726576 
 1594      6973696F 
 1594      6E203233 
 1594      37373135 
 1595 01ff 67202D66 		.ascii	"g -ffunction-sections -ffat-lto-objects\000"
 1595      66756E63 
 1595      74696F6E 
 1595      2D736563 
 1595      74696F6E 
 1596              	.LASF31:
 1597 0227 6366675F 		.ascii	"cfg_memset_t\000"
 1597      6D656D73 
 1597      65745F74 
 1597      00
 1598              	.LASF10:
 1599 0234 73697A65 		.ascii	"sizetype\000"
 1599      74797065 
 1599      00
 1600              	.LASF1:
 1601 023d 6C6F6E67 		.ascii	"long long int\000"
 1601      206C6F6E 
 1601      6720696E 
 1601      7400
ARM GAS  C:\Users\Intern\AppData\Local\Temp\ccp9o11j.s 			page 38


 1602              	.LASF38:
 1603 024b 43794465 		.ascii	"CyDelayUs\000"
 1603      6C617955 
 1603      7300
 1604              	.LASF11:
 1605 0255 63686172 		.ascii	"char\000"
 1605      00
 1606              	.LASF37:
 1607 025a 43795379 		.ascii	"CySysClkEcoStart\000"
 1607      73436C6B 
 1607      45636F53 
 1607      74617274 
 1607      00
 1608              	.LASF23:
 1609 026b 656E6162 		.ascii	"enabled\000"
 1609      6C656400 
 1610              	.LASF5:
 1611 0273 73686F72 		.ascii	"short int\000"
 1611      7420696E 
 1611      7400
 1612              	.LASF36:
 1613 027d 43795379 		.ascii	"CySysClkWriteImoFreq\000"
 1613      73436C6B 
 1613      57726974 
 1613      65496D6F 
 1613      46726571 
 1614              	.LASF7:
 1615 0292 6C6F6E67 		.ascii	"long int\000"
 1615      20696E74 
 1615      00
 1616              	.LASF2:
 1617 029b 6C6F6E67 		.ascii	"long double\000"
 1617      20646F75 
 1617      626C6500 
 1618              	.LASF3:
 1619 02a7 7369676E 		.ascii	"signed char\000"
 1619      65642063 
 1619      68617200 
 1620              	.LASF40:
 1621 02b3 47656E65 		.ascii	"Generated_Source\\PSoC4\\cyfitter_cfg.c\000"
 1621      72617465 
 1621      645F536F 
 1621      75726365 
 1621      5C50536F 
 1622              	.LASF25:
 1623 02d9 72656756 		.ascii	"regValue\000"
 1623      616C7565 
 1623      00
 1624              	.LASF24:
 1625 02e2 65636F53 		.ascii	"ecoStatus\000"
 1625      74617475 
 1625      7300
 1626              		.ident	"GCC: (GNU Tools for ARM Embedded Processors) 5.4.1 20160609 (release) [ARM/embedded-5-bran
