ARM GAS  C:\Users\Intern\AppData\Local\Temp\ccJ6fNgF.s 			page 1


   1              		.syntax unified
   2              		.cpu cortex-m0
   3              		.fpu softvfp
   4              		.eabi_attribute 20, 1
   5              		.eabi_attribute 21, 1
   6              		.eabi_attribute 23, 3
   7              		.eabi_attribute 24, 1
   8              		.eabi_attribute 25, 1
   9              		.eabi_attribute 26, 1
  10              		.eabi_attribute 30, 6
  11              		.eabi_attribute 34, 0
  12              		.eabi_attribute 18, 4
  13              		.thumb
  14              		.syntax unified
  15              		.file	"cyfitter_cfg.c"
  16              		.text
  17              	.Ltext0:
  18              		.cfi_sections	.debug_frame
  19              		.section	.text.CYMEMZERO,"ax",%progbits
  20              		.align	2
  21              		.code	16
  22              		.thumb_func
  23              		.type	CYMEMZERO, %function
  24              	CYMEMZERO:
  25              	.LFB2:
  26              		.file 1 "Generated_Source\\PSoC4\\cyfitter_cfg.c"
   1:Generated_Source\PSoC4/cyfitter_cfg.c **** 
   2:Generated_Source\PSoC4/cyfitter_cfg.c **** /*******************************************************************************
   3:Generated_Source\PSoC4/cyfitter_cfg.c **** * File Name: cyfitter_cfg.c
   4:Generated_Source\PSoC4/cyfitter_cfg.c **** * 
   5:Generated_Source\PSoC4/cyfitter_cfg.c **** * PSoC Creator  4.1 Update 1
   6:Generated_Source\PSoC4/cyfitter_cfg.c **** *
   7:Generated_Source\PSoC4/cyfitter_cfg.c **** * Description:
   8:Generated_Source\PSoC4/cyfitter_cfg.c **** * This file contains device initialization code.
   9:Generated_Source\PSoC4/cyfitter_cfg.c **** * Except for the user defined sections in CyClockStartupError(), this file should not be modified.
  10:Generated_Source\PSoC4/cyfitter_cfg.c **** * This file is automatically generated by PSoC Creator.
  11:Generated_Source\PSoC4/cyfitter_cfg.c **** *
  12:Generated_Source\PSoC4/cyfitter_cfg.c **** ********************************************************************************
  13:Generated_Source\PSoC4/cyfitter_cfg.c **** * Copyright (c) 2007-2017 Cypress Semiconductor.  All rights reserved.
  14:Generated_Source\PSoC4/cyfitter_cfg.c **** * You may use this file only in accordance with the license, terms, conditions, 
  15:Generated_Source\PSoC4/cyfitter_cfg.c **** * disclaimers, and limitations in the end user license agreement accompanying 
  16:Generated_Source\PSoC4/cyfitter_cfg.c **** * the software package with which this file was provided.
  17:Generated_Source\PSoC4/cyfitter_cfg.c **** ********************************************************************************/
  18:Generated_Source\PSoC4/cyfitter_cfg.c **** 
  19:Generated_Source\PSoC4/cyfitter_cfg.c **** #include <string.h>
  20:Generated_Source\PSoC4/cyfitter_cfg.c **** #include "cytypes.h"
  21:Generated_Source\PSoC4/cyfitter_cfg.c **** #include "cydevice_trm.h"
  22:Generated_Source\PSoC4/cyfitter_cfg.c **** #include "cyfitter.h"
  23:Generated_Source\PSoC4/cyfitter_cfg.c **** #include "CyLib.h"
  24:Generated_Source\PSoC4/cyfitter_cfg.c **** #include "cyfitter_cfg.h"
  25:Generated_Source\PSoC4/cyfitter_cfg.c **** #include "cyapicallbacks.h"
  26:Generated_Source\PSoC4/cyfitter_cfg.c **** 
  27:Generated_Source\PSoC4/cyfitter_cfg.c **** 
  28:Generated_Source\PSoC4/cyfitter_cfg.c **** #if defined(__GNUC__) || defined(__ARMCC_VERSION)
  29:Generated_Source\PSoC4/cyfitter_cfg.c ****     #define CYPACKED 
  30:Generated_Source\PSoC4/cyfitter_cfg.c ****     #define CYPACKED_ATTR __attribute__ ((packed))
  31:Generated_Source\PSoC4/cyfitter_cfg.c ****     #define CYALIGNED __attribute__ ((aligned))
ARM GAS  C:\Users\Intern\AppData\Local\Temp\ccJ6fNgF.s 			page 2


  32:Generated_Source\PSoC4/cyfitter_cfg.c ****     #define CY_CFG_UNUSED __attribute__ ((unused))
  33:Generated_Source\PSoC4/cyfitter_cfg.c ****     #ifndef CY_CFG_SECTION
  34:Generated_Source\PSoC4/cyfitter_cfg.c ****         #define CY_CFG_SECTION __attribute__ ((section(".psocinit")))
  35:Generated_Source\PSoC4/cyfitter_cfg.c ****     #endif
  36:Generated_Source\PSoC4/cyfitter_cfg.c ****     
  37:Generated_Source\PSoC4/cyfitter_cfg.c ****     #if defined(__ARMCC_VERSION)
  38:Generated_Source\PSoC4/cyfitter_cfg.c ****         #define CY_CFG_MEMORY_BARRIER() __memory_changed()
  39:Generated_Source\PSoC4/cyfitter_cfg.c ****     #else
  40:Generated_Source\PSoC4/cyfitter_cfg.c ****         #define CY_CFG_MEMORY_BARRIER() __sync_synchronize()
  41:Generated_Source\PSoC4/cyfitter_cfg.c ****     #endif
  42:Generated_Source\PSoC4/cyfitter_cfg.c ****     
  43:Generated_Source\PSoC4/cyfitter_cfg.c **** #elif defined(__ICCARM__)
  44:Generated_Source\PSoC4/cyfitter_cfg.c ****     #include <intrinsics.h>
  45:Generated_Source\PSoC4/cyfitter_cfg.c **** 
  46:Generated_Source\PSoC4/cyfitter_cfg.c ****     #define CYPACKED __packed
  47:Generated_Source\PSoC4/cyfitter_cfg.c ****     #define CYPACKED_ATTR 
  48:Generated_Source\PSoC4/cyfitter_cfg.c ****     #define CYALIGNED _Pragma("data_alignment=4")
  49:Generated_Source\PSoC4/cyfitter_cfg.c ****     #define CY_CFG_UNUSED _Pragma("diag_suppress=Pe177")
  50:Generated_Source\PSoC4/cyfitter_cfg.c ****     #define CY_CFG_SECTION _Pragma("location=\".psocinit\"")
  51:Generated_Source\PSoC4/cyfitter_cfg.c ****     
  52:Generated_Source\PSoC4/cyfitter_cfg.c ****     #define CY_CFG_MEMORY_BARRIER() __DMB()
  53:Generated_Source\PSoC4/cyfitter_cfg.c ****     
  54:Generated_Source\PSoC4/cyfitter_cfg.c **** #else
  55:Generated_Source\PSoC4/cyfitter_cfg.c ****     #error Unsupported toolchain
  56:Generated_Source\PSoC4/cyfitter_cfg.c **** #endif
  57:Generated_Source\PSoC4/cyfitter_cfg.c **** 
  58:Generated_Source\PSoC4/cyfitter_cfg.c **** #ifndef CYCODE
  59:Generated_Source\PSoC4/cyfitter_cfg.c ****     #define CYCODE
  60:Generated_Source\PSoC4/cyfitter_cfg.c **** #endif
  61:Generated_Source\PSoC4/cyfitter_cfg.c **** #ifndef CYDATA
  62:Generated_Source\PSoC4/cyfitter_cfg.c ****     #define CYDATA
  63:Generated_Source\PSoC4/cyfitter_cfg.c **** #endif
  64:Generated_Source\PSoC4/cyfitter_cfg.c **** #ifndef CYFAR
  65:Generated_Source\PSoC4/cyfitter_cfg.c ****     #define CYFAR
  66:Generated_Source\PSoC4/cyfitter_cfg.c **** #endif
  67:Generated_Source\PSoC4/cyfitter_cfg.c **** #ifndef CYXDATA
  68:Generated_Source\PSoC4/cyfitter_cfg.c ****     #define CYXDATA
  69:Generated_Source\PSoC4/cyfitter_cfg.c **** #endif
  70:Generated_Source\PSoC4/cyfitter_cfg.c **** 
  71:Generated_Source\PSoC4/cyfitter_cfg.c **** 
  72:Generated_Source\PSoC4/cyfitter_cfg.c **** CY_CFG_UNUSED
  73:Generated_Source\PSoC4/cyfitter_cfg.c **** static void CYMEMZERO(void *s, size_t n);
  74:Generated_Source\PSoC4/cyfitter_cfg.c **** CY_CFG_UNUSED
  75:Generated_Source\PSoC4/cyfitter_cfg.c **** static void CYMEMZERO(void *s, size_t n)
  76:Generated_Source\PSoC4/cyfitter_cfg.c **** {
  27              		.loc 1 76 0
  28              		.cfi_startproc
  29              		@ args = 0, pretend = 0, frame = 8
  30              		@ frame_needed = 1, uses_anonymous_args = 0
  31 0000 80B5     		push	{r7, lr}
  32              		.cfi_def_cfa_offset 8
  33              		.cfi_offset 7, -8
  34              		.cfi_offset 14, -4
  35 0002 82B0     		sub	sp, sp, #8
  36              		.cfi_def_cfa_offset 16
  37 0004 00AF     		add	r7, sp, #0
  38              		.cfi_def_cfa_register 7
ARM GAS  C:\Users\Intern\AppData\Local\Temp\ccJ6fNgF.s 			page 3


  39 0006 7860     		str	r0, [r7, #4]
  40 0008 3960     		str	r1, [r7]
  77:Generated_Source\PSoC4/cyfitter_cfg.c **** 	(void)memset(s, 0, n);
  41              		.loc 1 77 0
  42 000a 3A68     		ldr	r2, [r7]
  43 000c 7B68     		ldr	r3, [r7, #4]
  44 000e 0021     		movs	r1, #0
  45 0010 1800     		movs	r0, r3
  46 0012 FFF7FEFF 		bl	memset
  78:Generated_Source\PSoC4/cyfitter_cfg.c **** }
  47              		.loc 1 78 0
  48 0016 C046     		nop
  49 0018 BD46     		mov	sp, r7
  50 001a 02B0     		add	sp, sp, #8
  51              		@ sp needed
  52 001c 80BD     		pop	{r7, pc}
  53              		.cfi_endproc
  54              	.LFE2:
  55              		.size	CYMEMZERO, .-CYMEMZERO
  56 001e C046     		.section	.text.CYCONFIGCPY,"ax",%progbits
  57              		.align	2
  58              		.code	16
  59              		.thumb_func
  60              		.type	CYCONFIGCPY, %function
  61              	CYCONFIGCPY:
  62              	.LFB3:
  79:Generated_Source\PSoC4/cyfitter_cfg.c **** CY_CFG_UNUSED
  80:Generated_Source\PSoC4/cyfitter_cfg.c **** static void CYCONFIGCPY(void *dest, const void *src, size_t n);
  81:Generated_Source\PSoC4/cyfitter_cfg.c **** CY_CFG_UNUSED
  82:Generated_Source\PSoC4/cyfitter_cfg.c **** static void CYCONFIGCPY(void *dest, const void *src, size_t n)
  83:Generated_Source\PSoC4/cyfitter_cfg.c **** {
  63              		.loc 1 83 0
  64              		.cfi_startproc
  65              		@ args = 0, pretend = 0, frame = 16
  66              		@ frame_needed = 1, uses_anonymous_args = 0
  67 0000 80B5     		push	{r7, lr}
  68              		.cfi_def_cfa_offset 8
  69              		.cfi_offset 7, -8
  70              		.cfi_offset 14, -4
  71 0002 84B0     		sub	sp, sp, #16
  72              		.cfi_def_cfa_offset 24
  73 0004 00AF     		add	r7, sp, #0
  74              		.cfi_def_cfa_register 7
  75 0006 F860     		str	r0, [r7, #12]
  76 0008 B960     		str	r1, [r7, #8]
  77 000a 7A60     		str	r2, [r7, #4]
  84:Generated_Source\PSoC4/cyfitter_cfg.c **** 	(void)memcpy(dest, src, n);
  78              		.loc 1 84 0
  79 000c 7A68     		ldr	r2, [r7, #4]
  80 000e B968     		ldr	r1, [r7, #8]
  81 0010 FB68     		ldr	r3, [r7, #12]
  82 0012 1800     		movs	r0, r3
  83 0014 FFF7FEFF 		bl	memcpy
  85:Generated_Source\PSoC4/cyfitter_cfg.c **** }
  84              		.loc 1 85 0
  85 0018 C046     		nop
  86 001a BD46     		mov	sp, r7
ARM GAS  C:\Users\Intern\AppData\Local\Temp\ccJ6fNgF.s 			page 4


  87 001c 04B0     		add	sp, sp, #16
  88              		@ sp needed
  89 001e 80BD     		pop	{r7, pc}
  90              		.cfi_endproc
  91              	.LFE3:
  92              		.size	CYCONFIGCPY, .-CYCONFIGCPY
  93              		.section	.text.CYCONFIGCPYCODE,"ax",%progbits
  94              		.align	2
  95              		.code	16
  96              		.thumb_func
  97              		.type	CYCONFIGCPYCODE, %function
  98              	CYCONFIGCPYCODE:
  99              	.LFB4:
  86:Generated_Source\PSoC4/cyfitter_cfg.c **** CY_CFG_UNUSED
  87:Generated_Source\PSoC4/cyfitter_cfg.c **** static void CYCONFIGCPYCODE(void *dest, const void *src, size_t n);
  88:Generated_Source\PSoC4/cyfitter_cfg.c **** CY_CFG_UNUSED
  89:Generated_Source\PSoC4/cyfitter_cfg.c **** static void CYCONFIGCPYCODE(void *dest, const void *src, size_t n)
  90:Generated_Source\PSoC4/cyfitter_cfg.c **** {
 100              		.loc 1 90 0
 101              		.cfi_startproc
 102              		@ args = 0, pretend = 0, frame = 16
 103              		@ frame_needed = 1, uses_anonymous_args = 0
 104 0000 80B5     		push	{r7, lr}
 105              		.cfi_def_cfa_offset 8
 106              		.cfi_offset 7, -8
 107              		.cfi_offset 14, -4
 108 0002 84B0     		sub	sp, sp, #16
 109              		.cfi_def_cfa_offset 24
 110 0004 00AF     		add	r7, sp, #0
 111              		.cfi_def_cfa_register 7
 112 0006 F860     		str	r0, [r7, #12]
 113 0008 B960     		str	r1, [r7, #8]
 114 000a 7A60     		str	r2, [r7, #4]
  91:Generated_Source\PSoC4/cyfitter_cfg.c **** 	(void)memcpy(dest, src, n);
 115              		.loc 1 91 0
 116 000c 7A68     		ldr	r2, [r7, #4]
 117 000e B968     		ldr	r1, [r7, #8]
 118 0010 FB68     		ldr	r3, [r7, #12]
 119 0012 1800     		movs	r0, r3
 120 0014 FFF7FEFF 		bl	memcpy
  92:Generated_Source\PSoC4/cyfitter_cfg.c **** }
 121              		.loc 1 92 0
 122 0018 C046     		nop
 123 001a BD46     		mov	sp, r7
 124 001c 04B0     		add	sp, sp, #16
 125              		@ sp needed
 126 001e 80BD     		pop	{r7, pc}
 127              		.cfi_endproc
 128              	.LFE4:
 129              		.size	CYCONFIGCPYCODE, .-CYCONFIGCPYCODE
 130              		.section	.psocinit,"ax",%progbits
 131              		.align	2
 132              		.code	16
 133              		.thumb_func
 134              		.type	ClockSetup, %function
 135              	ClockSetup:
 136              	.LFB5:
ARM GAS  C:\Users\Intern\AppData\Local\Temp\ccJ6fNgF.s 			page 5


  93:Generated_Source\PSoC4/cyfitter_cfg.c **** 
  94:Generated_Source\PSoC4/cyfitter_cfg.c **** 
  95:Generated_Source\PSoC4/cyfitter_cfg.c **** 
  96:Generated_Source\PSoC4/cyfitter_cfg.c **** 
  97:Generated_Source\PSoC4/cyfitter_cfg.c **** /* Clock startup error codes                                                   */
  98:Generated_Source\PSoC4/cyfitter_cfg.c **** #define CYCLOCKSTART_NO_ERROR    0u
  99:Generated_Source\PSoC4/cyfitter_cfg.c **** #define CYCLOCKSTART_XTAL_ERROR  1u
 100:Generated_Source\PSoC4/cyfitter_cfg.c **** #define CYCLOCKSTART_32KHZ_ERROR 2u
 101:Generated_Source\PSoC4/cyfitter_cfg.c **** #define CYCLOCKSTART_PLL_ERROR   3u
 102:Generated_Source\PSoC4/cyfitter_cfg.c **** #define CYCLOCKSTART_FLL_ERROR   4u
 103:Generated_Source\PSoC4/cyfitter_cfg.c **** 
 104:Generated_Source\PSoC4/cyfitter_cfg.c **** 
 105:Generated_Source\PSoC4/cyfitter_cfg.c **** #ifdef CY_NEED_CYCLOCKSTARTUPERROR
 106:Generated_Source\PSoC4/cyfitter_cfg.c **** /*******************************************************************************
 107:Generated_Source\PSoC4/cyfitter_cfg.c **** * Function Name: CyClockStartupError
 108:Generated_Source\PSoC4/cyfitter_cfg.c **** ********************************************************************************
 109:Generated_Source\PSoC4/cyfitter_cfg.c **** * Summary:
 110:Generated_Source\PSoC4/cyfitter_cfg.c **** *  If an error is encountered during clock configuration (crystal startup error,
 111:Generated_Source\PSoC4/cyfitter_cfg.c **** *  PLL lock error, etc.), the system will end up here.  Unless reimplemented by
 112:Generated_Source\PSoC4/cyfitter_cfg.c **** *  the customer, this function will stop in an infinite loop.
 113:Generated_Source\PSoC4/cyfitter_cfg.c **** *
 114:Generated_Source\PSoC4/cyfitter_cfg.c **** * Parameters:
 115:Generated_Source\PSoC4/cyfitter_cfg.c **** *   void
 116:Generated_Source\PSoC4/cyfitter_cfg.c **** *
 117:Generated_Source\PSoC4/cyfitter_cfg.c **** * Return:
 118:Generated_Source\PSoC4/cyfitter_cfg.c **** *   void
 119:Generated_Source\PSoC4/cyfitter_cfg.c **** *
 120:Generated_Source\PSoC4/cyfitter_cfg.c **** *******************************************************************************/
 121:Generated_Source\PSoC4/cyfitter_cfg.c **** CY_CFG_UNUSED
 122:Generated_Source\PSoC4/cyfitter_cfg.c **** static void CyClockStartupError(uint8 errorCode);
 123:Generated_Source\PSoC4/cyfitter_cfg.c **** CY_CFG_UNUSED
 124:Generated_Source\PSoC4/cyfitter_cfg.c **** static void CyClockStartupError(uint8 errorCode)
 125:Generated_Source\PSoC4/cyfitter_cfg.c **** {
 126:Generated_Source\PSoC4/cyfitter_cfg.c ****     /* To remove the compiler warning if errorCode not used. */
 127:Generated_Source\PSoC4/cyfitter_cfg.c **** #if defined(CY_PSOC3) && (CY_PSOC3)
 128:Generated_Source\PSoC4/cyfitter_cfg.c ****     errorCode = errorCode;
 129:Generated_Source\PSoC4/cyfitter_cfg.c **** #else
 130:Generated_Source\PSoC4/cyfitter_cfg.c ****     (void)errorCode;
 131:Generated_Source\PSoC4/cyfitter_cfg.c **** #endif /* CY_PSOC3 */
 132:Generated_Source\PSoC4/cyfitter_cfg.c **** 
 133:Generated_Source\PSoC4/cyfitter_cfg.c ****     /* If we have a clock startup error (bad MHz crystal, PLL lock, etc.),  */
 134:Generated_Source\PSoC4/cyfitter_cfg.c ****     /* we will end up here to allow the customer to implement something to  */
 135:Generated_Source\PSoC4/cyfitter_cfg.c ****     /* deal with the clock condition.                                       */
 136:Generated_Source\PSoC4/cyfitter_cfg.c **** 
 137:Generated_Source\PSoC4/cyfitter_cfg.c **** #ifdef CY_CFG_CLOCK_STARTUP_ERROR_CALLBACK
 138:Generated_Source\PSoC4/cyfitter_cfg.c ****     CY_CFG_Clock_Startup_ErrorCallback();
 139:Generated_Source\PSoC4/cyfitter_cfg.c **** #else
 140:Generated_Source\PSoC4/cyfitter_cfg.c ****     /*  If not using CY_CFG_CLOCK_STARTUP_ERROR_CALLBACK, place your clock startup code here. */
 141:Generated_Source\PSoC4/cyfitter_cfg.c ****     /* `#START CyClockStartupError` */
 142:Generated_Source\PSoC4/cyfitter_cfg.c **** 
 143:Generated_Source\PSoC4/cyfitter_cfg.c **** 
 144:Generated_Source\PSoC4/cyfitter_cfg.c **** 
 145:Generated_Source\PSoC4/cyfitter_cfg.c ****     /* `#END` */
 146:Generated_Source\PSoC4/cyfitter_cfg.c **** 
 147:Generated_Source\PSoC4/cyfitter_cfg.c ****     while(1) {}
 148:Generated_Source\PSoC4/cyfitter_cfg.c **** #endif /* CY_CFG_CLOCK_STARTUP_ERROR_CALLBACK */
 149:Generated_Source\PSoC4/cyfitter_cfg.c **** }
ARM GAS  C:\Users\Intern\AppData\Local\Temp\ccJ6fNgF.s 			page 6


 150:Generated_Source\PSoC4/cyfitter_cfg.c **** #endif
 151:Generated_Source\PSoC4/cyfitter_cfg.c **** 
 152:Generated_Source\PSoC4/cyfitter_cfg.c **** 
 153:Generated_Source\PSoC4/cyfitter_cfg.c **** 
 154:Generated_Source\PSoC4/cyfitter_cfg.c **** /*******************************************************************************
 155:Generated_Source\PSoC4/cyfitter_cfg.c **** * Function Name: ClockSetup
 156:Generated_Source\PSoC4/cyfitter_cfg.c **** ********************************************************************************
 157:Generated_Source\PSoC4/cyfitter_cfg.c **** *
 158:Generated_Source\PSoC4/cyfitter_cfg.c **** * Summary:
 159:Generated_Source\PSoC4/cyfitter_cfg.c **** *   Performs the initialization of all of the clocks in the device based on the
 160:Generated_Source\PSoC4/cyfitter_cfg.c **** *   settings in the Clock tab of the DWR.  This includes enabling the requested
 161:Generated_Source\PSoC4/cyfitter_cfg.c **** *   clocks and setting the necessary dividers to produce the desired frequency. 
 162:Generated_Source\PSoC4/cyfitter_cfg.c **** *
 163:Generated_Source\PSoC4/cyfitter_cfg.c **** * Parameters:
 164:Generated_Source\PSoC4/cyfitter_cfg.c **** *   void
 165:Generated_Source\PSoC4/cyfitter_cfg.c **** *
 166:Generated_Source\PSoC4/cyfitter_cfg.c **** * Return:
 167:Generated_Source\PSoC4/cyfitter_cfg.c **** *   void
 168:Generated_Source\PSoC4/cyfitter_cfg.c **** *
 169:Generated_Source\PSoC4/cyfitter_cfg.c **** *******************************************************************************/
 170:Generated_Source\PSoC4/cyfitter_cfg.c **** static void ClockSetup(void);
 171:Generated_Source\PSoC4/cyfitter_cfg.c **** CY_CFG_SECTION
 172:Generated_Source\PSoC4/cyfitter_cfg.c **** static void ClockSetup(void)
 173:Generated_Source\PSoC4/cyfitter_cfg.c **** {
 137              		.loc 1 173 0
 138              		.cfi_startproc
 139              		@ args = 0, pretend = 0, frame = 0
 140              		@ frame_needed = 1, uses_anonymous_args = 0
 141 0000 80B5     		push	{r7, lr}
 142              		.cfi_def_cfa_offset 8
 143              		.cfi_offset 7, -8
 144              		.cfi_offset 14, -4
 145 0002 00AF     		add	r7, sp, #0
 146              		.cfi_def_cfa_register 7
 174:Generated_Source\PSoC4/cyfitter_cfg.c **** 
 175:Generated_Source\PSoC4/cyfitter_cfg.c **** 	/* Set Flash Cycles based on max possible frequency in case a glitch occurs during ClockSetup(). *
 176:Generated_Source\PSoC4/cyfitter_cfg.c **** 	CY_SET_REG32((void CYXDATA *)(CYREG_CPUSS_FLASH_CTL), (0x0012u));
 147              		.loc 1 176 0
 148 0004 204B     		ldr	r3, .L5
 149 0006 1222     		movs	r2, #18
 150 0008 1A60     		str	r2, [r3]
 177:Generated_Source\PSoC4/cyfitter_cfg.c **** 
 178:Generated_Source\PSoC4/cyfitter_cfg.c **** 	/* Start the WCO */
 179:Generated_Source\PSoC4/cyfitter_cfg.c **** 	CySysClkWcoStart();
 151              		.loc 1 179 0
 152 000a FFF7FEFF 		bl	CySysClkWcoStart
 180:Generated_Source\PSoC4/cyfitter_cfg.c **** 	CyDelayCycles(12000000u); /* WCO may take up to 500ms to start */
 153              		.loc 1 180 0
 154 000e 1F4B     		ldr	r3, .L5+4
 155 0010 1800     		movs	r0, r3
 156 0012 FFF7FEFF 		bl	CyDelayCycles
 181:Generated_Source\PSoC4/cyfitter_cfg.c **** 	(void)CySysClkWcoSetPowerMode(CY_SYS_CLK_WCO_LPM);    /* Switch to the low power mode */
 157              		.loc 1 181 0
 158 0016 0120     		movs	r0, #1
 159 0018 FFF7FEFF 		bl	CySysClkWcoSetPowerMode
 182:Generated_Source\PSoC4/cyfitter_cfg.c **** 
 183:Generated_Source\PSoC4/cyfitter_cfg.c **** 	/* Setup and trim IMO based on desired frequency. */
ARM GAS  C:\Users\Intern\AppData\Local\Temp\ccJ6fNgF.s 			page 7


 184:Generated_Source\PSoC4/cyfitter_cfg.c **** 	CySysClkWriteImoFreq(12u);
 160              		.loc 1 184 0
 161 001c 0C20     		movs	r0, #12
 162 001e FFF7FEFF 		bl	CySysClkWriteImoFreq
 185:Generated_Source\PSoC4/cyfitter_cfg.c **** 	/* CYDEV_CLK_ILO_CONFIG Starting address: CYDEV_CLK_ILO_CONFIG */
 186:Generated_Source\PSoC4/cyfitter_cfg.c **** 	CY_SET_REG32((void *)(CYREG_CLK_ILO_CONFIG), 0x80000006u);
 163              		.loc 1 186 0
 164 0022 1B4B     		ldr	r3, .L5+8
 165 0024 1B4A     		ldr	r2, .L5+12
 166 0026 1A60     		str	r2, [r3]
 187:Generated_Source\PSoC4/cyfitter_cfg.c **** 
 188:Generated_Source\PSoC4/cyfitter_cfg.c **** 	/* CYDEV_WDT_CONFIG Starting address: CYDEV_WDT_CONFIG */
 189:Generated_Source\PSoC4/cyfitter_cfg.c **** 	CY_SET_REG32((void *)(CYREG_WDT_CONFIG), 0x40000000u);
 167              		.loc 1 189 0
 168 0028 1B4B     		ldr	r3, .L5+16
 169 002a 8022     		movs	r2, #128
 170 002c D205     		lsls	r2, r2, #23
 171 002e 1A60     		str	r2, [r3]
 190:Generated_Source\PSoC4/cyfitter_cfg.c **** 
 191:Generated_Source\PSoC4/cyfitter_cfg.c **** 
 192:Generated_Source\PSoC4/cyfitter_cfg.c **** 	/* Enable fast start mode for XO */
 193:Generated_Source\PSoC4/cyfitter_cfg.c **** 	CY_SET_REG32((void*)CYREG_BLE_BLERD_BB_XO, CY_GET_REG32((void*)CYREG_BLE_BLERD_BB_XO) | (uint32)0x
 172              		.loc 1 193 0
 173 0030 1A4B     		ldr	r3, .L5+20
 174 0032 1A4A     		ldr	r2, .L5+20
 175 0034 1268     		ldr	r2, [r2]
 176 0036 0221     		movs	r1, #2
 177 0038 0A43     		orrs	r2, r1
 178 003a 1A60     		str	r2, [r3]
 194:Generated_Source\PSoC4/cyfitter_cfg.c **** 	CY_SET_REG32((void *)(CYREG_BLE_BLERD_BB_XO_CAPTRIM), 0x00002D6Au);
 179              		.loc 1 194 0
 180 003c 184B     		ldr	r3, .L5+24
 181 003e 194A     		ldr	r2, .L5+28
 182 0040 1A60     		str	r2, [r3]
 195:Generated_Source\PSoC4/cyfitter_cfg.c **** 	/*Set XTAL(ECO) divider*/
 196:Generated_Source\PSoC4/cyfitter_cfg.c **** 	CY_SET_REG32((void *)(CYREG_BLE_BLESS_XTAL_CLK_DIV_CONFIG), 0x00000000u);
 183              		.loc 1 196 0
 184 0042 194B     		ldr	r3, .L5+32
 185 0044 0022     		movs	r2, #0
 186 0046 1A60     		str	r2, [r3]
 197:Generated_Source\PSoC4/cyfitter_cfg.c **** 	/* Disable Crystal Stable Interrupt before enabling ECO */
 198:Generated_Source\PSoC4/cyfitter_cfg.c **** 	CY_SET_REG32((void*)CYREG_BLE_BLESS_LL_DSM_CTRL, CY_GET_REG32((void*)CYREG_BLE_BLESS_LL_DSM_CTRL) 
 187              		.loc 1 198 0
 188 0048 184B     		ldr	r3, .L5+36
 189 004a 184A     		ldr	r2, .L5+36
 190 004c 1268     		ldr	r2, [r2]
 191 004e 0821     		movs	r1, #8
 192 0050 8A43     		bics	r2, r1
 193 0052 1A60     		str	r2, [r3]
 199:Generated_Source\PSoC4/cyfitter_cfg.c **** 	/* Start the ECO and do not check status since it is not needed for HFCLK */
 200:Generated_Source\PSoC4/cyfitter_cfg.c **** 	(void)CySysClkEcoStart(2000u);
 194              		.loc 1 200 0
 195 0054 FA23     		movs	r3, #250
 196 0056 DB00     		lsls	r3, r3, #3
 197 0058 1800     		movs	r0, r3
 198 005a FFF7FEFF 		bl	CySysClkEcoStart
 201:Generated_Source\PSoC4/cyfitter_cfg.c **** 	CyDelayUs(1500u); /* Wait to stabilize */
ARM GAS  C:\Users\Intern\AppData\Local\Temp\ccJ6fNgF.s 			page 8


 199              		.loc 1 201 0
 200 005e 144B     		ldr	r3, .L5+40
 201 0060 1800     		movs	r0, r3
 202 0062 FFF7FEFF 		bl	CyDelayUs
 202:Generated_Source\PSoC4/cyfitter_cfg.c **** 
 203:Generated_Source\PSoC4/cyfitter_cfg.c **** 	/* Setup phase aligned clocks */
 204:Generated_Source\PSoC4/cyfitter_cfg.c **** 
 205:Generated_Source\PSoC4/cyfitter_cfg.c **** 	/* CYDEV_CLK_IMO_CONFIG Starting address: CYDEV_CLK_IMO_CONFIG */
 206:Generated_Source\PSoC4/cyfitter_cfg.c **** 	CY_SET_REG32((void *)(CYREG_CLK_IMO_CONFIG), 0x80000000u);
 203              		.loc 1 206 0
 204 0066 134B     		ldr	r3, .L5+44
 205 0068 8022     		movs	r2, #128
 206 006a 1206     		lsls	r2, r2, #24
 207 006c 1A60     		str	r2, [r3]
 207:Generated_Source\PSoC4/cyfitter_cfg.c **** 
 208:Generated_Source\PSoC4/cyfitter_cfg.c **** 	/* CYDEV_CLK_SELECT Starting address: CYDEV_CLK_SELECT */
 209:Generated_Source\PSoC4/cyfitter_cfg.c **** 	CY_SET_REG32((void *)(CYREG_CLK_SELECT), 0x00000000u);
 208              		.loc 1 209 0
 209 006e 124B     		ldr	r3, .L5+48
 210 0070 0022     		movs	r2, #0
 211 0072 1A60     		str	r2, [r3]
 210:Generated_Source\PSoC4/cyfitter_cfg.c **** 
 211:Generated_Source\PSoC4/cyfitter_cfg.c **** 	CY_SET_REG32((void *)(CYREG_WDT_CONFIG), 0x40000000u);
 212              		.loc 1 211 0
 213 0074 084B     		ldr	r3, .L5+16
 214 0076 8022     		movs	r2, #128
 215 0078 D205     		lsls	r2, r2, #23
 216 007a 1A60     		str	r2, [r3]
 212:Generated_Source\PSoC4/cyfitter_cfg.c **** 	/* Set Flash Cycles based on newly configured 12.00MHz HFCLK. */
 213:Generated_Source\PSoC4/cyfitter_cfg.c **** 	CY_SET_REG32((void CYXDATA *)(CYREG_CPUSS_FLASH_CTL), (0x0000u));
 217              		.loc 1 213 0
 218 007c 024B     		ldr	r3, .L5
 219 007e 0022     		movs	r2, #0
 220 0080 1A60     		str	r2, [r3]
 214:Generated_Source\PSoC4/cyfitter_cfg.c **** }
 221              		.loc 1 214 0
 222 0082 C046     		nop
 223 0084 BD46     		mov	sp, r7
 224              		@ sp needed
 225 0086 80BD     		pop	{r7, pc}
 226              	.L6:
 227              		.align	2
 228              	.L5:
 229 0088 30001040 		.word	1074790448
 230 008c 001BB700 		.word	12000000
 231 0090 04010B40 		.word	1074462980
 232 0094 06000080 		.word	-2147483642
 233 0098 0C020B40 		.word	1074463244
 234 009c 78002E40 		.word	1076756600
 235 00a0 7C002E40 		.word	1076756604
 236 00a4 6A2D0000 		.word	11626
 237 00a8 64F02E40 		.word	1076818020
 238 00ac 6CF02E40 		.word	1076818028
 239 00b0 DC050000 		.word	1500
 240 00b4 08010B40 		.word	1074462984
 241 00b8 00010B40 		.word	1074462976
 242              		.cfi_endproc
ARM GAS  C:\Users\Intern\AppData\Local\Temp\ccJ6fNgF.s 			page 9


 243              	.LFE5:
 244              		.size	ClockSetup, .-ClockSetup
 245              		.section	.text.AnalogSetDefault,"ax",%progbits
 246              		.align	2
 247              		.code	16
 248              		.thumb_func
 249              		.type	AnalogSetDefault, %function
 250              	AnalogSetDefault:
 251              	.LFB6:
 215:Generated_Source\PSoC4/cyfitter_cfg.c **** 
 216:Generated_Source\PSoC4/cyfitter_cfg.c **** 
 217:Generated_Source\PSoC4/cyfitter_cfg.c **** /* Analog API Functions */
 218:Generated_Source\PSoC4/cyfitter_cfg.c **** 
 219:Generated_Source\PSoC4/cyfitter_cfg.c **** 
 220:Generated_Source\PSoC4/cyfitter_cfg.c **** /*******************************************************************************
 221:Generated_Source\PSoC4/cyfitter_cfg.c **** * Function Name: AnalogSetDefault
 222:Generated_Source\PSoC4/cyfitter_cfg.c **** ********************************************************************************
 223:Generated_Source\PSoC4/cyfitter_cfg.c **** *
 224:Generated_Source\PSoC4/cyfitter_cfg.c **** * Summary:
 225:Generated_Source\PSoC4/cyfitter_cfg.c **** *  Sets up the analog portions of the chip to default values based on chip
 226:Generated_Source\PSoC4/cyfitter_cfg.c **** *  configuration options from the project.
 227:Generated_Source\PSoC4/cyfitter_cfg.c **** *
 228:Generated_Source\PSoC4/cyfitter_cfg.c **** * Parameters:
 229:Generated_Source\PSoC4/cyfitter_cfg.c **** *  void
 230:Generated_Source\PSoC4/cyfitter_cfg.c **** *
 231:Generated_Source\PSoC4/cyfitter_cfg.c **** * Return:
 232:Generated_Source\PSoC4/cyfitter_cfg.c **** *  void
 233:Generated_Source\PSoC4/cyfitter_cfg.c **** *
 234:Generated_Source\PSoC4/cyfitter_cfg.c **** *******************************************************************************/
 235:Generated_Source\PSoC4/cyfitter_cfg.c **** static void AnalogSetDefault(void);
 236:Generated_Source\PSoC4/cyfitter_cfg.c **** static void AnalogSetDefault(void)
 237:Generated_Source\PSoC4/cyfitter_cfg.c **** {
 252              		.loc 1 237 0
 253              		.cfi_startproc
 254              		@ args = 0, pretend = 0, frame = 0
 255              		@ frame_needed = 1, uses_anonymous_args = 0
 256 0000 80B5     		push	{r7, lr}
 257              		.cfi_def_cfa_offset 8
 258              		.cfi_offset 7, -8
 259              		.cfi_offset 14, -4
 260 0002 00AF     		add	r7, sp, #0
 261              		.cfi_def_cfa_register 7
 238:Generated_Source\PSoC4/cyfitter_cfg.c **** 	CY_SET_XTND_REG32((void CYFAR *)CYREG_CTBM0_DFT_CTRL, 0x00000003u);
 262              		.loc 1 238 0
 263 0004 054B     		ldr	r3, .L8
 264 0006 0322     		movs	r2, #3
 265 0008 1A60     		str	r2, [r3]
 239:Generated_Source\PSoC4/cyfitter_cfg.c **** 	CY_SET_XTND_REG32((void CYFAR *)CYREG_CTBM1_DFT_CTRL, 0x00000003u);
 266              		.loc 1 239 0
 267 000a 054B     		ldr	r3, .L8+4
 268 000c 0322     		movs	r2, #3
 269 000e 1A60     		str	r2, [r3]
 240:Generated_Source\PSoC4/cyfitter_cfg.c **** 	CY_SET_XTND_REG32((void CYFAR *)CYREG_PASS_DSAB_DSAB_CTRL, 0x00000000u);
 270              		.loc 1 240 0
 271 0010 044B     		ldr	r3, .L8+8
 272 0012 0022     		movs	r2, #0
 273 0014 1A60     		str	r2, [r3]
ARM GAS  C:\Users\Intern\AppData\Local\Temp\ccJ6fNgF.s 			page 10


 241:Generated_Source\PSoC4/cyfitter_cfg.c **** }
 274              		.loc 1 241 0
 275 0016 C046     		nop
 276 0018 BD46     		mov	sp, r7
 277              		@ sp needed
 278 001a 80BD     		pop	{r7, pc}
 279              	.L9:
 280              		.align	2
 281              	.L8:
 282 001c 30003040 		.word	1076887600
 283 0020 30003140 		.word	1076953136
 284 0024 000E3F40 		.word	1077874176
 285              		.cfi_endproc
 286              	.LFE6:
 287              		.size	AnalogSetDefault, .-AnalogSetDefault
 288              		.section	.psocinit
 289              		.align	2
 290              		.global	cyfitter_cfg
 291              		.code	16
 292              		.thumb_func
 293              		.type	cyfitter_cfg, %function
 294              	cyfitter_cfg:
 295              	.LFB7:
 242:Generated_Source\PSoC4/cyfitter_cfg.c **** 
 243:Generated_Source\PSoC4/cyfitter_cfg.c **** 
 244:Generated_Source\PSoC4/cyfitter_cfg.c **** 
 245:Generated_Source\PSoC4/cyfitter_cfg.c **** 
 246:Generated_Source\PSoC4/cyfitter_cfg.c **** /*******************************************************************************
 247:Generated_Source\PSoC4/cyfitter_cfg.c **** * Function Name: cyfitter_cfg
 248:Generated_Source\PSoC4/cyfitter_cfg.c **** ********************************************************************************
 249:Generated_Source\PSoC4/cyfitter_cfg.c **** * Summary:
 250:Generated_Source\PSoC4/cyfitter_cfg.c **** *  This function is called by the start-up code for the selected device. It
 251:Generated_Source\PSoC4/cyfitter_cfg.c **** *  performs all of the necessary device configuration based on the design
 252:Generated_Source\PSoC4/cyfitter_cfg.c **** *  settings.  This includes settings from the Design Wide Resources (DWR) such
 253:Generated_Source\PSoC4/cyfitter_cfg.c **** *  as Clocks and Pins as well as any component configuration that is necessary.
 254:Generated_Source\PSoC4/cyfitter_cfg.c **** *
 255:Generated_Source\PSoC4/cyfitter_cfg.c **** * Parameters:
 256:Generated_Source\PSoC4/cyfitter_cfg.c **** *   void
 257:Generated_Source\PSoC4/cyfitter_cfg.c **** *
 258:Generated_Source\PSoC4/cyfitter_cfg.c **** * Return:
 259:Generated_Source\PSoC4/cyfitter_cfg.c **** *   void
 260:Generated_Source\PSoC4/cyfitter_cfg.c **** *
 261:Generated_Source\PSoC4/cyfitter_cfg.c **** *******************************************************************************/
 262:Generated_Source\PSoC4/cyfitter_cfg.c **** CY_CFG_SECTION
 263:Generated_Source\PSoC4/cyfitter_cfg.c **** void cyfitter_cfg(void)
 264:Generated_Source\PSoC4/cyfitter_cfg.c **** {
 296              		.loc 1 264 0
 297              		.cfi_startproc
 298              		@ args = 0, pretend = 0, frame = 8
 299              		@ frame_needed = 1, uses_anonymous_args = 0
 300 00bc 80B5     		push	{r7, lr}
 301              		.cfi_def_cfa_offset 8
 302              		.cfi_offset 7, -8
 303              		.cfi_offset 14, -4
 304 00be 82B0     		sub	sp, sp, #8
 305              		.cfi_def_cfa_offset 16
 306 00c0 00AF     		add	r7, sp, #0
ARM GAS  C:\Users\Intern\AppData\Local\Temp\ccJ6fNgF.s 			page 11


 307              		.cfi_def_cfa_register 7
 265:Generated_Source\PSoC4/cyfitter_cfg.c **** 	/* Disable interrupts by default. Let user enable if/when they want. */
 266:Generated_Source\PSoC4/cyfitter_cfg.c **** 	CyGlobalIntDisable;
 308              		.loc 1 266 0
 309              		.syntax divided
 310              	@ 266 "Generated_Source\PSoC4\cyfitter_cfg.c" 1
 311 00c2 72B6     		CPSID   i
 312              	@ 0 "" 2
 267:Generated_Source\PSoC4/cyfitter_cfg.c **** 
 268:Generated_Source\PSoC4/cyfitter_cfg.c **** 	CY_SET_REG32((void *)(CYREG_BLE_BLESS_LL_DSM_CTRL), 0x00000000u);
 313              		.loc 1 268 0
 314              		.thumb
 315              		.syntax unified
 316 00c4 2F4B     		ldr	r3, .L13
 317 00c6 0022     		movs	r2, #0
 318 00c8 1A60     		str	r2, [r3]
 319              	.LBB2:
 269:Generated_Source\PSoC4/cyfitter_cfg.c **** 
 270:Generated_Source\PSoC4/cyfitter_cfg.c **** 	{
 271:Generated_Source\PSoC4/cyfitter_cfg.c **** 
 272:Generated_Source\PSoC4/cyfitter_cfg.c **** 		CYPACKED typedef struct {
 273:Generated_Source\PSoC4/cyfitter_cfg.c **** 			void CYFAR *address;
 274:Generated_Source\PSoC4/cyfitter_cfg.c **** 			uint16 size;
 275:Generated_Source\PSoC4/cyfitter_cfg.c **** 		} CYPACKED_ATTR cfg_memset_t;
 276:Generated_Source\PSoC4/cyfitter_cfg.c **** 
 277:Generated_Source\PSoC4/cyfitter_cfg.c **** 		static const cfg_memset_t CYCODE cfg_memset_list[] = {
 278:Generated_Source\PSoC4/cyfitter_cfg.c **** 			/* address, size */
 279:Generated_Source\PSoC4/cyfitter_cfg.c **** 			{(void CYFAR *)(CYDEV_UDB_P0_U0_BASE), 1024u},
 280:Generated_Source\PSoC4/cyfitter_cfg.c **** 			{(void CYFAR *)(CYDEV_UDB_DSI0_BASE), 1024u},
 281:Generated_Source\PSoC4/cyfitter_cfg.c **** 		};
 282:Generated_Source\PSoC4/cyfitter_cfg.c **** 
 283:Generated_Source\PSoC4/cyfitter_cfg.c **** 		uint8 CYDATA i;
 284:Generated_Source\PSoC4/cyfitter_cfg.c **** 
 285:Generated_Source\PSoC4/cyfitter_cfg.c **** 		/* Zero out critical memory blocks before beginning configuration */
 286:Generated_Source\PSoC4/cyfitter_cfg.c **** 		for (i = 0u; i < (sizeof(cfg_memset_list)/sizeof(cfg_memset_list[0])); i++)
 320              		.loc 1 286 0
 321 00ca FB1D     		adds	r3, r7, #7
 322 00cc 0022     		movs	r2, #0
 323 00ce 1A70     		strb	r2, [r3]
 324 00d0 22E0     		b	.L11
 325              	.L12:
 326              	.LBB3:
 287:Generated_Source\PSoC4/cyfitter_cfg.c **** 		{
 288:Generated_Source\PSoC4/cyfitter_cfg.c **** 			const cfg_memset_t CYCODE * CYDATA ms = &cfg_memset_list[i];
 327              		.loc 1 288 0 discriminator 3
 328 00d2 FB1D     		adds	r3, r7, #7
 329 00d4 1A78     		ldrb	r2, [r3]
 330 00d6 1300     		movs	r3, r2
 331 00d8 5B00     		lsls	r3, r3, #1
 332 00da 9B18     		adds	r3, r3, r2
 333 00dc 5B00     		lsls	r3, r3, #1
 334 00de 2A4A     		ldr	r2, .L13+4
 335 00e0 9B18     		adds	r3, r3, r2
 336 00e2 3B60     		str	r3, [r7]
 289:Generated_Source\PSoC4/cyfitter_cfg.c **** 			CYMEMZERO(ms->address, (size_t)(uint32)(ms->size));
 337              		.loc 1 289 0 discriminator 3
 338 00e4 3B68     		ldr	r3, [r7]
ARM GAS  C:\Users\Intern\AppData\Local\Temp\ccJ6fNgF.s 			page 12


 339 00e6 1A78     		ldrb	r2, [r3]
 340 00e8 5978     		ldrb	r1, [r3, #1]
 341 00ea 0902     		lsls	r1, r1, #8
 342 00ec 0A43     		orrs	r2, r1
 343 00ee 9978     		ldrb	r1, [r3, #2]
 344 00f0 0904     		lsls	r1, r1, #16
 345 00f2 0A43     		orrs	r2, r1
 346 00f4 DB78     		ldrb	r3, [r3, #3]
 347 00f6 1B06     		lsls	r3, r3, #24
 348 00f8 1343     		orrs	r3, r2
 349 00fa 1800     		movs	r0, r3
 350 00fc 3B68     		ldr	r3, [r7]
 351 00fe 1A79     		ldrb	r2, [r3, #4]
 352 0100 5B79     		ldrb	r3, [r3, #5]
 353 0102 1B02     		lsls	r3, r3, #8
 354 0104 1343     		orrs	r3, r2
 355 0106 9BB2     		uxth	r3, r3
 356 0108 1900     		movs	r1, r3
 357 010a FFF7FEFF 		bl	CYMEMZERO
 358              	.LBE3:
 286:Generated_Source\PSoC4/cyfitter_cfg.c **** 		{
 359              		.loc 1 286 0 discriminator 3
 360 010e FB1D     		adds	r3, r7, #7
 361 0110 1A78     		ldrb	r2, [r3]
 362 0112 FB1D     		adds	r3, r7, #7
 363 0114 0132     		adds	r2, r2, #1
 364 0116 1A70     		strb	r2, [r3]
 365              	.L11:
 286:Generated_Source\PSoC4/cyfitter_cfg.c **** 		{
 366              		.loc 1 286 0 is_stmt 0 discriminator 1
 367 0118 FB1D     		adds	r3, r7, #7
 368 011a 1B78     		ldrb	r3, [r3]
 369 011c 012B     		cmp	r3, #1
 370 011e D8D9     		bls	.L12
 290:Generated_Source\PSoC4/cyfitter_cfg.c **** 		}
 291:Generated_Source\PSoC4/cyfitter_cfg.c **** 
 292:Generated_Source\PSoC4/cyfitter_cfg.c **** 		/* HSIOM Starting address: CYDEV_HSIOM_BASE */
 293:Generated_Source\PSoC4/cyfitter_cfg.c **** 		CY_SET_REG32((void *)(CYDEV_HSIOM_BASE), 0xEE000000u);
 371              		.loc 1 293 0 is_stmt 1
 372 0120 1A4B     		ldr	r3, .L13+8
 373 0122 EE22     		movs	r2, #238
 374 0124 1206     		lsls	r2, r2, #24
 375 0126 1A60     		str	r2, [r3]
 294:Generated_Source\PSoC4/cyfitter_cfg.c **** 
 295:Generated_Source\PSoC4/cyfitter_cfg.c **** 		/* UDB_PA_0 Starting address: CYDEV_UDB_PA0_BASE */
 296:Generated_Source\PSoC4/cyfitter_cfg.c **** 		CY_SET_REG32((void *)(CYDEV_UDB_PA0_BASE), 0x00990000u);
 376              		.loc 1 296 0
 377 0128 194B     		ldr	r3, .L13+12
 378 012a 9922     		movs	r2, #153
 379 012c 1204     		lsls	r2, r2, #16
 380 012e 1A60     		str	r2, [r3]
 297:Generated_Source\PSoC4/cyfitter_cfg.c **** 
 298:Generated_Source\PSoC4/cyfitter_cfg.c **** 		/* UDB_PA_2 Starting address: CYDEV_UDB_PA2_BASE */
 299:Generated_Source\PSoC4/cyfitter_cfg.c **** 		CY_SET_REG32((void *)(CYDEV_UDB_PA2_BASE), 0x00990000u);
 381              		.loc 1 299 0
 382 0130 184B     		ldr	r3, .L13+16
 383 0132 9922     		movs	r2, #153
ARM GAS  C:\Users\Intern\AppData\Local\Temp\ccJ6fNgF.s 			page 13


 384 0134 1204     		lsls	r2, r2, #16
 385 0136 1A60     		str	r2, [r3]
 300:Generated_Source\PSoC4/cyfitter_cfg.c **** 
 301:Generated_Source\PSoC4/cyfitter_cfg.c **** 		/* UDB_PA_3 Starting address: CYDEV_UDB_PA3_BASE */
 302:Generated_Source\PSoC4/cyfitter_cfg.c **** 		CY_SET_REG32((void *)(CYDEV_UDB_PA3_BASE), 0x00990000u);
 386              		.loc 1 302 0
 387 0138 174B     		ldr	r3, .L13+20
 388 013a 9922     		movs	r2, #153
 389 013c 1204     		lsls	r2, r2, #16
 390 013e 1A60     		str	r2, [r3]
 303:Generated_Source\PSoC4/cyfitter_cfg.c **** 
 304:Generated_Source\PSoC4/cyfitter_cfg.c **** 		/* Enable digital routing */
 305:Generated_Source\PSoC4/cyfitter_cfg.c **** 		CY_SET_XTND_REG8((void *)CYREG_UDB_UDBIF_BANK_CTL, (uint8)(CY_GET_XTND_REG8((void *)CYREG_UDB_UDB
 391              		.loc 1 305 0
 392 0140 164A     		ldr	r2, .L13+24
 393 0142 164B     		ldr	r3, .L13+24
 394 0144 1B78     		ldrb	r3, [r3]
 395 0146 DBB2     		uxtb	r3, r3
 396 0148 0621     		movs	r1, #6
 397 014a 0B43     		orrs	r3, r1
 398 014c DBB2     		uxtb	r3, r3
 399 014e 1370     		strb	r3, [r2]
 400              	.LBE2:
 306:Generated_Source\PSoC4/cyfitter_cfg.c **** 	}
 307:Generated_Source\PSoC4/cyfitter_cfg.c **** 
 308:Generated_Source\PSoC4/cyfitter_cfg.c **** 	/* Perform second pass device configuration. These items must be configured in specific order afte
 309:Generated_Source\PSoC4/cyfitter_cfg.c **** 	/* IOPINS0_0 Starting address: CYDEV_GPIO_PRT0_BASE */
 310:Generated_Source\PSoC4/cyfitter_cfg.c **** 	CY_SET_REG32((void *)(CYREG_GPIO_PRT0_PC), 0x00D80000u);
 401              		.loc 1 310 0
 402 0150 134B     		ldr	r3, .L13+28
 403 0152 D822     		movs	r2, #216
 404 0154 1204     		lsls	r2, r2, #16
 405 0156 1A60     		str	r2, [r3]
 311:Generated_Source\PSoC4/cyfitter_cfg.c **** 
 312:Generated_Source\PSoC4/cyfitter_cfg.c **** 	/* IOPINS0_2 Starting address: CYDEV_GPIO_PRT2_BASE */
 313:Generated_Source\PSoC4/cyfitter_cfg.c **** 	CY_SET_REG32((void *)(CYDEV_GPIO_PRT2_BASE), 0x00000040u);
 406              		.loc 1 313 0
 407 0158 124B     		ldr	r3, .L13+32
 408 015a 4022     		movs	r2, #64
 409 015c 1A60     		str	r2, [r3]
 314:Generated_Source\PSoC4/cyfitter_cfg.c **** 	CY_SET_REG32((void *)(CYREG_GPIO_PRT2_PC), 0x00180000u);
 410              		.loc 1 314 0
 411 015e 124B     		ldr	r3, .L13+36
 412 0160 C022     		movs	r2, #192
 413 0162 5203     		lsls	r2, r2, #13
 414 0164 1A60     		str	r2, [r3]
 315:Generated_Source\PSoC4/cyfitter_cfg.c **** 
 316:Generated_Source\PSoC4/cyfitter_cfg.c **** 	/* IOPINS0_3 Starting address: CYDEV_GPIO_PRT3_BASE */
 317:Generated_Source\PSoC4/cyfitter_cfg.c **** 	CY_SET_REG32((void *)(CYDEV_GPIO_PRT3_BASE), 0x00000040u);
 415              		.loc 1 317 0
 416 0166 114B     		ldr	r3, .L13+40
 417 0168 4022     		movs	r2, #64
 418 016a 1A60     		str	r2, [r3]
 318:Generated_Source\PSoC4/cyfitter_cfg.c **** 	CY_SET_REG32((void *)(CYREG_GPIO_PRT3_PC), 0x00D80000u);
 419              		.loc 1 318 0
 420 016c 104B     		ldr	r3, .L13+44
 421 016e D822     		movs	r2, #216
ARM GAS  C:\Users\Intern\AppData\Local\Temp\ccJ6fNgF.s 			page 14


 422 0170 1204     		lsls	r2, r2, #16
 423 0172 1A60     		str	r2, [r3]
 319:Generated_Source\PSoC4/cyfitter_cfg.c **** 
 320:Generated_Source\PSoC4/cyfitter_cfg.c **** 
 321:Generated_Source\PSoC4/cyfitter_cfg.c **** 	/* Setup clocks based on selections from Clock DWR */
 322:Generated_Source\PSoC4/cyfitter_cfg.c **** 	ClockSetup();
 424              		.loc 1 322 0
 425 0174 FFF744FF 		bl	ClockSetup
 323:Generated_Source\PSoC4/cyfitter_cfg.c **** 
 324:Generated_Source\PSoC4/cyfitter_cfg.c **** 	/* Perform basic analog initialization to defaults */
 325:Generated_Source\PSoC4/cyfitter_cfg.c **** 	AnalogSetDefault();
 426              		.loc 1 325 0
 427 0178 FFF7FEFF 		bl	AnalogSetDefault
 326:Generated_Source\PSoC4/cyfitter_cfg.c **** 
 327:Generated_Source\PSoC4/cyfitter_cfg.c **** }
 428              		.loc 1 327 0
 429 017c C046     		nop
 430 017e BD46     		mov	sp, r7
 431 0180 02B0     		add	sp, sp, #8
 432              		@ sp needed
 433 0182 80BD     		pop	{r7, pc}
 434              	.L14:
 435              		.align	2
 436              	.L13:
 437 0184 6CF02E40 		.word	1076818028
 438 0188 00000000 		.word	cfg_memset_list.4884
 439 018c 00000240 		.word	1073872896
 440 0190 00500F40 		.word	1074745344
 441 0194 20500F40 		.word	1074745376
 442 0198 30500F40 		.word	1074745392
 443 019c 00700F40 		.word	1074753536
 444 01a0 08000440 		.word	1074003976
 445 01a4 00020440 		.word	1074004480
 446 01a8 08020440 		.word	1074004488
 447 01ac 00030440 		.word	1074004736
 448 01b0 08030440 		.word	1074004744
 449              		.cfi_endproc
 450              	.LFE7:
 451              		.size	cyfitter_cfg, .-cyfitter_cfg
 452              		.section	.rodata
 453              		.align	2
 454              		.type	cfg_memset_list.4884, %object
 455              		.size	cfg_memset_list.4884, 12
 456              	cfg_memset_list.4884:
 457 0000 00300F40 		.word	1074737152
 458 0004 0004     		.short	1024
 459 0006 00400F40 		.4byte	1074741248
 460 000a 0004     		.short	1024
 461              		.text
 462              	.Letext0:
 463              		.file 2 "c:\\program files (x86)\\cypress\\psoc creator\\4.1\\psoc creator\\import\\gnu\\arm\\5.4.
 464              		.file 3 "Generated_Source\\PSoC4\\cytypes.h"
 465              		.section	.debug_info,"",%progbits
 466              	.Ldebug_info0:
 467 0000 55020000 		.4byte	0x255
 468 0004 0400     		.2byte	0x4
 469 0006 00000000 		.4byte	.Ldebug_abbrev0
ARM GAS  C:\Users\Intern\AppData\Local\Temp\ccJ6fNgF.s 			page 15


 470 000a 04       		.byte	0x4
 471 000b 01       		.uleb128 0x1
 472 000c D2000000 		.4byte	.LASF30
 473 0010 0C       		.byte	0xc
 474 0011 10020000 		.4byte	.LASF31
 475 0015 5C000000 		.4byte	.LASF32
 476 0019 00000000 		.4byte	.Ldebug_ranges0+0
 477 001d 00000000 		.4byte	0
 478 0021 00000000 		.4byte	.Ldebug_line0
 479 0025 02       		.uleb128 0x2
 480 0026 04       		.byte	0x4
 481 0027 05       		.byte	0x5
 482 0028 696E7400 		.ascii	"int\000"
 483 002c 03       		.uleb128 0x3
 484 002d 06000000 		.4byte	.LASF12
 485 0031 02       		.byte	0x2
 486 0032 D8       		.byte	0xd8
 487 0033 37000000 		.4byte	0x37
 488 0037 04       		.uleb128 0x4
 489 0038 04       		.byte	0x4
 490 0039 07       		.byte	0x7
 491 003a 90010000 		.4byte	.LASF0
 492 003e 04       		.uleb128 0x4
 493 003f 08       		.byte	0x8
 494 0040 05       		.byte	0x5
 495 0041 D2010000 		.4byte	.LASF1
 496 0045 04       		.uleb128 0x4
 497 0046 08       		.byte	0x8
 498 0047 04       		.byte	0x4
 499 0048 F8010000 		.4byte	.LASF2
 500 004c 04       		.uleb128 0x4
 501 004d 01       		.byte	0x1
 502 004e 06       		.byte	0x6
 503 004f 04020000 		.4byte	.LASF3
 504 0053 04       		.uleb128 0x4
 505 0054 01       		.byte	0x1
 506 0055 08       		.byte	0x8
 507 0056 60010000 		.4byte	.LASF4
 508 005a 04       		.uleb128 0x4
 509 005b 02       		.byte	0x2
 510 005c 05       		.byte	0x5
 511 005d E5010000 		.4byte	.LASF5
 512 0061 04       		.uleb128 0x4
 513 0062 02       		.byte	0x2
 514 0063 07       		.byte	0x7
 515 0064 39000000 		.4byte	.LASF6
 516 0068 04       		.uleb128 0x4
 517 0069 04       		.byte	0x4
 518 006a 05       		.byte	0x5
 519 006b EF010000 		.4byte	.LASF7
 520 006f 04       		.uleb128 0x4
 521 0070 04       		.byte	0x4
 522 0071 07       		.byte	0x7
 523 0072 B0000000 		.4byte	.LASF8
 524 0076 04       		.uleb128 0x4
 525 0077 08       		.byte	0x8
 526 0078 07       		.byte	0x7
ARM GAS  C:\Users\Intern\AppData\Local\Temp\ccJ6fNgF.s 			page 16


 527 0079 A5010000 		.4byte	.LASF9
 528 007d 04       		.uleb128 0x4
 529 007e 04       		.byte	0x4
 530 007f 07       		.byte	0x7
 531 0080 C9010000 		.4byte	.LASF10
 532 0084 05       		.uleb128 0x5
 533 0085 04       		.byte	0x4
 534 0086 04       		.uleb128 0x4
 535 0087 01       		.byte	0x1
 536 0088 08       		.byte	0x8
 537 0089 E0010000 		.4byte	.LASF11
 538 008d 06       		.uleb128 0x6
 539 008e C2000000 		.4byte	.LASF13
 540 0092 03       		.byte	0x3
 541 0093 D201     		.2byte	0x1d2
 542 0095 53000000 		.4byte	0x53
 543 0099 06       		.uleb128 0x6
 544 009a 82010000 		.4byte	.LASF14
 545 009e 03       		.byte	0x3
 546 009f D301     		.2byte	0x1d3
 547 00a1 61000000 		.4byte	0x61
 548 00a5 06       		.uleb128 0x6
 549 00a6 89010000 		.4byte	.LASF15
 550 00aa 03       		.byte	0x3
 551 00ab D401     		.2byte	0x1d4
 552 00ad 6F000000 		.4byte	0x6f
 553 00b1 04       		.uleb128 0x4
 554 00b2 04       		.byte	0x4
 555 00b3 04       		.byte	0x4
 556 00b4 4C000000 		.4byte	.LASF16
 557 00b8 04       		.uleb128 0x4
 558 00b9 08       		.byte	0x8
 559 00ba 04       		.byte	0x4
 560 00bb 6E010000 		.4byte	.LASF17
 561 00bf 06       		.uleb128 0x6
 562 00c0 AB000000 		.4byte	.LASF18
 563 00c4 03       		.byte	0x3
 564 00c5 7C02     		.2byte	0x27c
 565 00c7 CB000000 		.4byte	0xcb
 566 00cb 07       		.uleb128 0x7
 567 00cc 8D000000 		.4byte	0x8d
 568 00d0 06       		.uleb128 0x6
 569 00d1 00000000 		.4byte	.LASF19
 570 00d5 03       		.byte	0x3
 571 00d6 7E02     		.2byte	0x27e
 572 00d8 DC000000 		.4byte	0xdc
 573 00dc 07       		.uleb128 0x7
 574 00dd A5000000 		.4byte	0xa5
 575 00e1 08       		.uleb128 0x8
 576 00e2 C8000000 		.4byte	.LASF20
 577 00e6 01       		.byte	0x1
 578 00e7 4B       		.byte	0x4b
 579 00e8 00000000 		.4byte	.LFB2
 580 00ec 1E000000 		.4byte	.LFE2-.LFB2
 581 00f0 01       		.uleb128 0x1
 582 00f1 9C       		.byte	0x9c
 583 00f2 0F010000 		.4byte	0x10f
ARM GAS  C:\Users\Intern\AppData\Local\Temp\ccJ6fNgF.s 			page 17


 584 00f6 09       		.uleb128 0x9
 585 00f7 7300     		.ascii	"s\000"
 586 00f9 01       		.byte	0x1
 587 00fa 4B       		.byte	0x4b
 588 00fb 84000000 		.4byte	0x84
 589 00ff 02       		.uleb128 0x2
 590 0100 91       		.byte	0x91
 591 0101 74       		.sleb128 -12
 592 0102 09       		.uleb128 0x9
 593 0103 6E00     		.ascii	"n\000"
 594 0105 01       		.byte	0x1
 595 0106 4B       		.byte	0x4b
 596 0107 2C000000 		.4byte	0x2c
 597 010b 02       		.uleb128 0x2
 598 010c 91       		.byte	0x91
 599 010d 70       		.sleb128 -16
 600 010e 00       		.byte	0
 601 010f 08       		.uleb128 0x8
 602 0110 46020000 		.4byte	.LASF21
 603 0114 01       		.byte	0x1
 604 0115 52       		.byte	0x52
 605 0116 00000000 		.4byte	.LFB3
 606 011a 20000000 		.4byte	.LFE3-.LFB3
 607 011e 01       		.uleb128 0x1
 608 011f 9C       		.byte	0x9c
 609 0120 4D010000 		.4byte	0x14d
 610 0124 0A       		.uleb128 0xa
 611 0125 52000000 		.4byte	.LASF22
 612 0129 01       		.byte	0x1
 613 012a 52       		.byte	0x52
 614 012b 84000000 		.4byte	0x84
 615 012f 02       		.uleb128 0x2
 616 0130 91       		.byte	0x91
 617 0131 74       		.sleb128 -12
 618 0132 09       		.uleb128 0x9
 619 0133 73726300 		.ascii	"src\000"
 620 0137 01       		.byte	0x1
 621 0138 52       		.byte	0x52
 622 0139 4D010000 		.4byte	0x14d
 623 013d 02       		.uleb128 0x2
 624 013e 91       		.byte	0x91
 625 013f 70       		.sleb128 -16
 626 0140 09       		.uleb128 0x9
 627 0141 6E00     		.ascii	"n\000"
 628 0143 01       		.byte	0x1
 629 0144 52       		.byte	0x52
 630 0145 2C000000 		.4byte	0x2c
 631 0149 02       		.uleb128 0x2
 632 014a 91       		.byte	0x91
 633 014b 6C       		.sleb128 -20
 634 014c 00       		.byte	0
 635 014d 0B       		.uleb128 0xb
 636 014e 04       		.byte	0x4
 637 014f 53010000 		.4byte	0x153
 638 0153 0C       		.uleb128 0xc
 639 0154 08       		.uleb128 0x8
 640 0155 36020000 		.4byte	.LASF23
ARM GAS  C:\Users\Intern\AppData\Local\Temp\ccJ6fNgF.s 			page 18


 641 0159 01       		.byte	0x1
 642 015a 59       		.byte	0x59
 643 015b 00000000 		.4byte	.LFB4
 644 015f 20000000 		.4byte	.LFE4-.LFB4
 645 0163 01       		.uleb128 0x1
 646 0164 9C       		.byte	0x9c
 647 0165 92010000 		.4byte	0x192
 648 0169 0A       		.uleb128 0xa
 649 016a 52000000 		.4byte	.LASF22
 650 016e 01       		.byte	0x1
 651 016f 59       		.byte	0x59
 652 0170 84000000 		.4byte	0x84
 653 0174 02       		.uleb128 0x2
 654 0175 91       		.byte	0x91
 655 0176 74       		.sleb128 -12
 656 0177 09       		.uleb128 0x9
 657 0178 73726300 		.ascii	"src\000"
 658 017c 01       		.byte	0x1
 659 017d 59       		.byte	0x59
 660 017e 4D010000 		.4byte	0x14d
 661 0182 02       		.uleb128 0x2
 662 0183 91       		.byte	0x91
 663 0184 70       		.sleb128 -16
 664 0185 09       		.uleb128 0x9
 665 0186 6E00     		.ascii	"n\000"
 666 0188 01       		.byte	0x1
 667 0189 59       		.byte	0x59
 668 018a 2C000000 		.4byte	0x2c
 669 018e 02       		.uleb128 0x2
 670 018f 91       		.byte	0x91
 671 0190 6C       		.sleb128 -20
 672 0191 00       		.byte	0
 673 0192 0D       		.uleb128 0xd
 674 0193 2E000000 		.4byte	.LASF24
 675 0197 01       		.byte	0x1
 676 0198 AC       		.byte	0xac
 677 0199 00000000 		.4byte	.LFB5
 678 019d BC000000 		.4byte	.LFE5-.LFB5
 679 01a1 01       		.uleb128 0x1
 680 01a2 9C       		.byte	0x9c
 681 01a3 0E       		.uleb128 0xe
 682 01a4 0D000000 		.4byte	.LASF25
 683 01a8 01       		.byte	0x1
 684 01a9 EC       		.byte	0xec
 685 01aa 00000000 		.4byte	.LFB6
 686 01ae 28000000 		.4byte	.LFE6-.LFB6
 687 01b2 01       		.uleb128 0x1
 688 01b3 9C       		.byte	0x9c
 689 01b4 0F       		.uleb128 0xf
 690 01b5 75010000 		.4byte	.LASF33
 691 01b9 01       		.byte	0x1
 692 01ba 0701     		.2byte	0x107
 693 01bc BC000000 		.4byte	.LFB7
 694 01c0 F8000000 		.4byte	.LFE7-.LFB7
 695 01c4 01       		.uleb128 0x1
 696 01c5 9C       		.byte	0x9c
 697 01c6 10       		.uleb128 0x10
ARM GAS  C:\Users\Intern\AppData\Local\Temp\ccJ6fNgF.s 			page 19


 698 01c7 CA000000 		.4byte	.LBB2
 699 01cb 86000000 		.4byte	.LBE2-.LBB2
 700 01cf 11       		.uleb128 0x11
 701 01d0 06       		.byte	0x6
 702 01d1 01       		.byte	0x1
 703 01d2 1001     		.2byte	0x110
 704 01d4 F3010000 		.4byte	0x1f3
 705 01d8 12       		.uleb128 0x12
 706 01d9 9D010000 		.4byte	.LASF26
 707 01dd 01       		.byte	0x1
 708 01de 1101     		.2byte	0x111
 709 01e0 84000000 		.4byte	0x84
 710 01e4 00       		.byte	0
 711 01e5 12       		.uleb128 0x12
 712 01e6 57000000 		.4byte	.LASF27
 713 01ea 01       		.byte	0x1
 714 01eb 1201     		.2byte	0x112
 715 01ed 99000000 		.4byte	0x99
 716 01f1 04       		.byte	0x4
 717 01f2 00       		.byte	0
 718 01f3 06       		.uleb128 0x6
 719 01f4 BC010000 		.4byte	.LASF28
 720 01f8 01       		.byte	0x1
 721 01f9 1301     		.2byte	0x113
 722 01fb CF010000 		.4byte	0x1cf
 723 01ff 13       		.uleb128 0x13
 724 0200 0F020000 		.4byte	0x20f
 725 0204 0F020000 		.4byte	0x20f
 726 0208 14       		.uleb128 0x14
 727 0209 7D000000 		.4byte	0x7d
 728 020d 01       		.byte	0x1
 729 020e 00       		.byte	0
 730 020f 15       		.uleb128 0x15
 731 0210 F3010000 		.4byte	0x1f3
 732 0214 16       		.uleb128 0x16
 733 0215 1E000000 		.4byte	.LASF29
 734 0219 01       		.byte	0x1
 735 021a 1501     		.2byte	0x115
 736 021c 26020000 		.4byte	0x226
 737 0220 05       		.uleb128 0x5
 738 0221 03       		.byte	0x3
 739 0222 00000000 		.4byte	cfg_memset_list.4884
 740 0226 15       		.uleb128 0x15
 741 0227 FF010000 		.4byte	0x1ff
 742 022b 17       		.uleb128 0x17
 743 022c 6900     		.ascii	"i\000"
 744 022e 01       		.byte	0x1
 745 022f 1B01     		.2byte	0x11b
 746 0231 8D000000 		.4byte	0x8d
 747 0235 02       		.uleb128 0x2
 748 0236 91       		.byte	0x91
 749 0237 77       		.sleb128 -9
 750 0238 10       		.uleb128 0x10
 751 0239 D2000000 		.4byte	.LBB3
 752 023d 3C000000 		.4byte	.LBE3-.LBB3
 753 0241 17       		.uleb128 0x17
 754 0242 6D7300   		.ascii	"ms\000"
ARM GAS  C:\Users\Intern\AppData\Local\Temp\ccJ6fNgF.s 			page 20


 755 0245 01       		.byte	0x1
 756 0246 2001     		.2byte	0x120
 757 0248 4F020000 		.4byte	0x24f
 758 024c 02       		.uleb128 0x2
 759 024d 91       		.byte	0x91
 760 024e 70       		.sleb128 -16
 761 024f 0B       		.uleb128 0xb
 762 0250 04       		.byte	0x4
 763 0251 0F020000 		.4byte	0x20f
 764 0255 00       		.byte	0
 765 0256 00       		.byte	0
 766 0257 00       		.byte	0
 767 0258 00       		.byte	0
 768              		.section	.debug_abbrev,"",%progbits
 769              	.Ldebug_abbrev0:
 770 0000 01       		.uleb128 0x1
 771 0001 11       		.uleb128 0x11
 772 0002 01       		.byte	0x1
 773 0003 25       		.uleb128 0x25
 774 0004 0E       		.uleb128 0xe
 775 0005 13       		.uleb128 0x13
 776 0006 0B       		.uleb128 0xb
 777 0007 03       		.uleb128 0x3
 778 0008 0E       		.uleb128 0xe
 779 0009 1B       		.uleb128 0x1b
 780 000a 0E       		.uleb128 0xe
 781 000b 55       		.uleb128 0x55
 782 000c 17       		.uleb128 0x17
 783 000d 11       		.uleb128 0x11
 784 000e 01       		.uleb128 0x1
 785 000f 10       		.uleb128 0x10
 786 0010 17       		.uleb128 0x17
 787 0011 00       		.byte	0
 788 0012 00       		.byte	0
 789 0013 02       		.uleb128 0x2
 790 0014 24       		.uleb128 0x24
 791 0015 00       		.byte	0
 792 0016 0B       		.uleb128 0xb
 793 0017 0B       		.uleb128 0xb
 794 0018 3E       		.uleb128 0x3e
 795 0019 0B       		.uleb128 0xb
 796 001a 03       		.uleb128 0x3
 797 001b 08       		.uleb128 0x8
 798 001c 00       		.byte	0
 799 001d 00       		.byte	0
 800 001e 03       		.uleb128 0x3
 801 001f 16       		.uleb128 0x16
 802 0020 00       		.byte	0
 803 0021 03       		.uleb128 0x3
 804 0022 0E       		.uleb128 0xe
 805 0023 3A       		.uleb128 0x3a
 806 0024 0B       		.uleb128 0xb
 807 0025 3B       		.uleb128 0x3b
 808 0026 0B       		.uleb128 0xb
 809 0027 49       		.uleb128 0x49
 810 0028 13       		.uleb128 0x13
 811 0029 00       		.byte	0
ARM GAS  C:\Users\Intern\AppData\Local\Temp\ccJ6fNgF.s 			page 21


 812 002a 00       		.byte	0
 813 002b 04       		.uleb128 0x4
 814 002c 24       		.uleb128 0x24
 815 002d 00       		.byte	0
 816 002e 0B       		.uleb128 0xb
 817 002f 0B       		.uleb128 0xb
 818 0030 3E       		.uleb128 0x3e
 819 0031 0B       		.uleb128 0xb
 820 0032 03       		.uleb128 0x3
 821 0033 0E       		.uleb128 0xe
 822 0034 00       		.byte	0
 823 0035 00       		.byte	0
 824 0036 05       		.uleb128 0x5
 825 0037 0F       		.uleb128 0xf
 826 0038 00       		.byte	0
 827 0039 0B       		.uleb128 0xb
 828 003a 0B       		.uleb128 0xb
 829 003b 00       		.byte	0
 830 003c 00       		.byte	0
 831 003d 06       		.uleb128 0x6
 832 003e 16       		.uleb128 0x16
 833 003f 00       		.byte	0
 834 0040 03       		.uleb128 0x3
 835 0041 0E       		.uleb128 0xe
 836 0042 3A       		.uleb128 0x3a
 837 0043 0B       		.uleb128 0xb
 838 0044 3B       		.uleb128 0x3b
 839 0045 05       		.uleb128 0x5
 840 0046 49       		.uleb128 0x49
 841 0047 13       		.uleb128 0x13
 842 0048 00       		.byte	0
 843 0049 00       		.byte	0
 844 004a 07       		.uleb128 0x7
 845 004b 35       		.uleb128 0x35
 846 004c 00       		.byte	0
 847 004d 49       		.uleb128 0x49
 848 004e 13       		.uleb128 0x13
 849 004f 00       		.byte	0
 850 0050 00       		.byte	0
 851 0051 08       		.uleb128 0x8
 852 0052 2E       		.uleb128 0x2e
 853 0053 01       		.byte	0x1
 854 0054 03       		.uleb128 0x3
 855 0055 0E       		.uleb128 0xe
 856 0056 3A       		.uleb128 0x3a
 857 0057 0B       		.uleb128 0xb
 858 0058 3B       		.uleb128 0x3b
 859 0059 0B       		.uleb128 0xb
 860 005a 27       		.uleb128 0x27
 861 005b 19       		.uleb128 0x19
 862 005c 11       		.uleb128 0x11
 863 005d 01       		.uleb128 0x1
 864 005e 12       		.uleb128 0x12
 865 005f 06       		.uleb128 0x6
 866 0060 40       		.uleb128 0x40
 867 0061 18       		.uleb128 0x18
 868 0062 9642     		.uleb128 0x2116
ARM GAS  C:\Users\Intern\AppData\Local\Temp\ccJ6fNgF.s 			page 22


 869 0064 19       		.uleb128 0x19
 870 0065 01       		.uleb128 0x1
 871 0066 13       		.uleb128 0x13
 872 0067 00       		.byte	0
 873 0068 00       		.byte	0
 874 0069 09       		.uleb128 0x9
 875 006a 05       		.uleb128 0x5
 876 006b 00       		.byte	0
 877 006c 03       		.uleb128 0x3
 878 006d 08       		.uleb128 0x8
 879 006e 3A       		.uleb128 0x3a
 880 006f 0B       		.uleb128 0xb
 881 0070 3B       		.uleb128 0x3b
 882 0071 0B       		.uleb128 0xb
 883 0072 49       		.uleb128 0x49
 884 0073 13       		.uleb128 0x13
 885 0074 02       		.uleb128 0x2
 886 0075 18       		.uleb128 0x18
 887 0076 00       		.byte	0
 888 0077 00       		.byte	0
 889 0078 0A       		.uleb128 0xa
 890 0079 05       		.uleb128 0x5
 891 007a 00       		.byte	0
 892 007b 03       		.uleb128 0x3
 893 007c 0E       		.uleb128 0xe
 894 007d 3A       		.uleb128 0x3a
 895 007e 0B       		.uleb128 0xb
 896 007f 3B       		.uleb128 0x3b
 897 0080 0B       		.uleb128 0xb
 898 0081 49       		.uleb128 0x49
 899 0082 13       		.uleb128 0x13
 900 0083 02       		.uleb128 0x2
 901 0084 18       		.uleb128 0x18
 902 0085 00       		.byte	0
 903 0086 00       		.byte	0
 904 0087 0B       		.uleb128 0xb
 905 0088 0F       		.uleb128 0xf
 906 0089 00       		.byte	0
 907 008a 0B       		.uleb128 0xb
 908 008b 0B       		.uleb128 0xb
 909 008c 49       		.uleb128 0x49
 910 008d 13       		.uleb128 0x13
 911 008e 00       		.byte	0
 912 008f 00       		.byte	0
 913 0090 0C       		.uleb128 0xc
 914 0091 26       		.uleb128 0x26
 915 0092 00       		.byte	0
 916 0093 00       		.byte	0
 917 0094 00       		.byte	0
 918 0095 0D       		.uleb128 0xd
 919 0096 2E       		.uleb128 0x2e
 920 0097 00       		.byte	0
 921 0098 03       		.uleb128 0x3
 922 0099 0E       		.uleb128 0xe
 923 009a 3A       		.uleb128 0x3a
 924 009b 0B       		.uleb128 0xb
 925 009c 3B       		.uleb128 0x3b
ARM GAS  C:\Users\Intern\AppData\Local\Temp\ccJ6fNgF.s 			page 23


 926 009d 0B       		.uleb128 0xb
 927 009e 27       		.uleb128 0x27
 928 009f 19       		.uleb128 0x19
 929 00a0 11       		.uleb128 0x11
 930 00a1 01       		.uleb128 0x1
 931 00a2 12       		.uleb128 0x12
 932 00a3 06       		.uleb128 0x6
 933 00a4 40       		.uleb128 0x40
 934 00a5 18       		.uleb128 0x18
 935 00a6 9642     		.uleb128 0x2116
 936 00a8 19       		.uleb128 0x19
 937 00a9 00       		.byte	0
 938 00aa 00       		.byte	0
 939 00ab 0E       		.uleb128 0xe
 940 00ac 2E       		.uleb128 0x2e
 941 00ad 00       		.byte	0
 942 00ae 03       		.uleb128 0x3
 943 00af 0E       		.uleb128 0xe
 944 00b0 3A       		.uleb128 0x3a
 945 00b1 0B       		.uleb128 0xb
 946 00b2 3B       		.uleb128 0x3b
 947 00b3 0B       		.uleb128 0xb
 948 00b4 27       		.uleb128 0x27
 949 00b5 19       		.uleb128 0x19
 950 00b6 11       		.uleb128 0x11
 951 00b7 01       		.uleb128 0x1
 952 00b8 12       		.uleb128 0x12
 953 00b9 06       		.uleb128 0x6
 954 00ba 40       		.uleb128 0x40
 955 00bb 18       		.uleb128 0x18
 956 00bc 9742     		.uleb128 0x2117
 957 00be 19       		.uleb128 0x19
 958 00bf 00       		.byte	0
 959 00c0 00       		.byte	0
 960 00c1 0F       		.uleb128 0xf
 961 00c2 2E       		.uleb128 0x2e
 962 00c3 01       		.byte	0x1
 963 00c4 3F       		.uleb128 0x3f
 964 00c5 19       		.uleb128 0x19
 965 00c6 03       		.uleb128 0x3
 966 00c7 0E       		.uleb128 0xe
 967 00c8 3A       		.uleb128 0x3a
 968 00c9 0B       		.uleb128 0xb
 969 00ca 3B       		.uleb128 0x3b
 970 00cb 05       		.uleb128 0x5
 971 00cc 27       		.uleb128 0x27
 972 00cd 19       		.uleb128 0x19
 973 00ce 11       		.uleb128 0x11
 974 00cf 01       		.uleb128 0x1
 975 00d0 12       		.uleb128 0x12
 976 00d1 06       		.uleb128 0x6
 977 00d2 40       		.uleb128 0x40
 978 00d3 18       		.uleb128 0x18
 979 00d4 9642     		.uleb128 0x2116
 980 00d6 19       		.uleb128 0x19
 981 00d7 00       		.byte	0
 982 00d8 00       		.byte	0
ARM GAS  C:\Users\Intern\AppData\Local\Temp\ccJ6fNgF.s 			page 24


 983 00d9 10       		.uleb128 0x10
 984 00da 0B       		.uleb128 0xb
 985 00db 01       		.byte	0x1
 986 00dc 11       		.uleb128 0x11
 987 00dd 01       		.uleb128 0x1
 988 00de 12       		.uleb128 0x12
 989 00df 06       		.uleb128 0x6
 990 00e0 00       		.byte	0
 991 00e1 00       		.byte	0
 992 00e2 11       		.uleb128 0x11
 993 00e3 13       		.uleb128 0x13
 994 00e4 01       		.byte	0x1
 995 00e5 0B       		.uleb128 0xb
 996 00e6 0B       		.uleb128 0xb
 997 00e7 3A       		.uleb128 0x3a
 998 00e8 0B       		.uleb128 0xb
 999 00e9 3B       		.uleb128 0x3b
 1000 00ea 05       		.uleb128 0x5
 1001 00eb 01       		.uleb128 0x1
 1002 00ec 13       		.uleb128 0x13
 1003 00ed 00       		.byte	0
 1004 00ee 00       		.byte	0
 1005 00ef 12       		.uleb128 0x12
 1006 00f0 0D       		.uleb128 0xd
 1007 00f1 00       		.byte	0
 1008 00f2 03       		.uleb128 0x3
 1009 00f3 0E       		.uleb128 0xe
 1010 00f4 3A       		.uleb128 0x3a
 1011 00f5 0B       		.uleb128 0xb
 1012 00f6 3B       		.uleb128 0x3b
 1013 00f7 05       		.uleb128 0x5
 1014 00f8 49       		.uleb128 0x49
 1015 00f9 13       		.uleb128 0x13
 1016 00fa 38       		.uleb128 0x38
 1017 00fb 0B       		.uleb128 0xb
 1018 00fc 00       		.byte	0
 1019 00fd 00       		.byte	0
 1020 00fe 13       		.uleb128 0x13
 1021 00ff 01       		.uleb128 0x1
 1022 0100 01       		.byte	0x1
 1023 0101 49       		.uleb128 0x49
 1024 0102 13       		.uleb128 0x13
 1025 0103 01       		.uleb128 0x1
 1026 0104 13       		.uleb128 0x13
 1027 0105 00       		.byte	0
 1028 0106 00       		.byte	0
 1029 0107 14       		.uleb128 0x14
 1030 0108 21       		.uleb128 0x21
 1031 0109 00       		.byte	0
 1032 010a 49       		.uleb128 0x49
 1033 010b 13       		.uleb128 0x13
 1034 010c 2F       		.uleb128 0x2f
 1035 010d 0B       		.uleb128 0xb
 1036 010e 00       		.byte	0
 1037 010f 00       		.byte	0
 1038 0110 15       		.uleb128 0x15
 1039 0111 26       		.uleb128 0x26
ARM GAS  C:\Users\Intern\AppData\Local\Temp\ccJ6fNgF.s 			page 25


 1040 0112 00       		.byte	0
 1041 0113 49       		.uleb128 0x49
 1042 0114 13       		.uleb128 0x13
 1043 0115 00       		.byte	0
 1044 0116 00       		.byte	0
 1045 0117 16       		.uleb128 0x16
 1046 0118 34       		.uleb128 0x34
 1047 0119 00       		.byte	0
 1048 011a 03       		.uleb128 0x3
 1049 011b 0E       		.uleb128 0xe
 1050 011c 3A       		.uleb128 0x3a
 1051 011d 0B       		.uleb128 0xb
 1052 011e 3B       		.uleb128 0x3b
 1053 011f 05       		.uleb128 0x5
 1054 0120 49       		.uleb128 0x49
 1055 0121 13       		.uleb128 0x13
 1056 0122 02       		.uleb128 0x2
 1057 0123 18       		.uleb128 0x18
 1058 0124 00       		.byte	0
 1059 0125 00       		.byte	0
 1060 0126 17       		.uleb128 0x17
 1061 0127 34       		.uleb128 0x34
 1062 0128 00       		.byte	0
 1063 0129 03       		.uleb128 0x3
 1064 012a 08       		.uleb128 0x8
 1065 012b 3A       		.uleb128 0x3a
 1066 012c 0B       		.uleb128 0xb
 1067 012d 3B       		.uleb128 0x3b
 1068 012e 05       		.uleb128 0x5
 1069 012f 49       		.uleb128 0x49
 1070 0130 13       		.uleb128 0x13
 1071 0131 02       		.uleb128 0x2
 1072 0132 18       		.uleb128 0x18
 1073 0133 00       		.byte	0
 1074 0134 00       		.byte	0
 1075 0135 00       		.byte	0
 1076              		.section	.debug_aranges,"",%progbits
 1077 0000 44000000 		.4byte	0x44
 1078 0004 0200     		.2byte	0x2
 1079 0006 00000000 		.4byte	.Ldebug_info0
 1080 000a 04       		.byte	0x4
 1081 000b 00       		.byte	0
 1082 000c 0000     		.2byte	0
 1083 000e 0000     		.2byte	0
 1084 0010 00000000 		.4byte	.LFB2
 1085 0014 1E000000 		.4byte	.LFE2-.LFB2
 1086 0018 00000000 		.4byte	.LFB3
 1087 001c 20000000 		.4byte	.LFE3-.LFB3
 1088 0020 00000000 		.4byte	.LFB4
 1089 0024 20000000 		.4byte	.LFE4-.LFB4
 1090 0028 00000000 		.4byte	.LFB5
 1091 002c BC000000 		.4byte	.LFE5-.LFB5
 1092 0030 00000000 		.4byte	.LFB6
 1093 0034 28000000 		.4byte	.LFE6-.LFB6
 1094 0038 BC000000 		.4byte	.LFB7
 1095 003c F8000000 		.4byte	.LFE7-.LFB7
 1096 0040 00000000 		.4byte	0
ARM GAS  C:\Users\Intern\AppData\Local\Temp\ccJ6fNgF.s 			page 26


 1097 0044 00000000 		.4byte	0
 1098              		.section	.debug_ranges,"",%progbits
 1099              	.Ldebug_ranges0:
 1100 0000 00000000 		.4byte	.LFB2
 1101 0004 1E000000 		.4byte	.LFE2
 1102 0008 00000000 		.4byte	.LFB3
 1103 000c 20000000 		.4byte	.LFE3
 1104 0010 00000000 		.4byte	.LFB4
 1105 0014 20000000 		.4byte	.LFE4
 1106 0018 00000000 		.4byte	.LFB5
 1107 001c BC000000 		.4byte	.LFE5
 1108 0020 00000000 		.4byte	.LFB6
 1109 0024 28000000 		.4byte	.LFE6
 1110 0028 BC000000 		.4byte	.LFB7
 1111 002c B4010000 		.4byte	.LFE7
 1112 0030 00000000 		.4byte	0
 1113 0034 00000000 		.4byte	0
 1114              		.section	.debug_line,"",%progbits
 1115              	.Ldebug_line0:
 1116 0000 6A010000 		.section	.debug_str,"MS",%progbits,1
 1116      0200CB00 
 1116      00000201 
 1116      FB0E0D00 
 1116      01010101 
 1117              	.LASF19:
 1118 0000 72656733 		.ascii	"reg32\000"
 1118      3200
 1119              	.LASF12:
 1120 0006 73697A65 		.ascii	"size_t\000"
 1120      5F7400
 1121              	.LASF25:
 1122 000d 416E616C 		.ascii	"AnalogSetDefault\000"
 1122      6F675365 
 1122      74446566 
 1122      61756C74 
 1122      00
 1123              	.LASF29:
 1124 001e 6366675F 		.ascii	"cfg_memset_list\000"
 1124      6D656D73 
 1124      65745F6C 
 1124      69737400 
 1125              	.LASF24:
 1126 002e 436C6F63 		.ascii	"ClockSetup\000"
 1126      6B536574 
 1126      757000
 1127              	.LASF6:
 1128 0039 73686F72 		.ascii	"short unsigned int\000"
 1128      7420756E 
 1128      7369676E 
 1128      65642069 
 1128      6E7400
 1129              	.LASF16:
 1130 004c 666C6F61 		.ascii	"float\000"
 1130      7400
 1131              	.LASF22:
 1132 0052 64657374 		.ascii	"dest\000"
 1132      00
ARM GAS  C:\Users\Intern\AppData\Local\Temp\ccJ6fNgF.s 			page 27


 1133              	.LASF27:
 1134 0057 73697A65 		.ascii	"size\000"
 1134      00
 1135              	.LASF32:
 1136 005c 433A5C55 		.ascii	"C:\\Users\\Intern\\Documents\\GitHub\\UV-Sticker\\P"
 1136      73657273 
 1136      5C496E74 
 1136      65726E5C 
 1136      446F6375 
 1137 0089 736F635C 		.ascii	"soc\\UV-Project\\BLE_FindMe01.cydsn\000"
 1137      55562D50 
 1137      726F6A65 
 1137      63745C42 
 1137      4C455F46 
 1138              	.LASF18:
 1139 00ab 72656738 		.ascii	"reg8\000"
 1139      00
 1140              	.LASF8:
 1141 00b0 6C6F6E67 		.ascii	"long unsigned int\000"
 1141      20756E73 
 1141      69676E65 
 1141      6420696E 
 1141      7400
 1142              	.LASF13:
 1143 00c2 75696E74 		.ascii	"uint8\000"
 1143      3800
 1144              	.LASF20:
 1145 00c8 43594D45 		.ascii	"CYMEMZERO\000"
 1145      4D5A4552 
 1145      4F00
 1146              	.LASF30:
 1147 00d2 474E5520 		.ascii	"GNU C11 5.4.1 20160609 (release) [ARM/embedded-5-br"
 1147      43313120 
 1147      352E342E 
 1147      31203230 
 1147      31363036 
 1148 0105 616E6368 		.ascii	"anch revision 237715] -mcpu=cortex-m0 -mthumb -g -O"
 1148      20726576 
 1148      6973696F 
 1148      6E203233 
 1148      37373135 
 1149 0138 30202D66 		.ascii	"0 -ffunction-sections -ffat-lto-objects\000"
 1149      66756E63 
 1149      74696F6E 
 1149      2D736563 
 1149      74696F6E 
 1150              	.LASF4:
 1151 0160 756E7369 		.ascii	"unsigned char\000"
 1151      676E6564 
 1151      20636861 
 1151      7200
 1152              	.LASF17:
 1153 016e 646F7562 		.ascii	"double\000"
 1153      6C6500
 1154              	.LASF33:
 1155 0175 63796669 		.ascii	"cyfitter_cfg\000"
 1155      74746572 
ARM GAS  C:\Users\Intern\AppData\Local\Temp\ccJ6fNgF.s 			page 28


 1155      5F636667 
 1155      00
 1156              	.LASF14:
 1157 0182 75696E74 		.ascii	"uint16\000"
 1157      313600
 1158              	.LASF15:
 1159 0189 75696E74 		.ascii	"uint32\000"
 1159      333200
 1160              	.LASF0:
 1161 0190 756E7369 		.ascii	"unsigned int\000"
 1161      676E6564 
 1161      20696E74 
 1161      00
 1162              	.LASF26:
 1163 019d 61646472 		.ascii	"address\000"
 1163      65737300 
 1164              	.LASF9:
 1165 01a5 6C6F6E67 		.ascii	"long long unsigned int\000"
 1165      206C6F6E 
 1165      6720756E 
 1165      7369676E 
 1165      65642069 
 1166              	.LASF28:
 1167 01bc 6366675F 		.ascii	"cfg_memset_t\000"
 1167      6D656D73 
 1167      65745F74 
 1167      00
 1168              	.LASF10:
 1169 01c9 73697A65 		.ascii	"sizetype\000"
 1169      74797065 
 1169      00
 1170              	.LASF1:
 1171 01d2 6C6F6E67 		.ascii	"long long int\000"
 1171      206C6F6E 
 1171      6720696E 
 1171      7400
 1172              	.LASF11:
 1173 01e0 63686172 		.ascii	"char\000"
 1173      00
 1174              	.LASF5:
 1175 01e5 73686F72 		.ascii	"short int\000"
 1175      7420696E 
 1175      7400
 1176              	.LASF7:
 1177 01ef 6C6F6E67 		.ascii	"long int\000"
 1177      20696E74 
 1177      00
 1178              	.LASF2:
 1179 01f8 6C6F6E67 		.ascii	"long double\000"
 1179      20646F75 
 1179      626C6500 
 1180              	.LASF3:
 1181 0204 7369676E 		.ascii	"signed char\000"
 1181      65642063 
 1181      68617200 
 1182              	.LASF31:
 1183 0210 47656E65 		.ascii	"Generated_Source\\PSoC4\\cyfitter_cfg.c\000"
ARM GAS  C:\Users\Intern\AppData\Local\Temp\ccJ6fNgF.s 			page 29


 1183      72617465 
 1183      645F536F 
 1183      75726365 
 1183      5C50536F 
 1184              	.LASF23:
 1185 0236 4359434F 		.ascii	"CYCONFIGCPYCODE\000"
 1185      4E464947 
 1185      43505943 
 1185      4F444500 
 1186              	.LASF21:
 1187 0246 4359434F 		.ascii	"CYCONFIGCPY\000"
 1187      4E464947 
 1187      43505900 
 1188              		.ident	"GCC: (GNU Tools for ARM Embedded Processors) 5.4.1 20160609 (release) [ARM/embedded-5-bran
